[Mon Mar 16 16:30:44 2026] Linux version 6.12.0-pkvm-ia (mrgeek@ubuntu-vm) (gcc (Ubuntu 13.3.0-6ubuntu2~24.04.1) 13.3.0, GNU ld (GNU Binutils for Ubuntu) 2.42) #35 SMP PREEMPT_DYNAMIC Mon Mar 16 16:19:26 UTC 2026
[Mon Mar 16 16:30:44 2026] Command line: BOOT_IMAGE=/vmlinuz-6.12.0-pkvm-ia root=UUID=0905329d-4022-4692-bb5d-b614c117dd8c ro console=tty1 console=ttyS0 kvm-intel.pkvm=1 intel_iommu=on,sm_off clearcpuid=amx_tile
[Mon Mar 16 16:30:44 2026] KERNEL supported cpus:
[Mon Mar 16 16:30:44 2026]   Intel GenuineIntel
[Mon Mar 16 16:30:44 2026]   AMD AuthenticAMD
[Mon Mar 16 16:30:44 2026]   Hygon HygonGenuine
[Mon Mar 16 16:30:44 2026]   Centaur CentaurHauls
[Mon Mar 16 16:30:44 2026]   zhaoxin   Shanghai  
[Mon Mar 16 16:30:44 2026] Clearing CPUID bits: amx_tile
[Mon Mar 16 16:30:44 2026] x86/split lock detection: #DB: warning on user-space bus_locks
[Mon Mar 16 16:30:44 2026] BIOS-provided physical RAM map:
[Mon Mar 16 16:30:44 2026] BIOS-e820: [mem 0x0000000000000000-0x000000000009fbff] usable
[Mon Mar 16 16:30:44 2026] BIOS-e820: [mem 0x000000000009fc00-0x000000000009ffff] reserved
[Mon Mar 16 16:30:44 2026] BIOS-e820: [mem 0x00000000000f0000-0x00000000000fffff] reserved
[Mon Mar 16 16:30:44 2026] BIOS-e820: [mem 0x0000000000100000-0x000000007ffd3fff] usable
[Mon Mar 16 16:30:44 2026] BIOS-e820: [mem 0x000000007ffd4000-0x000000007fffffff] reserved
[Mon Mar 16 16:30:44 2026] BIOS-e820: [mem 0x00000000b0000000-0x00000000bfffffff] reserved
[Mon Mar 16 16:30:44 2026] BIOS-e820: [mem 0x00000000fed1c000-0x00000000fed1ffff] reserved
[Mon Mar 16 16:30:44 2026] BIOS-e820: [mem 0x00000000feffc000-0x00000000feffffff] reserved
[Mon Mar 16 16:30:44 2026] BIOS-e820: [mem 0x00000000fffc0000-0x00000000ffffffff] reserved
[Mon Mar 16 16:30:44 2026] BIOS-e820: [mem 0x0000000100000000-0x000000057fffffff] usable
[Mon Mar 16 16:30:44 2026] NX (Execute Disable) protection: active
[Mon Mar 16 16:30:44 2026] APIC: Static calls initialized
[Mon Mar 16 16:30:44 2026] SMBIOS 3.0.0 present.
[Mon Mar 16 16:30:44 2026] DMI: QEMU Standard PC (Q35 + ICH9, 2009), BIOS 1.16.3-debian-1.16.3-2 04/01/2014
[Mon Mar 16 16:30:44 2026] DMI: Memory slots populated: 2/2
[Mon Mar 16 16:30:44 2026] Hypervisor detected: KVM
[Mon Mar 16 16:30:44 2026] kvm-clock: Using msrs 4b564d01 and 4b564d00
[Mon Mar 16 16:30:44 2026] kvm-clock: using sched offset of 23829284332604 cycles
[Mon Mar 16 16:30:44 2026] clocksource: kvm-clock: mask: 0xffffffffffffffff max_cycles: 0x1cd42e4dffb, max_idle_ns: 881590591483 ns
[Mon Mar 16 16:30:44 2026] tsc: Detected 2800.000 MHz processor
[Mon Mar 16 16:30:44 2026] e820: update [mem 0x00000000-0x00000fff] usable ==> reserved
[Mon Mar 16 16:30:44 2026] e820: remove [mem 0x000a0000-0x000fffff] usable
[Mon Mar 16 16:30:44 2026] last_pfn = 0x580000 max_arch_pfn = 0x10000000000
[Mon Mar 16 16:30:44 2026] MTRR map: 4 entries (3 fixed + 1 variable; max 19), built from 8 variable MTRRs
[Mon Mar 16 16:30:44 2026] x86/PAT: Configuration [0-7]: WB  WC  UC- UC  WB  WP  UC- WT  
[Mon Mar 16 16:30:44 2026] last_pfn = 0x7ffd4 max_arch_pfn = 0x10000000000
[Mon Mar 16 16:30:44 2026] found SMP MP-table at [mem 0x000f5460-0x000f546f]
[Mon Mar 16 16:30:44 2026] Using GB pages for direct mapping
[Mon Mar 16 16:30:44 2026] RAMDISK: [mem 0x3213d000-0x35095fff]
[Mon Mar 16 16:30:44 2026] ACPI: Early table checksum verification disabled
[Mon Mar 16 16:30:44 2026] ACPI: RSDP 0x00000000000F5240 000014 (v00 BOCHS )
[Mon Mar 16 16:30:44 2026] ACPI: RSDT 0x000000007FFE3027 00003C (v01 BOCHS  BXPC     00000001 BXPC 00000001)
[Mon Mar 16 16:30:44 2026] ACPI: FACP 0x000000007FFE2C8F 0000F4 (v03 BOCHS  BXPC     00000001 BXPC 00000001)
[Mon Mar 16 16:30:44 2026] ACPI: DSDT 0x000000007FFE0040 002C4F (v01 BOCHS  BXPC     00000001 BXPC 00000001)
[Mon Mar 16 16:30:44 2026] ACPI: FACS 0x000000007FFE0000 000040
[Mon Mar 16 16:30:44 2026] ACPI: APIC 0x000000007FFE2D83 000170 (v03 BOCHS  BXPC     00000001 BXPC 00000001)
[Mon Mar 16 16:30:44 2026] ACPI: HPET 0x000000007FFE2EF3 000038 (v01 BOCHS  BXPC     00000001 BXPC 00000001)
[Mon Mar 16 16:30:44 2026] ACPI: MCFG 0x000000007FFE2F2B 00003C (v01 BOCHS  BXPC     00000001 BXPC 00000001)
[Mon Mar 16 16:30:44 2026] ACPI: DMAR 0x000000007FFE2F67 000098 (v01 BOCHS  BXPC     00000001 BXPC 00000001)
[Mon Mar 16 16:30:44 2026] ACPI: WAET 0x000000007FFE2FFF 000028 (v01 BOCHS  BXPC     00000001 BXPC 00000001)
[Mon Mar 16 16:30:44 2026] ACPI: Reserving FACP table memory at [mem 0x7ffe2c8f-0x7ffe2d82]
[Mon Mar 16 16:30:44 2026] ACPI: Reserving DSDT table memory at [mem 0x7ffe0040-0x7ffe2c8e]
[Mon Mar 16 16:30:44 2026] ACPI: Reserving FACS table memory at [mem 0x7ffe0000-0x7ffe003f]
[Mon Mar 16 16:30:44 2026] ACPI: Reserving APIC table memory at [mem 0x7ffe2d83-0x7ffe2ef2]
[Mon Mar 16 16:30:44 2026] ACPI: Reserving HPET table memory at [mem 0x7ffe2ef3-0x7ffe2f2a]
[Mon Mar 16 16:30:44 2026] ACPI: Reserving MCFG table memory at [mem 0x7ffe2f2b-0x7ffe2f66]
[Mon Mar 16 16:30:44 2026] ACPI: Reserving DMAR table memory at [mem 0x7ffe2f67-0x7ffe2ffe]
[Mon Mar 16 16:30:44 2026] ACPI: Reserving WAET table memory at [mem 0x7ffe2fff-0x7ffe3026]
[Mon Mar 16 16:30:44 2026] No NUMA configuration found
[Mon Mar 16 16:30:44 2026] Faking a node at [mem 0x0000000000000000-0x000000057fffffff]
[Mon Mar 16 16:30:44 2026] NODE_DATA(0) allocated [mem 0x57ffd5680-0x57fffffff]
[Mon Mar 16 16:30:44 2026] Zone ranges:
[Mon Mar 16 16:30:44 2026]   DMA      [mem 0x0000000000001000-0x0000000000ffffff]
[Mon Mar 16 16:30:44 2026]   DMA32    [mem 0x0000000001000000-0x00000000ffffffff]
[Mon Mar 16 16:30:44 2026]   Normal   [mem 0x0000000100000000-0x000000057fffffff]
[Mon Mar 16 16:30:44 2026]   Device   empty
[Mon Mar 16 16:30:44 2026] Movable zone start for each node
[Mon Mar 16 16:30:44 2026] Early memory node ranges
[Mon Mar 16 16:30:44 2026]   node   0: [mem 0x0000000000001000-0x000000000009efff]
[Mon Mar 16 16:30:44 2026]   node   0: [mem 0x0000000000100000-0x000000007ffd3fff]
[Mon Mar 16 16:30:44 2026]   node   0: [mem 0x0000000100000000-0x000000057fffffff]
[Mon Mar 16 16:30:44 2026] Initmem setup node 0 [mem 0x0000000000001000-0x000000057fffffff]
[Mon Mar 16 16:30:44 2026] On node 0, zone DMA: 1 pages in unavailable ranges
[Mon Mar 16 16:30:44 2026] On node 0, zone DMA: 97 pages in unavailable ranges
[Mon Mar 16 16:30:44 2026] On node 0, zone Normal: 44 pages in unavailable ranges
[Mon Mar 16 16:30:44 2026] ACPI: PM-Timer IO Port: 0x608
[Mon Mar 16 16:30:44 2026] ACPI: LAPIC_NMI (acpi_id[0xff] dfl dfl lint[0x1])
[Mon Mar 16 16:30:44 2026] IOAPIC[0]: apic_id 0, version 32, address 0xfec00000, GSI 0-23
[Mon Mar 16 16:30:44 2026] ACPI: INT_SRC_OVR (bus 0 bus_irq 0 global_irq 2 dfl dfl)
[Mon Mar 16 16:30:44 2026] ACPI: INT_SRC_OVR (bus 0 bus_irq 5 global_irq 5 high level)
[Mon Mar 16 16:30:44 2026] ACPI: INT_SRC_OVR (bus 0 bus_irq 9 global_irq 9 high level)
[Mon Mar 16 16:30:44 2026] ACPI: INT_SRC_OVR (bus 0 bus_irq 10 global_irq 10 high level)
[Mon Mar 16 16:30:44 2026] ACPI: INT_SRC_OVR (bus 0 bus_irq 11 global_irq 11 high level)
[Mon Mar 16 16:30:44 2026] ACPI: Using ACPI (MADT) for SMP configuration information
[Mon Mar 16 16:30:44 2026] ACPI: HPET id: 0x8086a201 base: 0xfed00000
[Mon Mar 16 16:30:44 2026] TSC deadline timer available
[Mon Mar 16 16:30:44 2026] CPU topo: Max. logical packages:   1
[Mon Mar 16 16:30:44 2026] CPU topo: Max. logical dies:       1
[Mon Mar 16 16:30:44 2026] CPU topo: Max. dies per package:   1
[Mon Mar 16 16:30:44 2026] CPU topo: Max. threads per core:   1
[Mon Mar 16 16:30:44 2026] CPU topo: Num. cores per package:    32
[Mon Mar 16 16:30:44 2026] CPU topo: Num. threads per package:  32
[Mon Mar 16 16:30:44 2026] CPU topo: Allowing 32 present CPUs plus 0 hotplug CPUs
[Mon Mar 16 16:30:44 2026] PM: hibernation: Registered nosave memory: [mem 0x00000000-0x00000fff]
[Mon Mar 16 16:30:44 2026] PM: hibernation: Registered nosave memory: [mem 0x0009f000-0x0009ffff]
[Mon Mar 16 16:30:44 2026] PM: hibernation: Registered nosave memory: [mem 0x000a0000-0x000effff]
[Mon Mar 16 16:30:44 2026] PM: hibernation: Registered nosave memory: [mem 0x000f0000-0x000fffff]
[Mon Mar 16 16:30:44 2026] PM: hibernation: Registered nosave memory: [mem 0x7ffd4000-0x7fffffff]
[Mon Mar 16 16:30:44 2026] PM: hibernation: Registered nosave memory: [mem 0x80000000-0xafffffff]
[Mon Mar 16 16:30:44 2026] PM: hibernation: Registered nosave memory: [mem 0xb0000000-0xbfffffff]
[Mon Mar 16 16:30:44 2026] PM: hibernation: Registered nosave memory: [mem 0xc0000000-0xfed1bfff]
[Mon Mar 16 16:30:44 2026] PM: hibernation: Registered nosave memory: [mem 0xfed1c000-0xfed1ffff]
[Mon Mar 16 16:30:44 2026] PM: hibernation: Registered nosave memory: [mem 0xfed20000-0xfeffbfff]
[Mon Mar 16 16:30:44 2026] PM: hibernation: Registered nosave memory: [mem 0xfeffc000-0xfeffffff]
[Mon Mar 16 16:30:44 2026] PM: hibernation: Registered nosave memory: [mem 0xff000000-0xfffbffff]
[Mon Mar 16 16:30:44 2026] PM: hibernation: Registered nosave memory: [mem 0xfffc0000-0xffffffff]
[Mon Mar 16 16:30:44 2026] [mem 0xc0000000-0xfed1bfff] available for PCI devices
[Mon Mar 16 16:30:44 2026] Booting paravirtualized kernel on KVM
[Mon Mar 16 16:30:44 2026] clocksource: refined-jiffies: mask: 0xffffffff max_cycles: 0xffffffff, max_idle_ns: 1910969940391419 ns
[Mon Mar 16 16:30:44 2026] kvm [0]: Reserved 266 MiB at 0x55b400000
[Mon Mar 16 16:30:44 2026] setup_percpu: NR_CPUS:8192 nr_cpumask_bits:32 nr_cpu_ids:32 nr_node_ids:1
[Mon Mar 16 16:30:44 2026] percpu: Embedded 96 pages/cpu s270336 r8192 d114688 u524288
[Mon Mar 16 16:30:44 2026] pcpu-alloc: s270336 r8192 d114688 u524288 alloc=1*2097152
[Mon Mar 16 16:30:44 2026] pcpu-alloc: [0] 00 01 02 03 [0] 04 05 06 07 
[Mon Mar 16 16:30:44 2026] pcpu-alloc: [0] 08 09 10 11 [0] 12 13 14 15 
[Mon Mar 16 16:30:44 2026] pcpu-alloc: [0] 16 17 18 19 [0] 20 21 22 23 
[Mon Mar 16 16:30:44 2026] pcpu-alloc: [0] 24 25 26 27 [0] 28 29 30 31 
[Mon Mar 16 16:30:44 2026] kvm-guest: PV spinlocks disabled, no host support
[Mon Mar 16 16:30:44 2026] Kernel command line: BOOT_IMAGE=/vmlinuz-6.12.0-pkvm-ia root=UUID=0905329d-4022-4692-bb5d-b614c117dd8c ro console=tty1 console=ttyS0 kvm-intel.pkvm=1 intel_iommu=on,sm_off clearcpuid=amx_tile
[Mon Mar 16 16:30:44 2026] DMAR: IOMMU enabled
[Mon Mar 16 16:30:44 2026] DMAR: Scalable mode is disallowed
[Mon Mar 16 16:30:44 2026] Unknown kernel command line parameters "BOOT_IMAGE=/vmlinuz-6.12.0-pkvm-ia", will be passed to user space.
[Mon Mar 16 16:30:44 2026] random: crng init done
[Mon Mar 16 16:30:44 2026] Dentry cache hash table entries: 4194304 (order: 13, 33554432 bytes, linear)
[Mon Mar 16 16:30:44 2026] Inode-cache hash table entries: 2097152 (order: 12, 16777216 bytes, linear)
[Mon Mar 16 16:30:44 2026] Fallback order for Node 0: 0 
[Mon Mar 16 16:30:44 2026] Built 1 zonelists, mobility grouping on.  Total pages: 5242738
[Mon Mar 16 16:30:44 2026] Policy zone: Normal
[Mon Mar 16 16:30:44 2026] mem auto-init: stack:all(zero), heap alloc:on, heap free:off
[Mon Mar 16 16:30:44 2026] software IO TLB: area num 32.
[Mon Mar 16 16:30:44 2026] SLUB: HWalign=64, Order=0-3, MinObjects=0, CPUs=32, Nodes=1
[Mon Mar 16 16:30:44 2026] ftrace: allocating 58082 entries in 227 pages
[Mon Mar 16 16:30:44 2026] ftrace: allocated 227 pages with 5 groups
[Mon Mar 16 16:30:44 2026] Dynamic Preempt: voluntary
[Mon Mar 16 16:30:44 2026] rcu: Preemptible hierarchical RCU implementation.
[Mon Mar 16 16:30:44 2026] rcu: 	RCU restricting CPUs from NR_CPUS=8192 to nr_cpu_ids=32.
[Mon Mar 16 16:30:44 2026] 	Trampoline variant of Tasks RCU enabled.
[Mon Mar 16 16:30:44 2026] 	Rude variant of Tasks RCU enabled.
[Mon Mar 16 16:30:44 2026] 	Tracing variant of Tasks RCU enabled.
[Mon Mar 16 16:30:44 2026] rcu: RCU calculated value of scheduler-enlistment delay is 100 jiffies.
[Mon Mar 16 16:30:44 2026] rcu: Adjusting geometry for rcu_fanout_leaf=16, nr_cpu_ids=32
[Mon Mar 16 16:30:44 2026] RCU Tasks: Setting shift to 5 and lim to 1 rcu_task_cb_adjust=1 rcu_task_cpu_ids=32.
[Mon Mar 16 16:30:44 2026] RCU Tasks Rude: Setting shift to 5 and lim to 1 rcu_task_cb_adjust=1 rcu_task_cpu_ids=32.
[Mon Mar 16 16:30:44 2026] RCU Tasks Trace: Setting shift to 5 and lim to 1 rcu_task_cb_adjust=1 rcu_task_cpu_ids=32.
[Mon Mar 16 16:30:44 2026] NR_IRQS: 524544, nr_irqs: 680, preallocated irqs: 16
[Mon Mar 16 16:30:44 2026] rcu: srcu_init: Setting srcu_struct sizes based on contention.
[Mon Mar 16 16:30:44 2026] Console: colour VGA+ 80x25
[Mon Mar 16 16:30:44 2026] printk: legacy console [tty1] enabled
[Mon Mar 16 16:30:44 2026] printk: legacy console [ttyS0] enabled
[Mon Mar 16 16:30:44 2026] ACPI: Core revision 20240827
[Mon Mar 16 16:30:44 2026] clocksource: hpet: mask: 0xffffffff max_cycles: 0xffffffff, max_idle_ns: 19112604467 ns
[Mon Mar 16 16:30:44 2026] APIC: Switch to symmetric I/O mode setup
[Mon Mar 16 16:30:44 2026] DMAR: Host address width 48
[Mon Mar 16 16:30:44 2026] DMAR: DRHD base: 0x000000fed90000 flags: 0x0
[Mon Mar 16 16:30:44 2026] DMAR: dmar0: reg_base_addr fed90000 ver 1:0 cap d2008c222f0686 ecap f00f5e
[Mon Mar 16 16:30:44 2026] DMAR: ATSR flags: 0x1
[Mon Mar 16 16:30:44 2026] DMAR-IR: IOAPIC id 0 under DRHD base  0xfed90000 IOMMU 0
[Mon Mar 16 16:30:44 2026] DMAR-IR: Queued invalidation will be enabled to support x2apic and Intr-remapping.
[Mon Mar 16 16:30:44 2026] DMAR-IR: Enabled IRQ remapping in x2apic mode
[Mon Mar 16 16:30:44 2026] x2apic enabled
[Mon Mar 16 16:30:44 2026] APIC: Switched APIC routing to: cluster x2apic
[Mon Mar 16 16:30:44 2026] ..TIMER: vector=0x30 apic1=0 pin1=2 apic2=-1 pin2=-1
[Mon Mar 16 16:30:44 2026] clocksource: tsc-early: mask: 0xffffffffffffffff max_cycles: 0x285c40e2248, max_idle_ns: 440795340634 ns
[Mon Mar 16 16:30:44 2026] Calibrating delay loop (skipped) preset value.. 5600.00 BogoMIPS (lpj=2800000)
[Mon Mar 16 16:30:44 2026] x86/cpu: User Mode Instruction Prevention (UMIP) activated
[Mon Mar 16 16:30:44 2026] Last level iTLB entries: 4KB 0, 2MB 0, 4MB 0
[Mon Mar 16 16:30:44 2026] Last level dTLB entries: 4KB 0, 2MB 0, 4MB 0, 1GB 0
[Mon Mar 16 16:30:44 2026] Spectre V1 : Mitigation: usercopy/swapgs barriers and __user pointer sanitization
[Mon Mar 16 16:30:44 2026] Spectre V2 : Spectre BHI mitigation: SW BHB clearing on syscall and VM exit
[Mon Mar 16 16:30:44 2026] Spectre V2 : Mitigation: Enhanced / Automatic IBRS
[Mon Mar 16 16:30:44 2026] Spectre V2 : Spectre v2 / SpectreRSB mitigation: Filling RSB on context switch
[Mon Mar 16 16:30:44 2026] Spectre V2 : Spectre v2 / PBRSB-eIBRS: Retire a single CALL on VMEXIT
[Mon Mar 16 16:30:44 2026] Spectre V2 : mitigation: Enabling conditional Indirect Branch Prediction Barrier
[Mon Mar 16 16:30:44 2026] Speculative Store Bypass: Mitigation: Speculative Store Bypass disabled via prctl
[Mon Mar 16 16:30:44 2026] TAA: Mitigation: TSX disabled
[Mon Mar 16 16:30:44 2026] ITS: Mitigation: Aligned branch/return thunks
[Mon Mar 16 16:30:44 2026] x86/fpu: Supporting XSAVE feature 0x001: 'x87 floating point registers'
[Mon Mar 16 16:30:44 2026] x86/fpu: Supporting XSAVE feature 0x002: 'SSE registers'
[Mon Mar 16 16:30:44 2026] x86/fpu: Supporting XSAVE feature 0x004: 'AVX registers'
[Mon Mar 16 16:30:44 2026] x86/fpu: Supporting XSAVE feature 0x020: 'AVX-512 opmask'
[Mon Mar 16 16:30:44 2026] x86/fpu: Supporting XSAVE feature 0x040: 'AVX-512 Hi256'
[Mon Mar 16 16:30:44 2026] x86/fpu: Supporting XSAVE feature 0x080: 'AVX-512 ZMM_Hi256'
[Mon Mar 16 16:30:44 2026] x86/fpu: Supporting XSAVE feature 0x200: 'Protection Keys User registers'
[Mon Mar 16 16:30:44 2026] x86/fpu: xstate_offset[2]:  576, xstate_sizes[2]:  256
[Mon Mar 16 16:30:44 2026] x86/fpu: xstate_offset[5]:  832, xstate_sizes[5]:   64
[Mon Mar 16 16:30:44 2026] x86/fpu: xstate_offset[6]:  896, xstate_sizes[6]:  512
[Mon Mar 16 16:30:44 2026] x86/fpu: xstate_offset[7]: 1408, xstate_sizes[7]: 1024
[Mon Mar 16 16:30:44 2026] x86/fpu: xstate_offset[9]: 2432, xstate_sizes[9]:    8
[Mon Mar 16 16:30:44 2026] x86/fpu: Enabled xstate features 0x2e7, context size is 2440 bytes, using 'compacted' format.
[Mon Mar 16 16:30:44 2026] Freeing SMP alternatives memory: 48K
[Mon Mar 16 16:30:44 2026] pid_max: default: 32768 minimum: 301
[Mon Mar 16 16:30:44 2026] LSM: initializing lsm=lockdown,capability,landlock,yama,apparmor,ima,evm
[Mon Mar 16 16:30:44 2026] landlock: Up and running.
[Mon Mar 16 16:30:44 2026] Yama: becoming mindful.
[Mon Mar 16 16:30:44 2026] AppArmor: AppArmor initialized
[Mon Mar 16 16:30:44 2026] Mount-cache hash table entries: 65536 (order: 7, 524288 bytes, linear)
[Mon Mar 16 16:30:44 2026] Mountpoint-cache hash table entries: 65536 (order: 7, 524288 bytes, linear)
[Mon Mar 16 16:30:44 2026] smpboot: CPU0: Intel INTEL(R) XEON(R) PLATINUM 8575C (family: 0x6, model: 0xcf, stepping: 0x2)
[Mon Mar 16 16:30:44 2026] Performance Events: PEBS fmt0-, Sapphire Rapids events, full-width counters, Intel PMU driver.
[Mon Mar 16 16:30:44 2026] ... version:                2
[Mon Mar 16 16:30:44 2026] ... bit width:              48
[Mon Mar 16 16:30:44 2026] ... generic registers:      8
[Mon Mar 16 16:30:44 2026] ... value mask:             0000ffffffffffff
[Mon Mar 16 16:30:44 2026] ... max period:             00007fffffffffff
[Mon Mar 16 16:30:44 2026] ... fixed-purpose events:   3
[Mon Mar 16 16:30:44 2026] ... event mask:             00000007000000ff
[Mon Mar 16 16:30:44 2026] signal: max sigframe size: 3632
[Mon Mar 16 16:30:44 2026] rcu: Hierarchical SRCU implementation.
[Mon Mar 16 16:30:44 2026] rcu: 	Max phase no-delay instances is 400.
[Mon Mar 16 16:30:44 2026] Timer migration: 2 hierarchy levels; 8 children per group; 2 crossnode level
[Mon Mar 16 16:30:44 2026] smp: Bringing up secondary CPUs ...
[Mon Mar 16 16:30:44 2026] smpboot: x86: Booting SMP configuration:
[Mon Mar 16 16:30:44 2026] .... node  #0, CPUs:        #1  #2  #3  #4  #5  #6  #7  #8  #9 #10 #11 #12 #13 #14 #15 #16 #17 #18 #19 #20 #21 #22 #23 #24 #25 #26 #27 #28 #29 #30 #31
[Mon Mar 16 16:30:44 2026] smp: Brought up 1 node, 32 CPUs
[Mon Mar 16 16:30:44 2026] smpboot: Total of 32 processors activated (179200.00 BogoMIPS)
[Mon Mar 16 16:30:44 2026] Memory: 20111052K/20970952K available (22712K kernel code, 4749K rwdata, 8764K rodata, 5212K init, 6744K bss, 830180K reserved, 0K cma-reserved)
[Mon Mar 16 16:30:44 2026] devtmpfs: initialized
[Mon Mar 16 16:30:44 2026] x86/mm: Memory block size: 128MB
[Mon Mar 16 16:30:44 2026] clocksource: jiffies: mask: 0xffffffff max_cycles: 0xffffffff, max_idle_ns: 1911260446275000 ns
[Mon Mar 16 16:30:44 2026] futex hash table entries: 8192 (order: 7, 524288 bytes, linear)
[Mon Mar 16 16:30:44 2026] pinctrl core: initialized pinctrl subsystem
[Mon Mar 16 16:30:44 2026] PM: RTC time: 16:30:44, date: 2026-03-16
[Mon Mar 16 16:30:44 2026] NET: Registered PF_NETLINK/PF_ROUTE protocol family
[Mon Mar 16 16:30:44 2026] DMA: preallocated 4096 KiB GFP_KERNEL pool for atomic allocations
[Mon Mar 16 16:30:44 2026] DMA: preallocated 4096 KiB GFP_KERNEL|GFP_DMA pool for atomic allocations
[Mon Mar 16 16:30:44 2026] DMA: preallocated 4096 KiB GFP_KERNEL|GFP_DMA32 pool for atomic allocations
[Mon Mar 16 16:30:44 2026] audit: initializing netlink subsys (disabled)
[Mon Mar 16 16:30:44 2026] audit: type=2000 audit(1773678644.109:1): state=initialized audit_enabled=0 res=1
[Mon Mar 16 16:30:44 2026] thermal_sys: Registered thermal governor 'fair_share'
[Mon Mar 16 16:30:44 2026] thermal_sys: Registered thermal governor 'bang_bang'
[Mon Mar 16 16:30:44 2026] thermal_sys: Registered thermal governor 'step_wise'
[Mon Mar 16 16:30:44 2026] thermal_sys: Registered thermal governor 'user_space'
[Mon Mar 16 16:30:44 2026] thermal_sys: Registered thermal governor 'power_allocator'
[Mon Mar 16 16:30:44 2026] cpuidle: using governor ladder
[Mon Mar 16 16:30:44 2026] cpuidle: using governor menu
[Mon Mar 16 16:30:44 2026] acpiphp: ACPI Hot Plug PCI Controller Driver version: 0.5
[Mon Mar 16 16:30:44 2026] PCI: ECAM [mem 0xb0000000-0xbfffffff] (base 0xb0000000) for domain 0000 [bus 00-ff]
[Mon Mar 16 16:30:44 2026] PCI: ECAM [mem 0xb0000000-0xbfffffff] reserved as E820 entry
[Mon Mar 16 16:30:44 2026] PCI: Using configuration type 1 for base access
[Mon Mar 16 16:30:44 2026] kprobes: kprobe jump-optimization is enabled. All kprobes are optimized if possible.
[Mon Mar 16 16:30:44 2026] HugeTLB: registered 1.00 GiB page size, pre-allocated 0 pages
[Mon Mar 16 16:30:44 2026] HugeTLB: 16380 KiB vmemmap can be freed for a 1.00 GiB page
[Mon Mar 16 16:30:44 2026] HugeTLB: registered 2.00 MiB page size, pre-allocated 0 pages
[Mon Mar 16 16:30:44 2026] HugeTLB: 28 KiB vmemmap can be freed for a 2.00 MiB page
[Mon Mar 16 16:30:44 2026] ACPI: Added _OSI(Module Device)
[Mon Mar 16 16:30:44 2026] ACPI: Added _OSI(Processor Device)
[Mon Mar 16 16:30:44 2026] ACPI: Added _OSI(3.0 _SCP Extensions)
[Mon Mar 16 16:30:44 2026] ACPI: Added _OSI(Processor Aggregator Device)
[Mon Mar 16 16:30:44 2026] ACPI: 1 ACPI AML tables successfully acquired and loaded
[Mon Mar 16 16:30:44 2026] ACPI: Interpreter enabled
[Mon Mar 16 16:30:44 2026] ACPI: PM: (supports S0 S3 S4 S5)
[Mon Mar 16 16:30:44 2026] ACPI: Using IOAPIC for interrupt routing
[Mon Mar 16 16:30:44 2026] PCI: Using host bridge windows from ACPI; if necessary, use "pci=nocrs" and report a bug
[Mon Mar 16 16:30:44 2026] PCI: Using E820 reservations for host bridge windows
[Mon Mar 16 16:30:44 2026] ACPI: Enabled 2 GPEs in block 00 to 3F
[Mon Mar 16 16:30:44 2026] ACPI: PCI Root Bridge [PCI0] (domain 0000 [bus 00-ff])
[Mon Mar 16 16:30:44 2026] acpi PNP0A08:00: _OSC: OS supports [ExtendedConfig ASPM ClockPM Segments MSI EDR HPX-Type3]
[Mon Mar 16 16:30:44 2026] acpi PNP0A08:00: _OSC: platform does not support [PCIeHotplug LTR DPC]
[Mon Mar 16 16:30:44 2026] acpi PNP0A08:00: _OSC: OS now controls [SHPCHotplug PME AER PCIeCapability]
[Mon Mar 16 16:30:44 2026] PCI host bridge to bus 0000:00
[Mon Mar 16 16:30:44 2026] pci_bus 0000:00: root bus resource [io  0x0000-0x0cf7 window]
[Mon Mar 16 16:30:44 2026] pci_bus 0000:00: root bus resource [io  0x0d00-0xffff window]
[Mon Mar 16 16:30:44 2026] pci_bus 0000:00: root bus resource [mem 0x000a0000-0x000bffff window]
[Mon Mar 16 16:30:44 2026] pci_bus 0000:00: root bus resource [mem 0x80000000-0xafffffff window]
[Mon Mar 16 16:30:44 2026] pci_bus 0000:00: root bus resource [mem 0xc0000000-0xfebfffff window]
[Mon Mar 16 16:30:44 2026] pci_bus 0000:00: root bus resource [mem 0x380000000000-0x380800007fff window]
[Mon Mar 16 16:30:44 2026] pci_bus 0000:00: root bus resource [bus 00-ff]
[Mon Mar 16 16:30:44 2026] pci 0000:00:00.0: [8086:29c0] type 00 class 0x060000 conventional PCI endpoint
[Mon Mar 16 16:30:44 2026] pci 0000:00:01.0: [1234:1111] type 00 class 0x030000 conventional PCI endpoint
[Mon Mar 16 16:30:44 2026] pci 0000:00:01.0: BAR 0 [mem 0xfd000000-0xfdffffff pref]
[Mon Mar 16 16:30:44 2026] pci 0000:00:01.0: BAR 2 [mem 0xfeab0000-0xfeab0fff]
[Mon Mar 16 16:30:44 2026] pci 0000:00:01.0: ROM [mem 0xfeaa0000-0xfeaaffff pref]
[Mon Mar 16 16:30:44 2026] pci 0000:00:01.0: Video device with shadowed ROM at [mem 0x000c0000-0x000dffff]
[Mon Mar 16 16:30:44 2026] pci 0000:00:02.0: [1b36:000c] type 01 class 0x060400 PCIe Root Port
[Mon Mar 16 16:30:44 2026] pci 0000:00:02.0: BAR 0 [mem 0xfeab1000-0xfeab1fff]
[Mon Mar 16 16:30:44 2026] pci 0000:00:02.0: PCI bridge to [bus 01]
[Mon Mar 16 16:30:44 2026] pci 0000:00:02.0:   bridge window [mem 0xfe800000-0xfe9fffff]
[Mon Mar 16 16:30:44 2026] pci 0000:00:02.0:   bridge window [mem 0x380000000000-0x3807ffffffff 64bit pref]
[Mon Mar 16 16:30:44 2026] pci 0000:00:03.0: [8086:100e] type 00 class 0x020000 conventional PCI endpoint
[Mon Mar 16 16:30:44 2026] pci 0000:00:03.0: BAR 0 [mem 0xfea80000-0xfea9ffff]
[Mon Mar 16 16:30:44 2026] pci 0000:00:03.0: BAR 1 [io  0xc080-0xc0bf]
[Mon Mar 16 16:30:44 2026] pci 0000:00:03.0: ROM [mem 0xfea00000-0xfea7ffff pref]
[Mon Mar 16 16:30:44 2026] pci 0000:00:04.0: [1af4:1005] type 00 class 0x00ff00 conventional PCI endpoint
[Mon Mar 16 16:30:44 2026] pci 0000:00:04.0: BAR 0 [io  0xc100-0xc11f]
[Mon Mar 16 16:30:44 2026] pci 0000:00:04.0: BAR 1 [mem 0xfeab2000-0xfeab2fff]
[Mon Mar 16 16:30:44 2026] pci 0000:00:04.0: BAR 4 [mem 0x380800000000-0x380800003fff 64bit pref]
[Mon Mar 16 16:30:44 2026] pci 0000:00:05.0: [1af4:1001] type 00 class 0x010000 conventional PCI endpoint
[Mon Mar 16 16:30:44 2026] pci 0000:00:05.0: BAR 0 [io  0xc000-0xc07f]
[Mon Mar 16 16:30:44 2026] pci 0000:00:05.0: BAR 1 [mem 0xfeab3000-0xfeab3fff]
[Mon Mar 16 16:30:44 2026] pci 0000:00:05.0: BAR 4 [mem 0x380800004000-0x380800007fff 64bit pref]
[Mon Mar 16 16:30:44 2026] pci 0000:00:1f.0: [8086:2918] type 00 class 0x060100 conventional PCI endpoint
[Mon Mar 16 16:30:44 2026] pci 0000:00:1f.0: quirk: [io  0x0600-0x067f] claimed by ICH6 ACPI/GPIO/TCO
[Mon Mar 16 16:30:44 2026] pci 0000:00:1f.2: [8086:2922] type 00 class 0x010601 conventional PCI endpoint
[Mon Mar 16 16:30:44 2026] pci 0000:00:1f.2: BAR 4 [io  0xc120-0xc13f]
[Mon Mar 16 16:30:44 2026] pci 0000:00:1f.2: BAR 5 [mem 0xfeab4000-0xfeab4fff]
[Mon Mar 16 16:30:44 2026] pci 0000:00:1f.3: [8086:2930] type 00 class 0x0c0500 conventional PCI endpoint
[Mon Mar 16 16:30:44 2026] pci 0000:00:1f.3: BAR 4 [io  0x0700-0x073f]
[Mon Mar 16 16:30:44 2026] acpiphp: Slot [0] registered
[Mon Mar 16 16:30:44 2026] pci 0000:01:00.0: [1b36:0010] type 00 class 0x010802 PCIe Endpoint
[Mon Mar 16 16:30:44 2026] pci 0000:01:00.0: BAR 0 [mem 0xfe800000-0xfe803fff 64bit]
[Mon Mar 16 16:30:45 2026] pci 0000:00:02.0: PCI bridge to [bus 01]
[Mon Mar 16 16:30:45 2026] ACPI: PCI: Interrupt link LNKA configured for IRQ 10
[Mon Mar 16 16:30:45 2026] ACPI: PCI: Interrupt link LNKB configured for IRQ 10
[Mon Mar 16 16:30:45 2026] ACPI: PCI: Interrupt link LNKC configured for IRQ 11
[Mon Mar 16 16:30:45 2026] ACPI: PCI: Interrupt link LNKD configured for IRQ 11
[Mon Mar 16 16:30:45 2026] ACPI: PCI: Interrupt link LNKE configured for IRQ 10
[Mon Mar 16 16:30:45 2026] ACPI: PCI: Interrupt link LNKF configured for IRQ 10
[Mon Mar 16 16:30:45 2026] ACPI: PCI: Interrupt link LNKG configured for IRQ 11
[Mon Mar 16 16:30:45 2026] ACPI: PCI: Interrupt link LNKH configured for IRQ 11
[Mon Mar 16 16:30:45 2026] ACPI: PCI: Interrupt link GSIA configured for IRQ 16
[Mon Mar 16 16:30:45 2026] ACPI: PCI: Interrupt link GSIB configured for IRQ 17
[Mon Mar 16 16:30:45 2026] ACPI: PCI: Interrupt link GSIC configured for IRQ 18
[Mon Mar 16 16:30:45 2026] ACPI: PCI: Interrupt link GSID configured for IRQ 19
[Mon Mar 16 16:30:45 2026] ACPI: PCI: Interrupt link GSIE configured for IRQ 20
[Mon Mar 16 16:30:45 2026] ACPI: PCI: Interrupt link GSIF configured for IRQ 21
[Mon Mar 16 16:30:45 2026] ACPI: PCI: Interrupt link GSIG configured for IRQ 22
[Mon Mar 16 16:30:45 2026] ACPI: PCI: Interrupt link GSIH configured for IRQ 23
[Mon Mar 16 16:30:45 2026] iommu: Default domain type: Translated
[Mon Mar 16 16:30:45 2026] iommu: DMA domain TLB invalidation policy: lazy mode
[Mon Mar 16 16:30:45 2026] SCSI subsystem initialized
[Mon Mar 16 16:30:45 2026] libata version 3.00 loaded.
[Mon Mar 16 16:30:45 2026] ACPI: bus type USB registered
[Mon Mar 16 16:30:45 2026] usbcore: registered new interface driver usbfs
[Mon Mar 16 16:30:45 2026] usbcore: registered new interface driver hub
[Mon Mar 16 16:30:45 2026] usbcore: registered new device driver usb
[Mon Mar 16 16:30:45 2026] pps_core: LinuxPPS API ver. 1 registered
[Mon Mar 16 16:30:45 2026] pps_core: Software ver. 5.3.6 - Copyright 2005-2007 Rodolfo Giometti <giometti@linux.it>
[Mon Mar 16 16:30:45 2026] PTP clock support registered
[Mon Mar 16 16:30:45 2026] EDAC MC: Ver: 3.0.0
[Mon Mar 16 16:30:45 2026] NetLabel: Initializing
[Mon Mar 16 16:30:45 2026] NetLabel:  domain hash size = 128
[Mon Mar 16 16:30:45 2026] NetLabel:  protocols = UNLABELED CIPSOv4 CALIPSO
[Mon Mar 16 16:30:45 2026] NetLabel:  unlabeled traffic allowed by default
[Mon Mar 16 16:30:45 2026] mctp: management component transport protocol core
[Mon Mar 16 16:30:45 2026] NET: Registered PF_MCTP protocol family
[Mon Mar 16 16:30:45 2026] PCI: Using ACPI for IRQ routing
[Mon Mar 16 16:30:45 2026] PCI: pci_cache_line_size set to 64 bytes
[Mon Mar 16 16:30:45 2026] e820: reserve RAM buffer [mem 0x0009fc00-0x0009ffff]
[Mon Mar 16 16:30:45 2026] e820: reserve RAM buffer [mem 0x7ffd4000-0x7fffffff]
[Mon Mar 16 16:30:45 2026] pci 0000:00:01.0: vgaarb: setting as boot VGA device
[Mon Mar 16 16:30:45 2026] pci 0000:00:01.0: vgaarb: bridge control possible
[Mon Mar 16 16:30:45 2026] pci 0000:00:01.0: vgaarb: VGA device added: decodes=io+mem,owns=io+mem,locks=none
[Mon Mar 16 16:30:45 2026] vgaarb: loaded
[Mon Mar 16 16:30:45 2026] hpet0: at MMIO 0xfed00000, IRQs 2, 8, 0
[Mon Mar 16 16:30:45 2026] hpet0: 3 comparators, 64-bit 100.000000 MHz counter
[Mon Mar 16 16:30:45 2026] clocksource: Switched to clocksource kvm-clock
[Mon Mar 16 16:30:45 2026] VFS: Disk quotas dquot_6.6.0
[Mon Mar 16 16:30:45 2026] VFS: Dquot-cache hash table entries: 512 (order 0, 4096 bytes)
[Mon Mar 16 16:30:45 2026] AppArmor: AppArmor Filesystem Enabled
[Mon Mar 16 16:30:45 2026] pnp: PnP ACPI init
[Mon Mar 16 16:30:45 2026] system 00:05: [mem 0xb0000000-0xbfffffff window] has been reserved
[Mon Mar 16 16:30:45 2026] pnp: PnP ACPI: found 6 devices
[Mon Mar 16 16:30:45 2026] clocksource: acpi_pm: mask: 0xffffff max_cycles: 0xffffff, max_idle_ns: 2085701024 ns
[Mon Mar 16 16:30:45 2026] NET: Registered PF_INET protocol family
[Mon Mar 16 16:30:45 2026] IP idents hash table entries: 262144 (order: 9, 2097152 bytes, linear)
[Mon Mar 16 16:30:45 2026] tcp_listen_portaddr_hash hash table entries: 16384 (order: 6, 262144 bytes, linear)
[Mon Mar 16 16:30:45 2026] Table-perturb hash table entries: 65536 (order: 6, 262144 bytes, linear)
[Mon Mar 16 16:30:45 2026] TCP established hash table entries: 262144 (order: 9, 2097152 bytes, linear)
[Mon Mar 16 16:30:45 2026] TCP bind hash table entries: 65536 (order: 9, 2097152 bytes, linear)
[Mon Mar 16 16:30:45 2026] TCP: Hash tables configured (established 262144 bind 65536)
[Mon Mar 16 16:30:45 2026] MPTCP token hash table entries: 32768 (order: 7, 786432 bytes, linear)
[Mon Mar 16 16:30:45 2026] UDP hash table entries: 16384 (order: 7, 524288 bytes, linear)
[Mon Mar 16 16:30:45 2026] UDP-Lite hash table entries: 16384 (order: 7, 524288 bytes, linear)
[Mon Mar 16 16:30:45 2026] NET: Registered PF_UNIX/PF_LOCAL protocol family
[Mon Mar 16 16:30:45 2026] NET: Registered PF_XDP protocol family
[Mon Mar 16 16:30:45 2026] pci 0000:00:02.0: bridge window [io  0x1000-0x0fff] to [bus 01] add_size 1000
[Mon Mar 16 16:30:45 2026] pci 0000:00:02.0: bridge window [io  0x1000-0x1fff]: assigned
[Mon Mar 16 16:30:45 2026] pci 0000:00:02.0: PCI bridge to [bus 01]
[Mon Mar 16 16:30:45 2026] pci 0000:00:02.0:   bridge window [io  0x1000-0x1fff]
[Mon Mar 16 16:30:45 2026] pci 0000:00:02.0:   bridge window [mem 0xfe800000-0xfe9fffff]
[Mon Mar 16 16:30:45 2026] pci 0000:00:02.0:   bridge window [mem 0x380000000000-0x3807ffffffff 64bit pref]
[Mon Mar 16 16:30:45 2026] pci_bus 0000:00: resource 4 [io  0x0000-0x0cf7 window]
[Mon Mar 16 16:30:45 2026] pci_bus 0000:00: resource 5 [io  0x0d00-0xffff window]
[Mon Mar 16 16:30:45 2026] pci_bus 0000:00: resource 6 [mem 0x000a0000-0x000bffff window]
[Mon Mar 16 16:30:45 2026] pci_bus 0000:00: resource 7 [mem 0x80000000-0xafffffff window]
[Mon Mar 16 16:30:45 2026] pci_bus 0000:00: resource 8 [mem 0xc0000000-0xfebfffff window]
[Mon Mar 16 16:30:45 2026] pci_bus 0000:00: resource 9 [mem 0x380000000000-0x380800007fff window]
[Mon Mar 16 16:30:45 2026] pci_bus 0000:01: resource 0 [io  0x1000-0x1fff]
[Mon Mar 16 16:30:45 2026] pci_bus 0000:01: resource 1 [mem 0xfe800000-0xfe9fffff]
[Mon Mar 16 16:30:45 2026] pci_bus 0000:01: resource 2 [mem 0x380000000000-0x3807ffffffff 64bit pref]
[Mon Mar 16 16:30:45 2026] PCI: CLS 0 bytes, default 64
[Mon Mar 16 16:30:45 2026] PCI-DMA: Using software bounce buffering for IO (SWIOTLB)
[Mon Mar 16 16:30:45 2026] Trying to unpack rootfs image as initramfs...
[Mon Mar 16 16:30:45 2026] software IO TLB: mapped [mem 0x000000007bfd4000-0x000000007ffd4000] (64MB)
[Mon Mar 16 16:30:45 2026] pin_based_exec_ctrl unsupported with eVMCS: 0x40
[Mon Mar 16 16:30:45 2026] cpu_based_2nd_exec_ctrl unsupported with eVMCS: 0x4000
[Mon Mar 16 16:30:45 2026] pin_based_exec_ctrl 0x16
[Mon Mar 16 16:30:45 2026] cpu_based_exec_ctrl 0x9401e176
[Mon Mar 16 16:30:45 2026] cpu_based_2nd_exec_ctrl 0x410102a
[Mon Mar 16 16:30:45 2026] vmexit_ctrl 0x3f7fff
[Mon Mar 16 16:30:45 2026] vmentry_ctrl 0xf3ff
[Mon Mar 16 16:30:45 2026] pkvm: mitigated CPU bug spectre_v1
[Mon Mar 16 16:30:45 2026] pkvm: cannot mitigate CPU bug spectre_v2
[Mon Mar 16 16:30:45 2026] pkvm: mitigated CPU bug spec_store_bypass
[Mon Mar 16 16:30:45 2026] pkvm: mitigated CPU bug swapgs
[Mon Mar 16 16:30:45 2026] pkvm: cannot mitigate CPU bug bhi
[Mon Mar 16 16:30:45 2026] pkvm: unmitigated cpu bug spectre_v2
[Mon Mar 16 16:30:45 2026] pkvm: unmitigated cpu bug taa
[Mon Mar 16 16:30:45 2026] pkvm: unmitigated cpu bug eibrs_pbrsb
[Mon Mar 16 16:30:45 2026] pkvm: unmitigated cpu bug bhi
[Mon Mar 16 16:30:45 2026] pkvm: unmitigated cpu bug ibpb_no_ret
[Mon Mar 16 16:30:45 2026] pkvm: unmitigated cpu bug its
[Mon Mar 16 16:30:45 2026] pkvm: in total has 6 unmitigated cpu bugs
[Mon Mar 16 16:30:45 2026] pkvm: allow pkvm to run with unmitigated CPU bugs
[Mon Mar 16 16:30:45 2026] pkvm: to prevent pkvm running on such CPU, reboot with kvm-intel.pkvm_relax_cpu_bugs=false
[Mon Mar 16 16:30:45 2026] pkvm_host_deprivilege_cpu: CPU23 in guest mode
[Mon Mar 16 16:30:45 2026] pkvm_host_deprivilege_cpu: CPU20 in guest mode
[Mon Mar 16 16:30:45 2026] pkvm_host_deprivilege_cpu: CPU0 in guest mode
[Mon Mar 16 16:30:45 2026] pkvm_host_deprivilege_cpu: CPU15 in guest mode
[Mon Mar 16 16:30:45 2026] pkvm_host_deprivilege_cpu: CPU2 in guest mode
[Mon Mar 16 16:30:45 2026] pkvm_host_deprivilege_cpu: CPU1 in guest mode
[Mon Mar 16 16:30:45 2026] pkvm_host_deprivilege_cpu: CPU4 in guest mode
[Mon Mar 16 16:30:45 2026] pkvm_host_deprivilege_cpu: CPU3 in guest mode
[Mon Mar 16 16:30:45 2026] pkvm_host_deprivilege_cpu: CPU7 in guest mode
[Mon Mar 16 16:30:45 2026] pkvm_host_deprivilege_cpu: CPU13 in guest mode
[Mon Mar 16 16:30:45 2026] pkvm_host_deprivilege_cpu: CPU18 in guest mode
[Mon Mar 16 16:30:45 2026] pkvm_host_deprivilege_cpu: CPU8 in guest mode
[Mon Mar 16 16:30:45 2026] pkvm_host_deprivilege_cpu: CPU6 in guest mode
[Mon Mar 16 16:30:45 2026] pkvm_host_deprivilege_cpu: CPU11 in guest mode
[Mon Mar 16 16:30:45 2026] pkvm_host_deprivilege_cpu: CPU9 in guest mode
[Mon Mar 16 16:30:45 2026] pkvm_host_deprivilege_cpu: CPU16 in guest mode
[Mon Mar 16 16:30:45 2026] pkvm_host_deprivilege_cpu: CPU27 in guest mode
[Mon Mar 16 16:30:45 2026] pkvm_host_deprivilege_cpu: CPU12 in guest mode
[Mon Mar 16 16:30:45 2026] pkvm_host_deprivilege_cpu: CPU26 in guest mode
[Mon Mar 16 16:30:45 2026] pkvm_host_deprivilege_cpu: CPU17 in guest mode
[Mon Mar 16 16:30:45 2026] pkvm_host_deprivilege_cpu: CPU22 in guest mode
[Mon Mar 16 16:30:45 2026] pkvm_host_deprivilege_cpu: CPU24 in guest mode
[Mon Mar 16 16:30:45 2026] pkvm_host_deprivilege_cpu: CPU30 in guest mode
[Mon Mar 16 16:30:45 2026] pkvm_host_deprivilege_cpu: CPU19 in guest mode
[Mon Mar 16 16:30:45 2026] pkvm_host_deprivilege_cpu: CPU10 in guest mode
[Mon Mar 16 16:30:45 2026] pkvm_host_deprivilege_cpu: CPU5 in guest mode
[Mon Mar 16 16:30:45 2026] pkvm_host_deprivilege_cpu: CPU25 in guest mode
[Mon Mar 16 16:30:45 2026] pkvm_host_deprivilege_cpu: CPU28 in guest mode
[Mon Mar 16 16:30:45 2026] pkvm_host_deprivilege_cpu: CPU21 in guest mode
[Mon Mar 16 16:30:45 2026] pkvm_host_deprivilege_cpu: CPU14 in guest mode
[Mon Mar 16 16:30:45 2026] pkvm_host_deprivilege_cpu: CPU29 in guest mode
[Mon Mar 16 16:30:45 2026] pkvm_host_deprivilege_cpu: CPU31 in guest mode
[Mon Mar 16 16:30:45 2026] pkvm_host_deprivilege_cpus: all cpus are in guest mode!
[Mon Mar 16 16:30:45 2026] pkvm: pkvm_init_iommu: iommu_pool init mem_base=0x561d14000 nr_pages=18144
[Mon Mar 16 16:30:45 2026] pkvm: about to init IOMMU: enable_pkvm=1 pkvm_enabled=1 ret=0
[Mon Mar 16 16:30:45 2026] DMAR: No RMRR found
[Mon Mar 16 16:30:45 2026] DMAR: No SATC found
[Mon Mar 16 16:30:45 2026] DMAR: dmar0: Using Queued invalidation
[Mon Mar 16 16:30:45 2026] DMAR: pkvm-debug: iommu0 set_root_entry: pkvm_enabled=1 enable_pkvm=1 tsc_khz=2800000 timeout_cycles=28000000000
[Mon Mar 16 16:30:45 2026] pkvm: iommu0: RTADDR write 0x102abc000
[Mon Mar 16 16:30:45 2026] pkvm: iommu0: GCMD write 0x46000000 (gsts=0x7000000 rta=0x102abc000)
[Mon Mar 16 16:30:45 2026] pkvm: iommu0: SRTP request (gsts=0x7000000 rta=0x102abc000)
[Mon Mar 16 16:30:45 2026] pkvm: activate_iommu: iommu0 enter (reg_phys=0xfed90000 reg_size=0x1000 cap=0xd2008c222f0606 ecap=0xf00f5e sm=0 coherent=0 activated=0)
[Mon Mar 16 16:30:45 2026] pkvm: initialize_qi: iommu0 enter (qi_desc=0000000000000000 qies=1 iqa(v)=0x0 iqa(hw)=0x10035e000 head=0xa0 tail=0xa0)
[Mon Mar 16 16:30:45 2026] pkvm: initialize_qi: iommu0 done (qi_desc=00000000e778e83a qi_desc_status=000000003f14cbb1)
[Mon Mar 16 16:30:45 2026] pkvm: activate_iommu: iommu0 initialize_qi ret=0
[Mon Mar 16 16:30:45 2026] pkvm: activate_iommu: iommu0 initialize_iommu_pgt ret=0 (root_pa=0x561d17000)
[Mon Mar 16 16:30:45 2026] pkvm: activate_iommu: iommu0 sync_shadow_id ret=0
[Mon Mar 16 16:30:45 2026] pkvm: activate_iommu: iommu0 set_root_table done
[Mon Mar 16 16:30:45 2026] pkvm: activate_iommu: iommu0 host_ept_unmap reg_phys=[0xfed90000-0xfed90fff] size=0x1000
[Mon Mar 16 16:30:45 2026] pkvm: activate_iommu: iommu0 host_ept_unmap ret=0
[Mon Mar 16 16:30:45 2026] pkvm: activate_iommu: iommu0 activated
[Mon Mar 16 16:30:45 2026] pkvm: iommu0: SRTP done, set RTPS (gsts=0x47000000)
[Mon Mar 16 16:30:45 2026] DMAR: IOMMU batching disallowed due to virtualization
[Mon Mar 16 16:30:45 2026] pci 0000:00:00.0: Adding to iommu group 0
[Mon Mar 16 16:30:45 2026] pci 0000:00:01.0: Adding to iommu group 1
[Mon Mar 16 16:30:45 2026] pci 0000:00:02.0: Adding to iommu group 2
[Mon Mar 16 16:30:45 2026] pci 0000:00:03.0: Adding to iommu group 3
[Mon Mar 16 16:30:45 2026] pci 0000:00:04.0: Adding to iommu group 4
[Mon Mar 16 16:30:45 2026] pci 0000:00:05.0: Adding to iommu group 5
[Mon Mar 16 16:30:45 2026] pci 0000:00:1f.0: Adding to iommu group 6
[Mon Mar 16 16:30:45 2026] pci 0000:00:1f.2: Adding to iommu group 6
[Mon Mar 16 16:30:45 2026] pci 0000:00:1f.3: Adding to iommu group 6
[Mon Mar 16 16:30:45 2026] pci 0000:01:00.0: Adding to iommu group 7
[Mon Mar 16 16:30:45 2026] pkvm: iommu0: GCMD write 0x86000000 (gsts=0x47000000 rta=0x102abc000)
[Mon Mar 16 16:30:45 2026] DMAR: Intel(R) Virtualization Technology for Directed I/O
[Mon Mar 16 16:30:45 2026] clocksource: tsc: mask: 0xffffffffffffffff max_cycles: 0x285c40e2248, max_idle_ns: 440795340634 ns
[Mon Mar 16 16:30:45 2026] Initialise system trusted keyrings
[Mon Mar 16 16:30:45 2026] Key type blacklist registered
[Mon Mar 16 16:30:45 2026] workingset: timestamp_bits=36 max_order=23 bucket_order=0
[Mon Mar 16 16:30:45 2026] zbud: loaded
[Mon Mar 16 16:30:45 2026] squashfs: version 4.0 (2009/01/31) Phillip Lougher
[Mon Mar 16 16:30:45 2026] fuse: init (API version 7.41)
[Mon Mar 16 16:30:45 2026] integrity: Platform Keyring initialized
[Mon Mar 16 16:30:45 2026] integrity: Machine keyring initialized
[Mon Mar 16 16:30:45 2026] Key type asymmetric registered
[Mon Mar 16 16:30:45 2026] Asymmetric key parser 'x509' registered
[Mon Mar 16 16:30:45 2026] Block layer SCSI generic (bsg) driver version 0.4 loaded (major 243)
[Mon Mar 16 16:30:45 2026] io scheduler mq-deadline registered
[Mon Mar 16 16:30:45 2026] ledtrig-cpu: registered to indicate activity on CPUs
[Mon Mar 16 16:30:45 2026] ACPI: \_SB_.GSIG: Enabled at IRQ 22
[Mon Mar 16 16:30:45 2026] pcieport 0000:00:02.0: PME: Signaling with IRQ 25
[Mon Mar 16 16:30:45 2026] pcieport 0000:00:02.0: AER: enabled with IRQ 25
[Mon Mar 16 16:30:45 2026] shpchp: Standard Hot Plug PCI Controller Driver version: 0.4
[Mon Mar 16 16:30:45 2026] input: Power Button as /devices/LNXSYSTM:00/LNXPWRBN:00/input/input0
[Mon Mar 16 16:30:45 2026] Freeing initrd memory: 48484K
[Mon Mar 16 16:30:45 2026] ACPI: button: Power Button [PWRF]
[Mon Mar 16 16:30:45 2026] ACPI: \_SB_.GSIE: Enabled at IRQ 20
[Mon Mar 16 16:30:45 2026] ACPI: \_SB_.GSIF: Enabled at IRQ 21
[Mon Mar 16 16:30:45 2026] Serial: 8250/16550 driver, 32 ports, IRQ sharing enabled
[Mon Mar 16 16:30:45 2026] 00:03: ttyS0 at I/O 0x3f8 (irq = 4, base_baud = 115200) is a 16550A
[Mon Mar 16 16:30:45 2026] Linux agpgart interface v0.103
[Mon Mar 16 16:30:45 2026] ACPI: bus type drm_connector registered
[Mon Mar 16 16:30:45 2026] loop: module loaded
[Mon Mar 16 16:30:45 2026] virtio_blk virtio1: 32/0/0 default/read/poll queues
[Mon Mar 16 16:30:45 2026] virtio_blk virtio1: [vda] 671088640 512-byte logical blocks (344 GB/320 GiB)
[Mon Mar 16 16:30:45 2026]  vda: vda1 vda14 vda15 vda16
[Mon Mar 16 16:30:45 2026] tun: Universal TUN/TAP device driver, 1.6
[Mon Mar 16 16:30:45 2026] PPP generic driver version 2.4.2
[Mon Mar 16 16:30:45 2026] i8042: PNP: PS/2 Controller [PNP0303:KBD,PNP0f13:MOU] at 0x60,0x64 irq 1,12
[Mon Mar 16 16:30:45 2026] serio: i8042 KBD port at 0x60,0x64 irq 1
[Mon Mar 16 16:30:45 2026] serio: i8042 AUX port at 0x60,0x64 irq 12
[Mon Mar 16 16:30:45 2026] mousedev: PS/2 mouse device common for all mice
[Mon Mar 16 16:30:45 2026] rtc_cmos 00:04: RTC can wake from S4
[Mon Mar 16 16:30:45 2026] input: AT Translated Set 2 keyboard as /devices/platform/i8042/serio0/input/input1
[Mon Mar 16 16:30:45 2026] rtc_cmos 00:04: registered as rtc0
[Mon Mar 16 16:30:45 2026] rtc_cmos 00:04: setting system clock to 2026-03-16T16:30:45 UTC (1773678645)
[Mon Mar 16 16:30:45 2026] rtc_cmos 00:04: alarms up to one day, y3k, 242 bytes nvram, hpet irqs
[Mon Mar 16 16:30:45 2026] i2c_dev: i2c /dev entries driver
[Mon Mar 16 16:30:45 2026] device-mapper: core: CONFIG_IMA_DISABLE_HTABLE is disabled. Duplicate IMA measurements will not be recorded in the IMA log.
[Mon Mar 16 16:30:45 2026] device-mapper: uevent: version 1.0.3
[Mon Mar 16 16:30:45 2026] device-mapper: ioctl: 4.48.0-ioctl (2023-03-01) initialised: dm-devel@lists.linux.dev
[Mon Mar 16 16:30:45 2026] intel_pstate: CPU model not supported
[Mon Mar 16 16:30:45 2026] drop_monitor: Initializing network drop monitor service
[Mon Mar 16 16:30:45 2026] NET: Registered PF_INET6 protocol family
[Mon Mar 16 16:30:45 2026] Segment Routing with IPv6
[Mon Mar 16 16:30:45 2026] In-situ OAM (IOAM) with IPv6
[Mon Mar 16 16:30:45 2026] NET: Registered PF_PACKET protocol family
[Mon Mar 16 16:30:45 2026] Key type dns_resolver registered
[Mon Mar 16 16:30:45 2026] IPI shorthand broadcast: enabled
[Mon Mar 16 16:30:45 2026] sched_clock: Marking stable (1471002101, 190939634)->(1702460045, -40518310)
[Mon Mar 16 16:30:45 2026] registered taskstats version 1
[Mon Mar 16 16:30:45 2026] Loading compiled-in X.509 certificates
[Mon Mar 16 16:30:45 2026] Loaded X.509 cert 'Build time autogenerated kernel key: 5780c177e0cc65f6f2128f153c255f2b1c3781d7'
[Mon Mar 16 16:30:45 2026] Demotion targets for Node 0: null
[Mon Mar 16 16:30:45 2026] Key type .fscrypt registered
[Mon Mar 16 16:30:45 2026] Key type fscrypt-provisioning registered
[Mon Mar 16 16:30:45 2026] cryptd: max_cpu_qlen set to 1000
[Mon Mar 16 16:30:45 2026] AES CTR mode by8 optimization enabled
[Mon Mar 16 16:30:45 2026] Key type encrypted registered
[Mon Mar 16 16:30:45 2026] AppArmor: AppArmor sha256 policy hashing enabled
[Mon Mar 16 16:30:45 2026] ima: No TPM chip found, activating TPM-bypass!
[Mon Mar 16 16:30:45 2026] Loading compiled-in module X.509 certificates
[Mon Mar 16 16:30:45 2026] Loaded X.509 cert 'Build time autogenerated kernel key: 5780c177e0cc65f6f2128f153c255f2b1c3781d7'
[Mon Mar 16 16:30:45 2026] ima: Allocated hash algorithm: sha256
[Mon Mar 16 16:30:45 2026] ima: No architecture policies found
[Mon Mar 16 16:30:45 2026] evm: Initialising EVM extended attributes:
[Mon Mar 16 16:30:45 2026] evm: security.selinux
[Mon Mar 16 16:30:45 2026] evm: security.SMACK64
[Mon Mar 16 16:30:45 2026] evm: security.SMACK64EXEC
[Mon Mar 16 16:30:45 2026] evm: security.SMACK64TRANSMUTE
[Mon Mar 16 16:30:45 2026] evm: security.SMACK64MMAP
[Mon Mar 16 16:30:45 2026] evm: security.apparmor
[Mon Mar 16 16:30:45 2026] evm: security.ima
[Mon Mar 16 16:30:45 2026] evm: security.capability
[Mon Mar 16 16:30:45 2026] evm: HMAC attrs: 0x1
[Mon Mar 16 16:30:45 2026] PM:   Magic number: 2:359:540
[Mon Mar 16 16:30:45 2026] port serial8250:0.19: hash matches
[Mon Mar 16 16:30:45 2026]  node: hash matches
[Mon Mar 16 16:30:45 2026] RAS: Correctable Errors collector initialized.
[Mon Mar 16 16:30:45 2026] clk: Disabling unused clocks
[Mon Mar 16 16:30:45 2026] PM: genpd: Disabling unused power domains
[Mon Mar 16 16:30:45 2026] Freeing unused decrypted memory: 2028K
[Mon Mar 16 16:30:45 2026] Freeing unused kernel image (initmem) memory: 5212K
[Mon Mar 16 16:30:45 2026] Write protecting the kernel read-only data: 34816k
[Mon Mar 16 16:30:45 2026] Freeing unused kernel image (text/rodata gap) memory: 1864K
[Mon Mar 16 16:30:45 2026] Freeing unused kernel image (rodata/data gap) memory: 1476K
[Mon Mar 16 16:30:45 2026] x86/mm: Checked W+X mappings: passed, no W+X pages found.
[Mon Mar 16 16:30:45 2026] Run /init as init process
[Mon Mar 16 16:30:45 2026]   with arguments:
[Mon Mar 16 16:30:45 2026]     /init
[Mon Mar 16 16:30:45 2026]   with environment:
[Mon Mar 16 16:30:45 2026]     HOME=/
[Mon Mar 16 16:30:45 2026]     TERM=linux
[Mon Mar 16 16:30:45 2026]     BOOT_IMAGE=/vmlinuz-6.12.0-pkvm-ia
[Mon Mar 16 16:30:45 2026] e1000: Intel(R) PRO/1000 Network Driver
[Mon Mar 16 16:30:45 2026] e1000: Copyright (c) 1999-2006 Intel Corporation.
[Mon Mar 16 16:30:45 2026] input: VirtualPS/2 VMware VMMouse as /devices/platform/i8042/serio1/input/input4
[Mon Mar 16 16:30:45 2026] ACPI: \_SB_.GSIH: Enabled at IRQ 23
[Mon Mar 16 16:30:45 2026] input: VirtualPS/2 VMware VMMouse as /devices/platform/i8042/serio1/input/input3
[Mon Mar 16 16:30:45 2026] ahci 0000:00:1f.2: version 3.0
[Mon Mar 16 16:30:45 2026] ACPI: \_SB_.GSIA: Enabled at IRQ 16
[Mon Mar 16 16:30:45 2026] bochs-drm 0000:00:01.0: vgaarb: deactivate vga console
[Mon Mar 16 16:30:45 2026] ahci 0000:00:1f.2: AHCI vers 0001.0000, 32 command slots, 1.5 Gbps, SATA mode
[Mon Mar 16 16:30:45 2026] ahci 0000:00:1f.2: 6/6 ports implemented (port mask 0x3f)
[Mon Mar 16 16:30:45 2026] ahci 0000:00:1f.2: flags: 64bit ncq only 
[Mon Mar 16 16:30:45 2026] scsi host0: ahci
[Mon Mar 16 16:30:45 2026] scsi host1: ahci
[Mon Mar 16 16:30:45 2026] scsi host2: ahci
[Mon Mar 16 16:30:45 2026] scsi host3: ahci
[Mon Mar 16 16:30:45 2026] scsi host4: ahci
[Mon Mar 16 16:30:45 2026] scsi host5: ahci
[Mon Mar 16 16:30:45 2026] ata1: SATA max UDMA/133 abar m4096@0xfeab4000 port 0xfeab4100 irq 61 lpm-pol 0
[Mon Mar 16 16:30:45 2026] ata2: SATA max UDMA/133 abar m4096@0xfeab4000 port 0xfeab4180 irq 61 lpm-pol 0
[Mon Mar 16 16:30:45 2026] ata3: SATA max UDMA/133 abar m4096@0xfeab4000 port 0xfeab4200 irq 61 lpm-pol 0
[Mon Mar 16 16:30:45 2026] ata4: SATA max UDMA/133 abar m4096@0xfeab4000 port 0xfeab4280 irq 61 lpm-pol 0
[Mon Mar 16 16:30:45 2026] ata5: SATA max UDMA/133 abar m4096@0xfeab4000 port 0xfeab4300 irq 61 lpm-pol 0
[Mon Mar 16 16:30:45 2026] ata6: SATA max UDMA/133 abar m4096@0xfeab4000 port 0xfeab4380 irq 61 lpm-pol 0
[Mon Mar 16 16:30:45 2026] Console: switching to colour dummy device 80x25
[Mon Mar 16 16:30:45 2026] nvme nvme0: pci function 0000:01:00.0
[Mon Mar 16 16:30:45 2026] [drm] Found bochs VGA, ID 0xb0c5.
[Mon Mar 16 16:30:45 2026] [drm] Framebuffer size 16384 kB @ 0xfd000000, mmio @ 0xfeab0000.
[Mon Mar 16 16:30:45 2026] [drm] Found EDID data blob.
[Mon Mar 16 16:30:45 2026] [drm] Initialized bochs-drm 1.0.0 for 0000:00:01.0 on minor 0
[Mon Mar 16 16:30:45 2026] fbcon: bochs-drmdrmfb (fb0) is primary device
[Mon Mar 16 16:30:46 2026] Console: switching to colour frame buffer device 160x50
[Mon Mar 16 16:30:46 2026] bochs-drm 0000:00:01.0: [drm] fb0: bochs-drmdrmfb frame buffer device
[Mon Mar 16 16:30:46 2026] nvme nvme0: 32/0/0 default/read/poll queues
[Mon Mar 16 16:30:46 2026] nvme nvme0: Ignoring bogus Namespace Identifiers
[Mon Mar 16 16:30:46 2026] ata5: SATA link down (SStatus 0 SControl 300)
[Mon Mar 16 16:30:46 2026] ata3: SATA link up 1.5 Gbps (SStatus 113 SControl 300)
[Mon Mar 16 16:30:46 2026] ata2: SATA link down (SStatus 0 SControl 300)
[Mon Mar 16 16:30:46 2026] ata4: SATA link down (SStatus 0 SControl 300)
[Mon Mar 16 16:30:46 2026] ata1: SATA link down (SStatus 0 SControl 300)
[Mon Mar 16 16:30:46 2026] ata6: SATA link down (SStatus 0 SControl 300)
[Mon Mar 16 16:30:46 2026] ata3.00: ATAPI: QEMU DVD-ROM, 2.5+, max UDMA/100
[Mon Mar 16 16:30:46 2026] ata3.00: applying bridge limits
[Mon Mar 16 16:30:46 2026] ata3.00: configured for UDMA/100
[Mon Mar 16 16:30:46 2026] scsi 2:0:0:0: CD-ROM            QEMU     QEMU DVD-ROM     2.5+ PQ: 0 ANSI: 5
[Mon Mar 16 16:30:46 2026] e1000 0000:00:03.0 eth0: (PCI:33MHz:32-bit) 52:54:00:12:34:56
[Mon Mar 16 16:30:46 2026] e1000 0000:00:03.0 eth0: Intel(R) PRO/1000 Network Connection
[Mon Mar 16 16:30:46 2026] sr 2:0:0:0: [sr0] scsi3-mmc drive: 4x/4x cd/rw xa/form2 tray
[Mon Mar 16 16:30:46 2026] cdrom: Uniform CD-ROM driver Revision: 3.20
[Mon Mar 16 16:30:46 2026] sr 2:0:0:0: Attached scsi CD-ROM sr0
[Mon Mar 16 16:30:46 2026] sr 2:0:0:0: Attached scsi generic sg0 type 5
[Mon Mar 16 16:30:46 2026] e1000 0000:00:03.0 enp0s3: renamed from eth0
[Mon Mar 16 16:30:46 2026] raid6: avx512x4 gen() 30994 MB/s
[Mon Mar 16 16:30:46 2026] raid6: avx512x2 gen() 32228 MB/s
[Mon Mar 16 16:30:46 2026] raid6: avx512x1 gen() 23985 MB/s
[Mon Mar 16 16:30:46 2026] raid6: avx2x4   gen() 32462 MB/s
[Mon Mar 16 16:30:46 2026] raid6: avx2x2   gen() 34617 MB/s
[Mon Mar 16 16:30:46 2026] raid6: avx2x1   gen() 28486 MB/s
[Mon Mar 16 16:30:46 2026] raid6: using algorithm avx2x2 gen() 34617 MB/s
[Mon Mar 16 16:30:46 2026] raid6: .... xor() 24740 MB/s, rmw enabled
[Mon Mar 16 16:30:46 2026] raid6: using avx512x2 recovery algorithm
[Mon Mar 16 16:30:46 2026] xor: automatically using best checksumming function   avx       
[Mon Mar 16 16:30:46 2026] async_tx: api initialized (async)
[Mon Mar 16 16:30:46 2026] Btrfs loaded, zoned=yes, fsverity=yes
[Mon Mar 16 16:30:47 2026] EXT4-fs (vda1): mounted filesystem 0905329d-4022-4692-bb5d-b614c117dd8c ro with ordered data mode. Quota mode: none.
[Mon Mar 16 16:30:47 2026] systemd[1]: Inserted module 'autofs4'
[Mon Mar 16 16:30:47 2026] systemd[1]: systemd 255.4-1ubuntu8.11 running in system mode (+PAM +AUDIT +SELINUX +APPARMOR +IMA +SMACK +SECCOMP +GCRYPT -GNUTLS +OPENSSL +ACL +BLKID +CURL +ELFUTILS +FIDO2 +IDN2 -IDN +IPTC +KMOD +LIBCRYPTSETUP +LIBFDISK +PCRE2 -PWQUALITY +P11KIT +QRENCODE +TPM2 +BZIP2 +LZ4 +XZ +ZLIB +ZSTD -BPF_FRAMEWORK -XKBCOMMON +UTMP +SYSVINIT default-hierarchy=unified)
[Mon Mar 16 16:30:47 2026] systemd[1]: Detected virtualization kvm.
[Mon Mar 16 16:30:47 2026] systemd[1]: Detected architecture x86-64.
[Mon Mar 16 16:30:47 2026] systemd[1]: Hostname set to <ubuntu-vm>.
[Mon Mar 16 16:30:47 2026] systemd[1]: Queued start job for default target graphical.target.
[Mon Mar 16 16:30:47 2026] systemd[1]: Created slice system-modprobe.slice - Slice /system/modprobe.
[Mon Mar 16 16:30:47 2026] systemd[1]: Created slice system-serial\x2dgetty.slice - Slice /system/serial-getty.
[Mon Mar 16 16:30:47 2026] systemd[1]: Created slice system-systemd\x2dfsck.slice - Slice /system/systemd-fsck.
[Mon Mar 16 16:30:47 2026] systemd[1]: Created slice user.slice - User and Session Slice.
[Mon Mar 16 16:30:47 2026] systemd[1]: Started systemd-ask-password-wall.path - Forward Password Requests to Wall Directory Watch.
[Mon Mar 16 16:30:47 2026] systemd[1]: Set up automount proc-sys-fs-binfmt_misc.automount - Arbitrary Executable File Formats File System Automount Point.
[Mon Mar 16 16:30:47 2026] systemd[1]: Expecting device dev-disk-by\x2dlabel-BOOT.device - /dev/disk/by-label/BOOT...
[Mon Mar 16 16:30:47 2026] systemd[1]: Expecting device dev-disk-by\x2dlabel-UEFI.device - /dev/disk/by-label/UEFI...
[Mon Mar 16 16:30:47 2026] systemd[1]: Expecting device dev-ttyS0.device - /dev/ttyS0...
[Mon Mar 16 16:30:47 2026] systemd[1]: Reached target integritysetup.target - Local Integrity Protected Volumes.
[Mon Mar 16 16:30:47 2026] systemd[1]: Reached target slices.target - Slice Units.
[Mon Mar 16 16:30:47 2026] systemd[1]: Reached target snapd.mounts-pre.target - Mounting snaps.
[Mon Mar 16 16:30:47 2026] systemd[1]: Reached target snapd.mounts.target - Mounted snaps.
[Mon Mar 16 16:30:47 2026] systemd[1]: Reached target swap.target - Swaps.
[Mon Mar 16 16:30:47 2026] systemd[1]: Reached target veritysetup.target - Local Verity Protected Volumes.
[Mon Mar 16 16:30:47 2026] systemd[1]: Listening on dm-event.socket - Device-mapper event daemon FIFOs.
[Mon Mar 16 16:30:47 2026] systemd[1]: Listening on lvm2-lvmpolld.socket - LVM2 poll daemon socket.
[Mon Mar 16 16:30:47 2026] systemd[1]: Listening on multipathd.socket - multipathd control socket.
[Mon Mar 16 16:30:47 2026] systemd[1]: Listening on syslog.socket - Syslog Socket.
[Mon Mar 16 16:30:47 2026] systemd[1]: Listening on systemd-fsckd.socket - fsck to fsckd communication Socket.
[Mon Mar 16 16:30:47 2026] systemd[1]: Listening on systemd-initctl.socket - initctl Compatibility Named Pipe.
[Mon Mar 16 16:30:47 2026] systemd[1]: Listening on systemd-journald-dev-log.socket - Journal Socket (/dev/log).
[Mon Mar 16 16:30:47 2026] systemd[1]: Listening on systemd-journald.socket - Journal Socket.
[Mon Mar 16 16:30:47 2026] systemd[1]: Listening on systemd-networkd.socket - Network Service Netlink Socket.
[Mon Mar 16 16:30:47 2026] systemd[1]: systemd-pcrextend.socket - TPM2 PCR Extension (Varlink) was skipped because of an unmet condition check (ConditionSecurity=measured-uki).
[Mon Mar 16 16:30:47 2026] systemd[1]: Listening on systemd-udevd-control.socket - udev Control Socket.
[Mon Mar 16 16:30:47 2026] systemd[1]: Listening on systemd-udevd-kernel.socket - udev Kernel Socket.
[Mon Mar 16 16:30:47 2026] systemd[1]: Mounting dev-hugepages.mount - Huge Pages File System...
[Mon Mar 16 16:30:47 2026] systemd[1]: Mounting dev-mqueue.mount - POSIX Message Queue File System...
[Mon Mar 16 16:30:47 2026] systemd[1]: Mounting sys-kernel-debug.mount - Kernel Debug File System...
[Mon Mar 16 16:30:47 2026] systemd[1]: Mounting sys-kernel-tracing.mount - Kernel Trace File System...
[Mon Mar 16 16:30:47 2026] systemd[1]: Starting systemd-journald.service - Journal Service...
[Mon Mar 16 16:30:47 2026] systemd[1]: Starting keyboard-setup.service - Set the console keyboard layout...
[Mon Mar 16 16:30:47 2026] systemd[1]: Starting kmod-static-nodes.service - Create List of Static Device Nodes...
[Mon Mar 16 16:30:47 2026] systemd[1]: Starting lvm2-monitor.service - Monitoring of LVM2 mirrors, snapshots etc. using dmeventd or progress polling...
[Mon Mar 16 16:30:47 2026] systemd[1]: Starting modprobe@configfs.service - Load Kernel Module configfs...
[Mon Mar 16 16:30:47 2026] systemd[1]: Starting modprobe@dm_mod.service - Load Kernel Module dm_mod...
[Mon Mar 16 16:30:47 2026] systemd[1]: Starting modprobe@drm.service - Load Kernel Module drm...
[Mon Mar 16 16:30:47 2026] systemd[1]: Starting modprobe@efi_pstore.service - Load Kernel Module efi_pstore...
[Mon Mar 16 16:30:47 2026] systemd-journald[608]: Collecting audit messages is disabled.
[Mon Mar 16 16:30:47 2026] systemd[1]: Starting modprobe@fuse.service - Load Kernel Module fuse...
[Mon Mar 16 16:30:47 2026] systemd[1]: Starting modprobe@loop.service - Load Kernel Module loop...
[Mon Mar 16 16:30:47 2026] systemd[1]: netplan-ovs-cleanup.service - OpenVSwitch configuration for cleanup was skipped because of an unmet condition check (ConditionFileIsExecutable=/usr/bin/ovs-vsctl).
[Mon Mar 16 16:30:47 2026] systemd[1]: systemd-fsck-root.service - File System Check on Root Device was skipped because of an unmet condition check (ConditionPathExists=!/run/initramfs/fsck-root).
[Mon Mar 16 16:30:47 2026] systemd[1]: Starting systemd-modules-load.service - Load Kernel Modules...
[Mon Mar 16 16:30:47 2026] systemd[1]: systemd-pcrmachine.service - TPM2 PCR Machine ID Measurement was skipped because of an unmet condition check (ConditionSecurity=measured-uki).
[Mon Mar 16 16:30:47 2026] systemd[1]: Starting systemd-remount-fs.service - Remount Root and Kernel File Systems...
[Mon Mar 16 16:30:47 2026] systemd[1]: systemd-tpm2-setup-early.service - TPM2 SRK Setup (Early) was skipped because of an unmet condition check (ConditionSecurity=measured-uki).
[Mon Mar 16 16:30:47 2026] systemd[1]: Starting systemd-udev-trigger.service - Coldplug All udev Devices...
[Mon Mar 16 16:30:47 2026] systemd[1]: Started systemd-journald.service - Journal Service.
[Mon Mar 16 16:30:47 2026] EXT4-fs (vda1): re-mounted 0905329d-4022-4692-bb5d-b614c117dd8c r/w. Quota mode: none.
[Mon Mar 16 16:30:47 2026] systemd-journald[608]: Received client request to flush runtime journal.
[Mon Mar 16 16:30:48 2026] systemd-journald[608]: /var/log/journal/9dce3dfe526f4a8cb553b21502da7d2a/system.journal: Journal file uses a different sequence number ID, rotating.
[Mon Mar 16 16:30:48 2026] systemd-journald[608]: Rotating system journal.
[Mon Mar 16 16:30:48 2026] e1000 0000:00:03.0 enp0s2: renamed from enp0s3
[Mon Mar 16 16:30:48 2026] lpc_ich 0000:00:1f.0: I/O space for GPIO uninitialized
[Mon Mar 16 16:30:48 2026] i801_smbus 0000:00:1f.3: SMBus using PCI interrupt
[Mon Mar 16 16:30:48 2026] i2c i2c-0: Memory type 0x07 not supported yet, not instantiating SPD
[Mon Mar 16 16:30:48 2026] parport_pc 00:02: reported by Plug and Play ACPI
[Mon Mar 16 16:30:48 2026] parport0: PC-style at 0x378, irq 7 [PCSPP,TRISTATE]
[Mon Mar 16 16:30:48 2026] RAPL PMU: API unit is 2^-32 Joules, 1 fixed counters, 10737418240 ms ovfl timer
[Mon Mar 16 16:30:48 2026] RAPL PMU: hw unit of domain psys 2^-0 Joules
[Mon Mar 16 16:30:48 2026] EXT4-fs (vda16): mounted filesystem 2bab0d29-6c12-4665-83d4-f986119f946f r/w with ordered data mode. Quota mode: none.
[Mon Mar 16 16:30:48 2026] ppdev: user-space parallel port driver
[Mon Mar 16 16:30:48 2026] audit: type=1400 audit(1773678648.180:2): apparmor="STATUS" operation="profile_load" profile="unconfined" name="kchmviewer" pid=891 comm="apparmor_parser"
[Mon Mar 16 16:30:48 2026] audit: type=1400 audit(1773678648.180:3): apparmor="STATUS" operation="profile_load" profile="unconfined" name="devhelp" pid=880 comm="apparmor_parser"
[Mon Mar 16 16:30:48 2026] audit: type=1400 audit(1773678648.180:4): apparmor="STATUS" operation="profile_load" profile="unconfined" name="buildah" pid=872 comm="apparmor_parser"
[Mon Mar 16 16:30:48 2026] audit: type=1400 audit(1773678648.180:5): apparmor="STATUS" operation="profile_load" profile="unconfined" name=4D6F6E676F444220436F6D70617373 pid=868 comm="apparmor_parser"
[Mon Mar 16 16:30:48 2026] audit: type=1400 audit(1773678648.180:6): apparmor="STATUS" operation="profile_load" profile="unconfined" name="brave" pid=871 comm="apparmor_parser"
[Mon Mar 16 16:30:48 2026] audit: type=1400 audit(1773678648.180:7): apparmor="STATUS" operation="profile_load" profile="unconfined" name="lc-compliance" pid=893 comm="apparmor_parser"
[Mon Mar 16 16:30:48 2026] audit: type=1400 audit(1773678648.180:8): apparmor="STATUS" operation="profile_load" profile="unconfined" name="firefox" pid=884 comm="apparmor_parser"
[Mon Mar 16 16:30:48 2026] audit: type=1400 audit(1773678648.180:9): apparmor="STATUS" operation="profile_load" profile="unconfined" name="loupe" pid=897 comm="apparmor_parser"
[Mon Mar 16 16:30:48 2026] audit: type=1400 audit(1773678648.180:10): apparmor="STATUS" operation="profile_load" profile="unconfined" name="cam" pid=874 comm="apparmor_parser"
[Mon Mar 16 16:30:48 2026] cfg80211: Loading compiled-in X.509 certificates for regulatory database
[Mon Mar 16 16:30:48 2026] Loaded X.509 cert 'sforshee: 00b28ddf47aef9cea7'
[Mon Mar 16 16:30:48 2026] Loaded X.509 cert 'wens: 61c038651aabdcf94bd0ac7ff06c7248db18c600'
[Mon Mar 16 16:30:48 2026] platform regulatory.0: Direct firmware load for regulatory.db failed with error -2
[Mon Mar 16 16:30:48 2026] cfg80211: failed to load regulatory.db
[Mon Mar 16 16:30:48 2026] e1000: enp0s2 NIC Link is Up 1000 Mbps Full Duplex, Flow Control: RX
[Mon Mar 16 16:30:48 2026] NET: Registered PF_QIPCRTR protocol family
[Mon Mar 16 16:30:48 2026] loop0: detected capacity change from 0 to 8
[Mon Mar 16 16:30:50 2026] kauditd_printk_skb: 113 callbacks suppressed
[Mon Mar 16 16:30:50 2026] audit: type=1400 audit(1773678650.427:124): apparmor="STATUS" operation="profile_load" profile="unconfined" name="docker-default" pid=1215 comm="apparmor_parser"
[Mon Mar 16 16:30:51 2026] Initializing XFRM netlink socket
[Mon Mar 16 16:30:51 2026] bridge: filtering via arp/ip/ip6tables is no longer available by default. Update your scripts to load br_netfilter if you need this.
[Mon Mar 16 16:31:08 2026] systemd-journald[608]: /var/log/journal/9dce3dfe526f4a8cb553b21502da7d2a/user-1000.journal: Journal file uses a different sequence number ID, rotating.
