Apr 25 02:39:17 ubuntu-vm kernel: cfg80211: failed to load regulatory.db
Apr 25 02:39:17 ubuntu-vm kernel: e1000: enp0s2 NIC Link is Up 1000 Mbps Full Duplex, Flow Control: RX
Apr 25 02:39:17 ubuntu-vm kernel: loop0: detected capacity change from 0 to 8
Apr 25 02:39:17 ubuntu-vm kernel: NET: Registered PF_QIPCRTR protocol family
Apr 25 02:39:19 ubuntu-vm systemd-journald[613]: /var/log/journal/9dce3dfe526f4a8cb553b21502da7d2a/user-1000.journal: Journal file uses a different sequence number ID, rotating.
Apr 25 02:39:19 ubuntu-vm kernel: kauditd_printk_skb: 114 callbacks suppressed
Apr 25 02:39:19 ubuntu-vm kernel: audit: type=1400 audit(1777084759.222:125): apparmor="STATUS" operation="profile_load" profile="unconfined" name="docker-default" pid=1249 comm="apparmor_parser"
Apr 25 02:39:19 ubuntu-vm kernel: Initializing XFRM netlink socket
Apr 25 02:39:19 ubuntu-vm kernel: bridge: filtering via arp/ip/ip6tables is no longer available by default. Update your scripts to load br_netfilter if you need this.
Apr 26 07:52:20 ubuntu-vm kernel: VFIO - User Level meta-driver version: 0.3
Apr 26 07:52:39 ubuntu-vm kernel: pkvm-debug: first-owner table full; suppressing further overflow logs
Apr 26 07:53:04 ubuntu-vm kernel: clocksource: Long readout interval, skipping watchdog check: cs_nsec: 6103748408 wd_nsec: 6103748380
Apr 26 07:53:16 ubuntu-vm kernel: BUG: scheduling while atomic: crosvm_vcpu0/99825/0x00000002
Apr 26 07:53:16 ubuntu-vm kernel: Modules linked in: vfio_pci vfio_pci_core vfio_iommu_type1 vfio iommufd tls udp_diag tcp_diag inet_diag nft_nat nft_redir xt_conntrack xt_MASQUERADE bridge stp llc xfrm_user xfrm_algo xt_set ip_set nft_chain_nat nf_nat nf_conntrack nf_defrag_ipv6 nf_defrag_ipv4 xt_addrtype nft_compat nf_tables qrtr overlay intel_rapl_msr intel_rapl_common cfg80211 intel_uncore_frequency_common binfmt_misc ppdev nls_iso8859_1 skx_edac_common nfit rapl i2c_i801 i2c_mux parport_pc i2c_smbus parport lpc_ich joydev input_leds mac_hid serio_raw sch_fq_codel dm_multipath msr efi_pstore nfnetlink dmi_sysfs qemu_fw_cfg ip_tables x_tables autofs4 btrfs blake2b_generic raid10 raid456 async_raid6_recov async_memcpy async_pq async_xor async_tx xor raid6_pq libcrc32c raid1 raid0 crct10dif_pclmul crc32_pclmul polyval_clmulni nvme polyval_generic bochs ghash_clmulni_intel drm_vram_helper sha256_ssse3 drm_ttm_helper ahci nvme_core sha1_ssse3 psmouse e1000 libahci ttm virtio_rng nvme_auth aesni_intel crypto_simd cryptd
Apr 26 07:53:16 ubuntu-vm kernel: CPU: 4 UID: 0 PID: 99825 Comm: crosvm_vcpu0 Tainted: G S                 6.12.0-pkvm-ia #12
Apr 26 07:53:16 ubuntu-vm kernel: Tainted: [S]=CPU_OUT_OF_SPEC
Apr 26 07:53:16 ubuntu-vm kernel: Hardware name: QEMU Standard PC (Q35 + ICH9, 2009), BIOS 1.16.3-debian-1.16.3-2 04/01/2014
Apr 26 07:53:16 ubuntu-vm kernel: Call Trace:
Apr 26 07:53:16 ubuntu-vm kernel:  <TASK>
Apr 26 07:53:16 ubuntu-vm kernel:  dump_stack_lvl+0x76/0xa0
Apr 26 07:53:16 ubuntu-vm kernel:  dump_stack+0x10/0x20
Apr 26 07:53:16 ubuntu-vm kernel:  __schedule_bug+0x64/0x80
Apr 26 07:53:16 ubuntu-vm kernel:  __schedule+0x113c/0x16e0
Apr 26 07:53:16 ubuntu-vm kernel:  ? allow_direct_reclaim+0xb2/0x1c0
Apr 26 07:53:16 ubuntu-vm kernel:  schedule+0x29/0x130
Apr 26 07:53:16 ubuntu-vm kernel:  throttle_direct_reclaim+0x1ae/0x2e0
Apr 26 07:53:16 ubuntu-vm kernel:  ? sched_clock_noinstr+0x9/0x10
Apr 26 07:53:16 ubuntu-vm kernel:  ? __pfx_autoremove_wake_function+0x10/0x10
Apr 26 07:53:16 ubuntu-vm kernel:  try_to_free_pages+0xb0/0x210
Apr 26 07:53:16 ubuntu-vm kernel:  __alloc_pages_noprof+0x6e6/0x1350
Apr 26 07:53:16 ubuntu-vm kernel:  ? __refill_stock+0x9b/0xb0
Apr 26 07:53:16 ubuntu-vm kernel:  ? gup_fast_fallback+0x7ce/0x1060
Apr 26 07:53:16 ubuntu-vm kernel:  ? policy_nodemask+0x138/0x180
Apr 26 07:53:16 ubuntu-vm kernel:  alloc_pages_mpol_noprof+0x8f/0x210
Apr 26 07:53:16 ubuntu-vm kernel:  alloc_pages_noprof+0x5c/0xd0
Apr 26 07:53:16 ubuntu-vm kernel:  allocate_slab+0x3bc/0x520
Apr 26 07:53:16 ubuntu-vm kernel:  ___slab_alloc+0x7da/0xbf0
Apr 26 07:53:16 ubuntu-vm kernel:  ? kvm_tdp_page_fault+0x2b4/0x400
Apr 26 07:53:16 ubuntu-vm kernel:  ? __gfn_to_pfn_memslot+0x9e/0x130
Apr 26 07:53:16 ubuntu-vm kernel:  ? kvm_tdp_page_fault+0x2b4/0x400
Apr 26 07:53:16 ubuntu-vm kernel:  __kmalloc_cache_noprof+0x2c1/0x320
Apr 26 07:53:16 ubuntu-vm kernel:  kvm_tdp_page_fault+0x2b4/0x400
Apr 26 07:53:16 ubuntu-vm kernel:  ? kvm_tdp_page_fault+0x2b4/0x400
Apr 26 07:53:16 ubuntu-vm kernel:  kvm_mmu_do_page_fault+0x24c/0x290
Apr 26 07:53:16 ubuntu-vm kernel:  kvm_mmu_page_fault+0x92/0x890
Apr 26 07:53:16 ubuntu-vm kernel:  ? vmx_can_use_vtd_pi+0x5e/0x60
Apr 26 07:53:16 ubuntu-vm kernel:  ? sysvec_call_function_single+0x57/0xc0
Apr 26 07:53:16 ubuntu-vm kernel:  ? asm_sysvec_call_function_single+0x1b/0x20
Apr 26 07:53:16 ubuntu-vm kernel:  handle_ept_violation+0x8a/0x1a0
Apr 26 07:53:16 ubuntu-vm kernel:  ? __pfx_handle_ept_violation+0x10/0x10
Apr 26 07:53:16 ubuntu-vm kernel:  pkvm_handle_exit+0x1e4/0x410
Apr 26 07:53:16 ubuntu-vm kernel:  vcpu_enter_guest+0x3a1/0x1660
Apr 26 07:53:16 ubuntu-vm kernel:  kvm_arch_vcpu_ioctl_run+0x203/0x790
Apr 26 07:53:16 ubuntu-vm kernel:  ? kvm_io_bus_read+0x54/0x110
Apr 26 07:53:16 ubuntu-vm kernel:  kvm_vcpu_ioctl+0x262/0xa60
Apr 26 07:53:16 ubuntu-vm kernel:  ? emulator_pio_in_emulated+0x3a/0x100
Apr 26 07:53:16 ubuntu-vm kernel:  ? __pfx_handle_io+0x10/0x10
Apr 26 07:53:16 ubuntu-vm kernel:  ? handle_io+0x99/0x270
Apr 26 07:53:16 ubuntu-vm kernel:  __x64_sys_ioctl+0x9d/0xe0
Apr 26 07:53:16 ubuntu-vm kernel:  x64_sys_call+0x11ad/0x25f0
Apr 26 07:53:16 ubuntu-vm kernel:  do_syscall_64+0x7e/0x170
Apr 26 07:53:16 ubuntu-vm kernel:  ? pkvm_vcpu_put+0xe/0x20
Apr 26 07:53:16 ubuntu-vm kernel:  ? kvm_arch_vcpu_put+0x33/0x200
Apr 26 07:53:16 ubuntu-vm kernel:  ? vcpu_put+0x22/0x60
Apr 26 07:53:16 ubuntu-vm kernel:  ? kvm_arch_vcpu_ioctl_run+0x49d/0x790
Apr 26 07:53:16 ubuntu-vm kernel:  ? kvm_vcpu_ioctl+0x1c7/0xa60
Apr 26 07:53:16 ubuntu-vm kernel:  ? kvm_vcpu_ioctl+0x1c7/0xa60
Apr 26 07:53:16 ubuntu-vm kernel:  ? syscall_exit_to_user_mode+0x4e/0x250
Apr 26 07:53:16 ubuntu-vm kernel:  ? do_syscall_64+0x8a/0x170
Apr 26 07:53:16 ubuntu-vm kernel:  ? syscall_exit_to_user_mode+0x4e/0x250
Apr 26 07:53:16 ubuntu-vm kernel:  ? do_syscall_64+0x8a/0x170
Apr 26 07:53:16 ubuntu-vm kernel:  ? do_syscall_64+0x8a/0x170
Apr 26 07:53:16 ubuntu-vm kernel:  ? clear_bhb_loop+0x30/0x80
Apr 26 07:53:16 ubuntu-vm kernel:  ? clear_bhb_loop+0x30/0x80
Apr 26 07:53:16 ubuntu-vm kernel:  ? clear_bhb_loop+0x30/0x80
Apr 26 07:53:16 ubuntu-vm kernel:  entry_SYSCALL_64_after_hwframe+0x76/0x7e
Apr 26 07:53:16 ubuntu-vm kernel: RIP: 0033:0x7eb5d7924e1d
Apr 26 07:53:16 ubuntu-vm kernel: Code: 04 25 28 00 00 00 48 89 45 c8 31 c0 48 8d 45 10 c7 45 b0 10 00 00 00 48 89 45 b8 48 8d 45 d0 48 89 45 c0 b8 10 00 00 00 0f 05 <89> c2 3d 00 f0 ff ff 77 1a 48 8b 45 c8 64 48 2b 04 25 28 00 00 00
Apr 26 07:53:16 ubuntu-vm kernel: RSP: 002b:00007eb4d6fab810 EFLAGS: 00000246 ORIG_RAX: 0000000000000010
Apr 26 07:53:16 ubuntu-vm kernel: RAX: ffffffffffffffda RBX: 00005ea4c496f8e0 RCX: 00007eb5d7924e1d
Apr 26 07:53:16 ubuntu-vm kernel: RDX: 0000000000000000 RSI: 000000000000ae80 RDI: 0000000000000019
Apr 26 07:53:16 ubuntu-vm kernel: RBP: 00007eb4d6fab860 R08: 0000000000000000 R09: 000000000000003f
Apr 26 07:53:16 ubuntu-vm kernel: R10: 0000000000000000 R11: 0000000000000246 R12: 00005ea492f470e8
Apr 26 07:53:16 ubuntu-vm kernel: R13: fffffffffffffdb8 R14: 00005ea4c496c9a0 R15: 00005ea4c496fe50
Apr 26 07:53:16 ubuntu-vm kernel:  </TASK>
Apr 26 07:53:16 ubuntu-vm kernel: BUG: scheduling while atomic: crosvm_vcpu0/99825/0x00000000
Apr 26 07:53:16 ubuntu-vm kernel: Modules linked in: vfio_pci vfio_pci_core vfio_iommu_type1 vfio iommufd tls udp_diag tcp_diag inet_diag nft_nat nft_redir xt_conntrack xt_MASQUERADE bridge stp llc xfrm_user xfrm_algo xt_set ip_set nft_chain_nat nf_nat nf_conntrack nf_defrag_ipv6 nf_defrag_ipv4 xt_addrtype nft_compat nf_tables qrtr overlay intel_rapl_msr intel_rapl_common cfg80211 intel_uncore_frequency_common binfmt_misc ppdev nls_iso8859_1 skx_edac_common nfit rapl i2c_i801 i2c_mux parport_pc i2c_smbus parport lpc_ich joydev input_leds mac_hid serio_raw sch_fq_codel dm_multipath msr efi_pstore nfnetlink dmi_sysfs qemu_fw_cfg ip_tables x_tables autofs4 btrfs blake2b_generic raid10 raid456 async_raid6_recov async_memcpy async_pq async_xor async_tx xor raid6_pq libcrc32c raid1 raid0 crct10dif_pclmul crc32_pclmul polyval_clmulni nvme polyval_generic bochs ghash_clmulni_intel drm_vram_helper sha256_ssse3 drm_ttm_helper ahci nvme_core sha1_ssse3 psmouse e1000 libahci ttm virtio_rng nvme_auth aesni_intel crypto_simd cryptd
Apr 26 07:53:16 ubuntu-vm kernel: CPU: 4 UID: 0 PID: 99825 Comm: crosvm_vcpu0 Tainted: G S      W          6.12.0-pkvm-ia #12
Apr 26 07:53:16 ubuntu-vm kernel: Tainted: [S]=CPU_OUT_OF_SPEC, [W]=WARN
Apr 26 07:53:16 ubuntu-vm kernel: Hardware name: QEMU Standard PC (Q35 + ICH9, 2009), BIOS 1.16.3-debian-1.16.3-2 04/01/2014
Apr 26 07:53:16 ubuntu-vm kernel: Call Trace:
Apr 26 07:53:16 ubuntu-vm kernel:  <TASK>
Apr 26 07:53:16 ubuntu-vm kernel:  dump_stack_lvl+0x76/0xa0
Apr 26 07:53:16 ubuntu-vm kernel:  dump_stack+0x10/0x20
Apr 26 07:53:16 ubuntu-vm kernel:  __schedule_bug+0x64/0x80
Apr 26 07:53:16 ubuntu-vm kernel:  __schedule+0x113c/0x16e0
Apr 26 07:53:16 ubuntu-vm kernel:  ? asm_sysvec_spurious_apic_interrupt+0x20/0x20
Apr 26 07:53:16 ubuntu-vm kernel:  ? vmx_do_interrupt_irqoff+0x13/0x20
Apr 26 07:53:16 ubuntu-vm kernel:  ? pkvm_vcpu_run+0x114/0x510
Apr 26 07:53:16 ubuntu-vm kernel:  ? vcpu_enter_guest+0x3a1/0x1660
Apr 26 07:53:16 ubuntu-vm kernel:  schedule+0x29/0x130
Apr 26 07:53:16 ubuntu-vm kernel:  xfer_to_guest_mode_handle_work+0x48/0xe0
Apr 26 07:53:16 ubuntu-vm kernel:  kvm_arch_vcpu_ioctl_run+0x62f/0x790
Apr 26 07:53:16 ubuntu-vm kernel:  ? kvm_io_bus_read+0x54/0x110
Apr 26 07:53:16 ubuntu-vm kernel:  kvm_vcpu_ioctl+0x262/0xa60
Apr 26 07:53:16 ubuntu-vm kernel:  ? emulator_pio_in_emulated+0x3a/0x100
Apr 26 07:53:16 ubuntu-vm kernel:  ? __pfx_handle_io+0x10/0x10
Apr 26 07:53:16 ubuntu-vm kernel:  ? handle_io+0x99/0x270
Apr 26 07:53:16 ubuntu-vm kernel:  __x64_sys_ioctl+0x9d/0xe0
Apr 26 07:53:16 ubuntu-vm kernel:  x64_sys_call+0x11ad/0x25f0
Apr 26 07:53:16 ubuntu-vm kernel:  do_syscall_64+0x7e/0x170
Apr 26 07:53:16 ubuntu-vm kernel:  ? pkvm_vcpu_put+0xe/0x20
Apr 26 07:53:16 ubuntu-vm kernel:  ? kvm_arch_vcpu_put+0x33/0x200
Apr 26 07:53:16 ubuntu-vm kernel:  ? vcpu_put+0x22/0x60
Apr 26 07:53:16 ubuntu-vm kernel:  ? kvm_arch_vcpu_ioctl_run+0x49d/0x790
Apr 26 07:53:16 ubuntu-vm kernel:  ? kvm_vcpu_ioctl+0x1c7/0xa60
Apr 26 07:53:16 ubuntu-vm kernel:  ? kvm_vcpu_ioctl+0x1c7/0xa60
Apr 26 07:53:16 ubuntu-vm kernel:  ? syscall_exit_to_user_mode+0x4e/0x250
Apr 26 07:53:16 ubuntu-vm kernel:  ? do_syscall_64+0x8a/0x170
Apr 26 07:53:16 ubuntu-vm kernel:  ? syscall_exit_to_user_mode+0x4e/0x250
Apr 26 07:53:16 ubuntu-vm kernel:  ? do_syscall_64+0x8a/0x170
Apr 26 07:53:16 ubuntu-vm kernel:  ? do_syscall_64+0x8a/0x170
Apr 26 07:53:16 ubuntu-vm kernel:  ? clear_bhb_loop+0x30/0x80
Apr 26 07:53:16 ubuntu-vm kernel:  ? clear_bhb_loop+0x30/0x80
Apr 26 07:53:16 ubuntu-vm kernel:  ? clear_bhb_loop+0x30/0x80
Apr 26 07:53:16 ubuntu-vm kernel:  entry_SYSCALL_64_after_hwframe+0x76/0x7e
Apr 26 07:53:16 ubuntu-vm kernel: RIP: 0033:0x7eb5d7924e1d
Apr 26 07:53:16 ubuntu-vm kernel: Code: 04 25 28 00 00 00 48 89 45 c8 31 c0 48 8d 45 10 c7 45 b0 10 00 00 00 48 89 45 b8 48 8d 45 d0 48 89 45 c0 b8 10 00 00 00 0f 05 <89> c2 3d 00 f0 ff ff 77 1a 48 8b 45 c8 64 48 2b 04 25 28 00 00 00
Apr 26 07:53:16 ubuntu-vm kernel: RSP: 002b:00007eb4d6fab810 EFLAGS: 00000246 ORIG_RAX: 0000000000000010
Apr 26 07:53:16 ubuntu-vm kernel: RAX: ffffffffffffffda RBX: 00005ea4c496f8e0 RCX: 00007eb5d7924e1d
Apr 26 07:53:16 ubuntu-vm kernel: RDX: 0000000000000000 RSI: 000000000000ae80 RDI: 0000000000000019
Apr 26 07:53:16 ubuntu-vm kernel: RBP: 00007eb4d6fab860 R08: 0000000000000000 R09: 000000000000003f
Apr 26 07:53:16 ubuntu-vm kernel: R10: 0000000000000000 R11: 0000000000000246 R12: 00005ea492f470e8
Apr 26 07:53:16 ubuntu-vm kernel: R13: fffffffffffffdb8 R14: 00005ea4c496c9a0 R15: 00005ea4c496fe50
Apr 26 07:53:16 ubuntu-vm kernel:  </TASK>
Apr 26 07:55:52 ubuntu-vm kernel: sched: DL replenish lagged too much
