[Wed Apr 15 10:49:29 2026] VFIO - User Level meta-driver version: 0.3
[Wed Apr 15 10:49:52 2026] pkvm-debug: first-owner table full; suppressing further overflow logs
[Wed Apr 15 10:50:08 2026] clocksource: Long readout interval, skipping watchdog check: cs_nsec: 5759177297 wd_nsec: 5759177278
[Wed Apr 15 10:50:32 2026] ------------[ cut here ]------------
[Wed Apr 15 10:50:32 2026] WARNING: CPU: 18 PID: 4255 at arch/x86/kvm/mmu/mmu.c:4775 kvm_tdp_page_fault+0x3f0/0x420
[Wed Apr 15 10:50:32 2026] Modules linked in: vfio_pci vfio_pci_core vfio_iommu_type1 vfio iommufd udp_diag tcp_diag inet_diag nft_nat nft_redir xt_conntrack xt_MASQUERADE bridge stp llc xfrm_user xfrm_algo xt_set ip_set nft_chain_nat nf_nat nf_conntrack nf_defrag_ipv6 nf_defrag_ipv4 xt_addrtype nft_compat nf_tables qrtr overlay cfg80211 intel_rapl_msr intel_rapl_common intel_uncore_frequency_common binfmt_misc ppdev nls_iso8859_1 skx_edac_common nfit rapl i2c_i801 parport_pc i2c_mux parport i2c_smbus lpc_ich joydev input_leds mac_hid serio_raw sch_fq_codel dm_multipath msr efi_pstore nfnetlink dmi_sysfs qemu_fw_cfg ip_tables x_tables autofs4 btrfs blake2b_generic raid10 raid456 async_raid6_recov async_memcpy async_pq async_xor async_tx xor raid6_pq libcrc32c raid1 raid0 crct10dif_pclmul crc32_pclmul polyval_clmulni nvme polyval_generic bochs ghash_clmulni_intel drm_vram_helper sha256_ssse3 drm_ttm_helper ahci sha1_ssse3 nvme_core psmouse libahci e1000 ttm nvme_auth virtio_rng aesni_intel crypto_simd cryptd
[Wed Apr 15 10:50:32 2026] CPU: 18 UID: 0 PID: 4255 Comm: crosvm_vcpu0 Tainted: G S                 6.12.0-pkvm-ia #8
[Wed Apr 15 10:50:32 2026] Tainted: [S]=CPU_OUT_OF_SPEC
[Wed Apr 15 10:50:32 2026] Hardware name: QEMU Standard PC (Q35 + ICH9, 2009), BIOS 1.16.3-debian-1.16.3-2 04/01/2014
[Wed Apr 15 10:50:32 2026] RIP: 0010:kvm_tdp_page_fault+0x3f0/0x420
[Wed Apr 15 10:50:32 2026] Code: 00 00 0f 85 06 ff ff ff 48 8b 10 80 e2 40 0f 84 fa fe ff ff 48 8b 50 48 f6 c2 01 0f 84 ed fe ff ff 48 8d 42 ff e9 e4 fe ff ff <0f> 0b 4c 89 e7 41 bc f2 ff ff ff e8 60 cf 4a 00 4c 8b 33 e9 db fd
[Wed Apr 15 10:50:32 2026] RSP: 0018:ff514215435c3b10 EFLAGS: 00010246
[Wed Apr 15 10:50:32 2026] RAX: 0000000000000000 RBX: ff3b2f2cde854700 RCX: 0000000000000000
[Wed Apr 15 10:50:32 2026] RDX: 0000000000000000 RSI: 0000000000000000 RDI: 0000000000000000
[Wed Apr 15 10:50:32 2026] RBP: ff514215435c3b48 R08: 0000000000000000 R09: 0000000000000000
[Wed Apr 15 10:50:32 2026] R10: 0000000000000000 R11: 0000000000000000 R12: ff3b2f2ce6cf6e60
[Wed Apr 15 10:50:32 2026] R13: ff514215435c3b60 R14: ff3b2f2ce74f0000 R15: 00000000d0000000
[Wed Apr 15 10:50:32 2026] FS:  00007b1d64bfb6c0(0000) GS:ff3b2f309ab00000(0000) knlGS:0000000000000000
[Wed Apr 15 10:50:32 2026] CS:  0010 DS: 0000 ES: 0000 CR0: 0000000080050033
[Wed Apr 15 10:50:32 2026] CR2: 000063d9df243740 CR3: 00000001070ae001 CR4: 0000000000771ef0
[Wed Apr 15 10:50:32 2026] DR0: 0000000000000000 DR1: 0000000000000000 DR2: 0000000000000000
[Wed Apr 15 10:50:32 2026] DR3: 0000000000000000 DR6: 00000000fffe07f0 DR7: 0000000000000400
[Wed Apr 15 10:50:32 2026] PKRU: 55555554
[Wed Apr 15 10:50:32 2026] Call Trace:
[Wed Apr 15 10:50:32 2026]  <TASK>
[Wed Apr 15 10:50:32 2026]  ? show_regs+0x6c/0x80
[Wed Apr 15 10:50:32 2026]  ? __warn+0x8d/0x150
[Wed Apr 15 10:50:32 2026]  ? kvm_tdp_page_fault+0x3f0/0x420
[Wed Apr 15 10:50:32 2026]  ? report_bug+0x182/0x1b0
[Wed Apr 15 10:50:32 2026]  ? handle_bug+0x6e/0xb0
[Wed Apr 15 10:50:32 2026]  ? exc_invalid_op+0x18/0x80
[Wed Apr 15 10:50:32 2026]  ? asm_exc_invalid_op+0x1b/0x20
[Wed Apr 15 10:50:32 2026]  ? kvm_tdp_page_fault+0x3f0/0x420
[Wed Apr 15 10:50:32 2026]  kvm_mmu_do_page_fault+0x24c/0x290
[Wed Apr 15 10:50:32 2026]  kvm_mmu_page_fault+0x92/0x890
[Wed Apr 15 10:50:32 2026]  ? aa_file_perm+0x134/0x550
[Wed Apr 15 10:50:32 2026]  ? sysvec_apic_timer_interrupt+0x57/0xc0
[Wed Apr 15 10:50:32 2026]  ? asm_sysvec_apic_timer_interrupt+0x1b/0x20
[Wed Apr 15 10:50:32 2026]  handle_ept_violation+0x8a/0x1a0
[Wed Apr 15 10:50:32 2026]  ? __pfx_handle_ept_violation+0x10/0x10
[Wed Apr 15 10:50:32 2026]  pkvm_handle_exit+0x1e1/0x410
[Wed Apr 15 10:50:32 2026]  vcpu_enter_guest+0x3a1/0x1660
[Wed Apr 15 10:50:32 2026]  ? kvm_apic_local_deliver+0xa6/0xf0
[Wed Apr 15 10:50:32 2026]  kvm_arch_vcpu_ioctl_run+0x203/0x790
[Wed Apr 15 10:50:32 2026]  kvm_vcpu_ioctl+0x262/0xa60
[Wed Apr 15 10:50:32 2026]  ? do_syscall_64+0x8a/0x170
[Wed Apr 15 10:50:32 2026]  ? do_syscall_64+0x8a/0x170
[Wed Apr 15 10:50:32 2026]  ? do_syscall_64+0x8a/0x170
[Wed Apr 15 10:50:32 2026]  __x64_sys_ioctl+0x9d/0xe0
[Wed Apr 15 10:50:32 2026]  x64_sys_call+0x11ad/0x25f0
[Wed Apr 15 10:50:32 2026]  do_syscall_64+0x7e/0x170
[Wed Apr 15 10:50:32 2026]  ? do_syscall_64+0x8a/0x170
[Wed Apr 15 10:50:32 2026]  ? do_syscall_64+0x8a/0x170
[Wed Apr 15 10:50:32 2026]  ? clear_bhb_loop+0x30/0x80
[Wed Apr 15 10:50:32 2026]  ? clear_bhb_loop+0x30/0x80
[Wed Apr 15 10:50:32 2026]  ? clear_bhb_loop+0x30/0x80
[Wed Apr 15 10:50:32 2026]  entry_SYSCALL_64_after_hwframe+0x76/0x7e
[Wed Apr 15 10:50:32 2026] RIP: 0033:0x7b1e65524e1d
[Wed Apr 15 10:50:32 2026] Code: 04 25 28 00 00 00 48 89 45 c8 31 c0 48 8d 45 10 c7 45 b0 10 00 00 00 48 89 45 b8 48 8d 45 d0 48 89 45 c0 b8 10 00 00 00 0f 05 <89> c2 3d 00 f0 ff ff 77 1a 48 8b 45 c8 64 48 2b 04 25 28 00 00 00
[Wed Apr 15 10:50:32 2026] RSP: 002b:00007b1d64bf4810 EFLAGS: 00000246 ORIG_RAX: 0000000000000010
[Wed Apr 15 10:50:32 2026] RAX: ffffffffffffffda RBX: 000063d9e33ef840 RCX: 00007b1e65524e1d
[Wed Apr 15 10:50:32 2026] RDX: 0000000000000000 RSI: 000000000000ae80 RDI: 00000000000000d5
[Wed Apr 15 10:50:32 2026] RBP: 00007b1d64bf4860 R08: 00007b1d480008e0 R09: 0000000000000007
[Wed Apr 15 10:50:32 2026] R10: 00007b1d480037e0 R11: 0000000000000246 R12: 000063d9e01f90e8
[Wed Apr 15 10:50:32 2026] R13: fffffffffffffdb8 R14: 000063d9e33ec9b0 R15: 000063d9e33efd90
[Wed Apr 15 10:50:32 2026]  </TASK>
[Wed Apr 15 10:50:32 2026] ---[ end trace 0000000000000000 ]---
[Wed Apr 15 10:50:42 2026] e1000 0000:00:03.0 enp0s2: Detected Tx Unit Hang
                             Tx Queue             <0>
                             TDH                  <28>
                             TDT                  <28>
                             next_to_use          <29>
                             next_to_clean        <28>
                           buffer_info[next_to_clean]
                             time_stamp           <1002e0dbb>
                             next_to_watch        <28>
                             jiffies              <1002e1802>
                             next_to_watch.status <0>
[Wed Apr 15 10:50:44 2026] e1000 0000:00:03.0 enp0s2: Detected Tx Unit Hang
                             Tx Queue             <0>
                             TDH                  <28>
                             TDT                  <28>
                             next_to_use          <29>
                             next_to_clean        <28>
                           buffer_info[next_to_clean]
                             time_stamp           <1002e0dbb>
                             next_to_watch        <28>
                             jiffies              <1002e2004>
                             next_to_watch.status <0>
