# date_utc=2026-04-15T13:09:29Z
HOST_SEV_MMIO_R=0
HOST_SEV_MMIO_W=186
--- trace tail ---
    crosvm_vcpu0-3066    [020] .....   582.322228: host_sev_mmio_w: (kvm_sev_es_mmio_write+0x0/0x190)
    crosvm_vcpu0-3066    [020] .....   582.322267: host_sev_mmio_w: (kvm_sev_es_mmio_write+0x0/0x190)
    crosvm_vcpu0-3066    [020] .....   582.322337: host_sev_mmio_w: (kvm_sev_es_mmio_write+0x0/0x190)
    crosvm_vcpu0-3066    [020] .....   582.322375: host_sev_mmio_w: (kvm_sev_es_mmio_write+0x0/0x190)
    crosvm_vcpu0-3066    [020] .....   582.322454: host_sev_mmio_w: (kvm_sev_es_mmio_write+0x0/0x190)
    crosvm_vcpu0-3066    [020] .....   582.322493: host_sev_mmio_w: (kvm_sev_es_mmio_write+0x0/0x190)
    crosvm_vcpu0-3066    [020] .....   582.322553: host_sev_mmio_w: (kvm_sev_es_mmio_write+0x0/0x190)
    crosvm_vcpu0-3066    [020] .....   582.322597: host_sev_mmio_w: (kvm_sev_es_mmio_write+0x0/0x190)
    crosvm_vcpu0-3066    [020] .....   582.322672: host_sev_mmio_w: (kvm_sev_es_mmio_write+0x0/0x190)
    crosvm_vcpu0-3066    [020] .....   582.322709: host_sev_mmio_w: (kvm_sev_es_mmio_write+0x0/0x190)
    crosvm_vcpu0-3066    [020] .....   582.322778: host_sev_mmio_w: (kvm_sev_es_mmio_write+0x0/0x190)
    crosvm_vcpu0-3066    [020] .....   582.322815: host_sev_mmio_w: (kvm_sev_es_mmio_write+0x0/0x190)
    crosvm_vcpu0-3066    [020] .....   582.322881: host_sev_mmio_w: (kvm_sev_es_mmio_write+0x0/0x190)
    crosvm_vcpu0-3066    [020] .....   582.322924: host_sev_mmio_w: (kvm_sev_es_mmio_write+0x0/0x190)
    crosvm_vcpu0-3066    [020] .....   582.322991: host_sev_mmio_w: (kvm_sev_es_mmio_write+0x0/0x190)
    crosvm_vcpu0-3066    [020] .....   582.323086: host_sev_mmio_w: (kvm_sev_es_mmio_write+0x0/0x190)
    crosvm_vcpu0-3066    [020] .....   582.323217: host_sev_mmio_w: (kvm_sev_es_mmio_write+0x0/0x190)
    crosvm_vcpu0-3066    [020] .....   582.323256: host_sev_mmio_w: (kvm_sev_es_mmio_write+0x0/0x190)
    crosvm_vcpu1-3067    [000] .....   582.324338: host_sev_mmio_w: (kvm_sev_es_mmio_write+0x0/0x190)
    crosvm_vcpu1-3067    [000] .....   582.324529: host_sev_mmio_w: (kvm_sev_es_mmio_write+0x0/0x190)
    crosvm_vcpu0-3066    [031] .....   587.032536: host_sev_mmio_w: (kvm_sev_es_mmio_write+0x0/0x190)
    crosvm_vcpu0-3066    [031] .....   587.033485: host_sev_mmio_w: (kvm_sev_es_mmio_write+0x0/0x190)
    crosvm_vcpu0-3066    [031] .....   587.036037: host_sev_mmio_w: (kvm_sev_es_mmio_write+0x0/0x190)
    crosvm_vcpu0-3066    [031] .....   587.037814: host_sev_mmio_w: (kvm_sev_es_mmio_write+0x0/0x190)
    crosvm_vcpu0-3066    [020] .....   592.153901: host_sev_mmio_w: (kvm_sev_es_mmio_write+0x0/0x190)
    crosvm_vcpu0-3066    [020] .....   595.226460: host_sev_mmio_w: (kvm_sev_es_mmio_write+0x0/0x190)
    crosvm_vcpu0-3066    [020] .....   595.227120: host_sev_mmio_w: (kvm_sev_es_mmio_write+0x0/0x190)
    crosvm_vcpu0-3066    [020] .....   595.229763: host_sev_mmio_w: (kvm_sev_es_mmio_write+0x0/0x190)
    crosvm_vcpu0-3066    [020] .....   595.230104: host_sev_mmio_w: (kvm_sev_es_mmio_write+0x0/0x190)
    crosvm_vcpu1-3067    [000] .....   600.346657: host_sev_mmio_w: (kvm_sev_es_mmio_write+0x0/0x190)
    crosvm_vcpu1-3067    [000] .....   612.124596: host_sev_mmio_w: (kvm_sev_es_mmio_write+0x0/0x190)
    crosvm_vcpu1-3067    [000] .....   612.125784: host_sev_mmio_w: (kvm_sev_es_mmio_write+0x0/0x190)
    crosvm_vcpu0-3066    [031] .....   612.762496: host_sev_mmio_w: (kvm_sev_es_mmio_write+0x0/0x190)
    crosvm_vcpu0-3066    [031] .....   612.762671: host_sev_mmio_w: (kvm_sev_es_mmio_write+0x0/0x190)
    crosvm_vcpu0-3066    [031] .....   612.762849: host_sev_mmio_w: (kvm_sev_es_mmio_write+0x0/0x190)
    crosvm_vcpu0-3066    [031] .....   612.947454: host_sev_mmio_w: (kvm_sev_es_mmio_write+0x0/0x190)
    crosvm_vcpu0-3066    [031] .....   612.947664: host_sev_mmio_w: (kvm_sev_es_mmio_write+0x0/0x190)
    crosvm_vcpu0-3066    [031] .....   612.947830: host_sev_mmio_w: (kvm_sev_es_mmio_write+0x0/0x190)
    crosvm_vcpu0-3066    [031] .....   612.947887: host_sev_mmio_w: (kvm_sev_es_mmio_write+0x0/0x190)
    crosvm_vcpu0-3066    [031] .....   612.947931: host_sev_mmio_w: (kvm_sev_es_mmio_write+0x0/0x190)
    crosvm_vcpu0-3066    [031] .....   612.947986: host_sev_mmio_w: (kvm_sev_es_mmio_write+0x0/0x190)
    crosvm_vcpu0-3066    [031] .....   612.948107: host_sev_mmio_w: (kvm_sev_es_mmio_write+0x0/0x190)
    crosvm_vcpu0-3066    [031] .....   612.948258: host_sev_mmio_w: (kvm_sev_es_mmio_write+0x0/0x190)
    crosvm_vcpu1-3067    [000] .....   612.949437: host_sev_mmio_w: (kvm_sev_es_mmio_write+0x0/0x190)
    crosvm_vcpu1-3067    [000] .....   612.949626: host_sev_mmio_w: (kvm_sev_es_mmio_write+0x0/0x190)
    crosvm_vcpu0-3066    [031] .....   618.269284: host_sev_mmio_w: (kvm_sev_es_mmio_write+0x0/0x190)
    crosvm_vcpu0-3066    [031] .....   618.270350: host_sev_mmio_w: (kvm_sev_es_mmio_write+0x0/0x190)
    crosvm_vcpu0-3066    [031] .....   618.273878: host_sev_mmio_w: (kvm_sev_es_mmio_write+0x0/0x190)
    crosvm_vcpu0-3066    [031] .....   618.274485: host_sev_mmio_w: (kvm_sev_es_mmio_write+0x0/0x190)
    crosvm_vcpu1-3067    [002] .....   623.389508: host_sev_mmio_w: (kvm_sev_es_mmio_write+0x0/0x190)
