run-crosvm: SETUP_NET=0: skipping tap/iptables/sysctl network setup; guest will have no network device
run-crosvm: enabling VFIO passthrough: 0000:01:00.0 (no virtual iommu, mapping all guest ram)
[2026-04-15T07:19:27.461378689+00:00 DEBUG crosvm::crosvm::sys::linux] creating hypervisor: Kvm { device: Some("/dev/kvm") }
[2026-04-15T07:19:27.461882023+00:00 DEBUG x86_64] 0x0000000000000000-0x000000000009ffff GuestMemoryRegion
[2026-04-15T07:19:27.461927437+00:00 DEBUG x86_64] 0x00000000000a0000-0x00000000000fffff ReservedMemory
[2026-04-15T07:19:27.461947187+00:00 DEBUG x86_64] 0x0000000000100000-0x00000000cfffffff GuestMemoryRegion
[2026-04-15T07:19:27.461962973+00:00 DEBUG x86_64] 0x0000000100000000-0x000000012fffffff GuestMemoryRegion
[2026-04-15T07:19:50.006965377+00:00 DEBUG devices::pci::vfio_pci] parsed device PCI address 0000:01:00.0
[2026-04-15T07:19:50.007894478+00:00 INFO  crosvm::crosvm::sys::linux::device_helpers] Trying to attach block device: /home/mrgeek/pkvm-x86/images/guest/ubuntuguest.qcow2
[2026-04-15T07:19:50.008006493+00:00 INFO  disk] disk size 8552644608
[2026-04-15T07:19:50.065484869+00:00 DEBUG devices::pci::vfio_pci] set_gpe: gpe-nr 0 addr Some(PciAddress { bus: 1, dev: 0, func: 0 })
[2026-04-15T07:19:50.067165290+00:00 ERROR devices::virtio::console::sys::linux] console input thread exited with error: failed creating WaitContext: Operation not permitted (os error 1)
[2026-04-15T07:19:50.067466048+00:00 DEBUG x86_64] 0x0000000000000000-0x000000000009ffff GuestMemoryRegion
[2026-04-15T07:19:50.067519448+00:00 DEBUG x86_64] 0x00000000000a0000-0x00000000000fffff ReservedMemory
[2026-04-15T07:19:50.067540244+00:00 DEBUG x86_64] 0x0000000000100000-0x00000000cfffffff GuestMemoryRegion
[2026-04-15T07:19:50.067557877+00:00 DEBUG x86_64] 0x0000000100000000-0x000000012fffffff GuestMemoryRegion
[2026-04-15T07:19:50.068367255+00:00 INFO  devices::sys::linux::acpi] Listening on acpi_mc_group of acpi_event family
[2026-04-15T07:19:50.069030114+00:00 DEBUG x86_64::bzimage] setup_header file offset range: 0x01f1..0x026c
[2026-04-15T07:19:50.080978999+00:00 INFO  x86_64] Loaded bzImage kernel
[2026-04-15T07:19:50.081051578+00:00 DEBUG x86_64] kernel_max_cmdline_len=2047
Terminated
