[Wed Apr 15 14:50:09 2026] e1000 0000:00:03.0 enp0s2: Detected Tx Unit Hang
                             Tx Queue             <0>
                             TDH                  <6c>
                             TDT                  <6c>
                             next_to_use          <6d>
                             next_to_clean        <6c>
                           buffer_info[next_to_clean]
                             time_stamp           <100614f9d>
                             next_to_watch        <6c>
                             jiffies              <100615744>
                             next_to_watch.status <0>
[Wed Apr 15 14:50:15 2026] e1000 0000:00:03.0 enp0s2: Detected Tx Unit Hang
                             Tx Queue             <0>
                             TDH                  <f9>
                             TDT                  <f9>
                             next_to_use          <fa>
                             next_to_clean        <f9>
                           buffer_info[next_to_clean]
                             time_stamp           <10061693e>
                             next_to_watch        <f9>
                             jiffies              <100616f44>
                             next_to_watch.status <0>
[Wed Apr 15 14:50:18 2026] e1000 0000:00:03.0 enp0s2: Detected Tx Unit Hang
                             Tx Queue             <0>
                             TDH                  <f9>
                             TDT                  <f9>
                             next_to_use          <fa>
                             next_to_clean        <f9>
                           buffer_info[next_to_clean]
                             time_stamp           <10061693e>
                             next_to_watch        <f9>
                             jiffies              <100617742>
                             next_to_watch.status <0>
[Wed Apr 15 14:50:24 2026] nvme nvme0: pci function 0000:01:00.0
[Wed Apr 15 14:50:24 2026] nvme nvme0: 32/0/0 default/read/poll queues
[Wed Apr 15 14:50:24 2026] nvme nvme0: Ignoring bogus Namespace Identifiers
