[102468.560023] clocksource: Long readout interval, skipping watchdog check: cs_nsec: 5750651924 wd_nsec: 5750651913
[102490.561068] pkvm: exception 14 on CPU10 @ip copy_gpa__pkvm.isra.0+0xf5/0x170 (0xffffffffa6200ad5), err code 0x2
[102542.002097] watchdog: BUG: soft lockup - CPU#30 stuck for 22s! [kcompactd0:218]
[102542.002694] Modules linked in: vfio_pci vfio_pci_core vfio_iommu_type1 vfio iommufd ib_core tls tcp_diag udp_diag inet_diag xt_conntrack xt_MASQUERADE bridge stp llc xfrm_user xfrm_algo xt_set ip_set nft_chain_nat nf_nat nf_conntrack nf_defrag_ipv6
nf_defrag_ipv4 xt_addrtype nft_compat nf_tables qrtr overlay intel_rapl_msr intel_rapl_common cfg80211 intel_uncore_frequency_common binfmt_misc ppdev nls_iso8859_1 skx_edac_common nfit rapl i2c_i801 parport_pc i2c_mux parport i2c_smbus lpc_ich joydev input_leds
mac_hid serio_raw sch_fq_codel dm_multipath msr efi_pstore nfnetlink dmi_sysfs qemu_fw_cfg ip_tables x_tables autofs4 btrfs blake2b_generic raid10 raid456 async_raid6_recov async_memcpy async_pq async_xor async_tx xor raid6_pq libcrc32c raid1 raid0 crct10dif_pclmul
crc32_pclmul polyval_clmulni polyval_generic bochs ghash_clmulni_intel nvme drm_vram_helper drm_ttm_helper sha256_ssse3 ahci nvme_core sha1_ssse3 e1000 psmouse ttm libahci virtio_rng nvme_auth aesni_intel crypto_simd cryptd
[102542.002892] CPU: 30 UID: 0 PID: 218 Comm: kcompactd0 Tainted: G S                 6.12.0-pkvm-ia #2
[102542.002895] Tainted: [S]=CPU_OUT_OF_SPEC
[102542.002897] Hardware name: QEMU Standard PC (Q35 + ICH9, 2009), BIOS 1.16.3-debian-1.16.3-2 04/01/2014
[102542.002898] RIP: 0010:smp_call_function_many_cond+0x155/0x550
[102542.002912] Code: 73 35 4c 63 e0 49 8b 1e 49 81 fc 00 20 00 00 0f 83 da 03 00 00 4a 03 1c e5 20 2f b9 a6 8b 53 08 48 89 de 83 e2 01 74 0a f3 90 <8b> 4e 08 83 e1 01 75 f6 83 c0 01 eb b1 48 83 c4 40 5b 41 5c 41 5d
[102542.002914] RSP: 0018:ff61e778808578e8 EFLAGS: 00000202
[102542.002916] RAX: 000000000000000a RBX: ff42eee9da947e80 RCX: 0000000000000001
[102542.002917] RDX: 0000000000000001 RSI: ff42eee9da947e80 RDI: 0000000000000000
[102542.002918] RBP: ff61e77880857950 R08: 0000000000000000 R09: 0000000000000000
[102542.002919] R10: 0000000000000000 R11: 0000000000000000 R12: 000000000000000a
[102542.002921] R13: 0000000000000001 R14: ff42eee9db33a380 R15: 000000000000001e
[102542.002922] FS:  0000000000000000(0000) GS:ff42eee9db300000(0000) knlGS:0000000000000000
[102542.002923] CS:  0010 DS: 0000 ES: 0000 CR0: 0000000080050033
[102542.002924] CR2: 000077eebc000020 CR3: 000000010a0ba001 CR4: 0000000000771ef0
[102542.002928] DR0: 0000000000000000 DR1: 0000000000000000 DR2: 0000000000000000
[102542.002929] DR3: 0000000000000000 DR6: 00000000fffe07f0 DR7: 0000000000000400
[102542.002930] PKRU: 55555554
[102542.002931] Call Trace:
[102542.002932]  <IRQ>
[102542.002934]  ? show_regs+0x6c/0x80
[102542.002939]  ? watchdog_timer_fn+0x218/0x2a0
[102542.002943]  ? __pfx_watchdog_timer_fn+0x10/0x10
[102542.002945]  ? __hrtimer_run_queues+0x10f/0x2a0
[102542.002948]  ? hrtimer_interrupt+0xf8/0x250
[102542.002951]  ? __sysvec_apic_timer_interrupt+0x56/0x130
[102542.002955]  ? sysvec_apic_timer_interrupt+0x9b/0xc0
[102542.002959]  </IRQ>
[102542.002959]  <TASK>
[102542.002960]  ? asm_sysvec_apic_timer_interrupt+0x1b/0x20
[102542.002972]  ? smp_call_function_many_cond+0x155/0x550
[102542.002974]  ? smp_call_function_many_cond+0x125/0x550
[102542.002975]  ? __pfx_flush_tlb_func+0x10/0x10
[102542.002980]  on_each_cpu_cond_mask+0x24/0x60
[102542.002982]  native_flush_tlb_multi+0x67/0x130
[102542.002985]  arch_tlbbatch_flush+0xfe/0x110
[102542.002986]  try_to_unmap_flush+0x38/0x60
[102542.002991]  migrate_pages_batch+0x772/0xd20
[102542.002996]  ? __pfx_compaction_alloc+0x10/0x10
[102542.002999]  ? __pfx_compaction_free+0x10/0x10
[102542.003001]  ? split_large_buddy+0xe2/0x140
[102542.003004]  ? cgroup_rstat_updated+0x198/0x390
[102542.003008]  ? __pfx_compaction_free+0x10/0x10
[102542.003009]  migrate_pages+0xabb/0xd40
[102542.003011]  ? __pfx_compaction_free+0x10/0x10
[102542.003013]  ? __pfx_compaction_alloc+0x10/0x10
[102542.003015]  compact_zone+0xafa/0x1220
[102542.003017]  ? psi_group_change+0x222/0x510
[102542.003022]  compact_node+0xb0/0x140
[102542.003026]  kcompactd+0x2f1/0x4e0
[102542.003028]  ? __pfx_autoremove_wake_function+0x10/0x10
[102542.003030]  ? __pfx_kcompactd+0x10/0x10
[102542.003031]  kthread+0xe4/0x110
[102542.003035]  ? __pfx_kthread+0x10/0x10
[102542.003038]  ret_from_fork+0x44/0x70
[102542.003041]  ? __pfx_kthread+0x10/0x10
[102542.003044]  ret_from_fork_asm+0x1a/0x30
[102542.003049]  </TASK>
[102550.652757] rcu: INFO: rcu_preempt detected stalls on CPUs/tasks:
[102550.654422] rcu:    10-...0: (1849 ticks this GP) idle=2644/1/0x4000000000000000 softirq=276072/276074 fqs=10972
[102550.655922] rcu:             hardirqs   softirqs   csw/system
[102550.656777] rcu:     number:        0          0            0
[102550.657619] rcu:    cputime:        0          0            0   ==> 30004(ms)
[102550.658606] rcu:    (detected by 26, t=60006 jiffies, g=2455917, q=30752 ncpus=32)
[102550.659274] Sending NMI from CPU 26 to CPUs 10:
[102550.659394] pkvm: exception 14 on CPU10 @ip copy_gpa__pkvm.isra.0+0xf5/0x170 (0xffffffffa6200ad5), err code 0x2
[102560.660928] nmi_backtrace_stall_check: CPU 10: NMIs are not reaching exc_nmi() handler (CPU was never in an NMI handler function)
[102560.660932] nmi_backtrace_stall_check: last activity: 4397226158 jiffies ago.
[102560.660936] rcu: rcu_preempt kthread starved for 9996 jiffies! g2455917 f0x0 RCU_GP_DOING_FQS(6) ->state=0x0 ->cpu=15
[102560.665300] rcu:    Unless rcu_preempt kthread gets sufficient CPU time, OOM is now expected behavior.
[102560.666855] rcu: RCU grace-period kthread stack dump:
[102560.667295] task:rcu_preempt     state:I stack:0     pid:17    tgid:17    ppid:2      flags:0x00004000
[102560.667300] Call Trace:
[102560.667301]  <TASK>
[102560.667305]  __schedule+0x3f9/0x16e0
[102560.667312]  ? __pfx_rcu_gp_kthread+0x10/0x10
[102560.667315]  schedule+0x29/0x130
[102560.667317]  schedule_timeout+0x9b/0x170
[102560.667319]  ? __pfx_process_timeout+0x10/0x10
[102560.667324]  rcu_gp_fqs_loop+0x105/0x550
[102560.667326]  rcu_gp_kthread+0xd6/0x1a0
[102560.667328]  kthread+0xe4/0x110
[102560.667332]  ? __pfx_kthread+0x10/0x10
[102560.667335]  ret_from_fork+0x44/0x70
[102560.667340]  ? __pfx_kthread+0x10/0x10
[102560.667342]  ret_from_fork_asm+0x1a/0x30
[102560.667348]  </TASK>
[102560.667349] rcu: Stack dump where RCU GP kthread last ran:
[102560.667794] Sending NMI from CPU 26 to CPUs 15:
[102560.667818] NMI backtrace for cpu 15
[102560.667822] CPU: 15 UID: 0 PID: 0 Comm: swapper/15 Tainted: G S           L     6.12.0-pkvm-ia #2
[102560.667825] Tainted: [S]=CPU_OUT_OF_SPEC, [L]=SOFTLOCKUP
[102560.667826] Hardware name: QEMU Standard PC (Q35 + ICH9, 2009), BIOS 1.16.3-debian-1.16.3-2 04/01/2014
[102560.667827] RIP: 0010:pv_native_safe_halt+0xb/0x10
[102560.667834] Code: 22 d7 31 ff c3 cc cc cc cc 66 0f 1f 44 00 00 90 90 90 90 90 90 90 90 90 90 90 90 90 90 90 90 eb 07 0f 00 2d 79 18 4e 00 fb f4 <e9> d0 3a 01 00 90 90 90 90 90 90 90 90 90 90 90 90 90 90 90 90 83
[102560.667835] RSP: 0018:ff61e77880133e88 EFLAGS: 00000246
[102560.667837] RAX: 0000000000000000 RBX: ff42eee580ce2f40 RCX: 0000000000000000
[102560.667838] RDX: 000000000000000f RSI: 0000000000000000 RDI: 0000000000000000
[102560.667839] RBP: ff61e77880133e90 R08: 0000000000000000 R09: 0000000000000000
[102560.667840] R10: 0000000000000000 R11: 0000000000000000 R12: 000000000000000f
[102560.667841] R13: 0000000000000000 R14: 0000000000000000 R15: 0000000000000000
[102560.667841] FS:  0000000000000000(0000) GS:ff42eee9dab80000(0000) knlGS:0000000000000000
[102560.667843] CS:  0010 DS: 0000 ES: 0000 CR0: 0000000080050033
[102560.667844] CR2: 0000000036309000 CR3: 000000011c34a006 CR4: 0000000000771ef0
[102560.667848] DR0: 0000000000000000 DR1: 0000000000000000 DR2: 0000000000000000
[102560.667848] DR3: 0000000000000000 DR6: 00000000fffe07f0 DR7: 0000000000000400
[102560.667849] PKRU: 55555554
[102560.667850] Call Trace:
[102560.667851]  <NMI>
[102560.667853]  ? show_regs+0x6c/0x80
[102560.667859]  ? nmi_cpu_backtrace+0xb5/0x120
[102560.667865]  ? nmi_cpu_backtrace_handler+0x11/0x20
[102560.667870]  ? nmi_handle+0x64/0x180
[102560.667871]  ? default_do_nmi+0x47/0x150
[102560.667877]  ? exc_nmi+0x1c1/0x290
[102560.667879]  ? end_repeat_nmi+0xf/0x53
[102560.667886]  ? pv_native_safe_halt+0xb/0x10
[102560.667888]  ? pv_native_safe_halt+0xb/0x10
[102560.667890]  ? pv_native_safe_halt+0xb/0x10
[102560.667892]  </NMI>
[102560.667892]  <TASK>
[102560.667893]  ? default_idle+0x9/0x30
[102560.667899]  arch_cpu_idle+0x9/0x10
[102560.667901]  default_idle_call+0x30/0x100
[102560.667904]  do_idle+0x1fa/0x240
[102560.667908]  cpu_startup_entry+0x29/0x30
[102560.667910]  start_secondary+0x129/0x160
[102560.667913]  common_startup_64+0x13e/0x141
[102560.667917]  </TASK>
[102560.669006] sched: DL replenish lagged too much
[102570.002544] watchdog: BUG: soft lockup - CPU#30 stuck for 48s! [kcompactd0:218]
[102570.003117] Modules linked in: vfio_pci vfio_pci_core vfio_iommu_type1 vfio iommufd ib_core tls tcp_diag udp_diag inet_diag xt_conntrack xt_MASQUERADE bridge stp llc xfrm_user xfrm_algo xt_set ip_set nft_chain_nat nf_nat nf_conntrack nf_defrag_ipv6
nf_defrag_ipv4 xt_addrtype nft_compat nf_tables qrtr overlay intel_rapl_msr intel_rapl_common cfg80211 intel_uncore_frequency_common binfmt_misc ppdev nls_iso8859_1 skx_edac_common nfit rapl i2c_i801 parport_pc i2c_mux parport i2c_smbus lpc_ich joydev input_leds
mac_hid serio_raw sch_fq_codel dm_multipath msr efi_pstore nfnetlink dmi_sysfs qemu_fw_cfg ip_tables x_tables autofs4 btrfs blake2b_generic raid10 raid456 async_raid6_recov async_memcpy async_pq async_xor async_tx xor raid6_pq libcrc32c raid1 raid0 crct10dif_pclmul
crc32_pclmul polyval_clmulni polyval_generic bochs ghash_clmulni_intel nvme drm_vram_helper drm_ttm_helper sha256_ssse3 ahci nvme_core sha1_ssse3 e1000 psmouse ttm libahci virtio_rng nvme_auth aesni_intel crypto_simd cryptd
[102570.003171] CPU: 30 UID: 0 PID: 218 Comm: kcompactd0 Tainted: G S           L     6.12.0-pkvm-ia #2
[102570.003174] Tainted: [S]=CPU_OUT_OF_SPEC, [L]=SOFTLOCKUP
[102570.003175] Hardware name: QEMU Standard PC (Q35 + ICH9, 2009), BIOS 1.16.3-debian-1.16.3-2 04/01/2014
[102570.003176] RIP: 0010:smp_call_function_many_cond+0x155/0x550
[102570.003180] Code: 73 35 4c 63 e0 49 8b 1e 49 81 fc 00 20 00 00 0f 83 da 03 00 00 4a 03 1c e5 20 2f b9 a6 8b 53 08 48 89 de 83 e2 01 74 0a f3 90 <8b> 4e 08 83 e1 01 75 f6 83 c0 01 eb b1 48 83 c4 40 5b 41 5c 41 5d
[102570.003182] RSP: 0018:ff61e778808578e8 EFLAGS: 00000202
[102570.003184] RAX: 000000000000000a RBX: ff42eee9da947e80 RCX: 0000000000000001
[102570.003185] RDX: 0000000000000001 RSI: ff42eee9da947e80 RDI: 0000000000000000
[102570.003187] RBP: ff61e77880857950 R08: 0000000000000000 R09: 0000000000000000
[102570.003188] R10: 0000000000000000 R11: 0000000000000000 R12: 000000000000000a
[102570.003189] R13: 0000000000000001 R14: ff42eee9db33a380 R15: 000000000000001e
[102570.003190] FS:  0000000000000000(0000) GS:ff42eee9db300000(0000) knlGS:0000000000000000
[102570.003191] CS:  0010 DS: 0000 ES: 0000 CR0: 0000000080050033
[102570.003192] CR2: 000077eebc000020 CR3: 000000010a0ba001 CR4: 0000000000771ef0
[102570.003196] DR0: 0000000000000000 DR1: 0000000000000000 DR2: 0000000000000000
[102570.003197] DR3: 0000000000000000 DR6: 00000000fffe07f0 DR7: 0000000000000400
[102570.003198] PKRU: 55555554
[102570.003199] Call Trace:
[102570.003200]  <IRQ>
[102570.003202]  ? show_regs+0x6c/0x80
[102570.003207]  ? watchdog_timer_fn+0x218/0x2a0
[102570.003210]  ? __pfx_watchdog_timer_fn+0x10/0x10
[102570.003212]  ? __hrtimer_run_queues+0x10f/0x2a0
[102570.003214]  ? hrtimer_interrupt+0xf8/0x250
[102570.003216]  ? __sysvec_apic_timer_interrupt+0x56/0x130
[102570.003220]  ? sysvec_apic_timer_interrupt+0x9b/0xc0
[102570.003224]  </IRQ>
[102570.003224]  <TASK>
[102570.003225]  ? asm_sysvec_apic_timer_interrupt+0x1b/0x20
[102570.003229]  ? smp_call_function_many_cond+0x155/0x550
[102570.003231]  ? smp_call_function_many_cond+0x125/0x550
[102570.003233]  ? __pfx_flush_tlb_func+0x10/0x10
[102570.003237]  on_each_cpu_cond_mask+0x24/0x60
[102570.003238]  native_flush_tlb_multi+0x67/0x130
[102570.003241]  arch_tlbbatch_flush+0xfe/0x110
[102570.003243]  try_to_unmap_flush+0x38/0x60
[102570.003247]  migrate_pages_batch+0x772/0xd20
[102570.003251]  ? __pfx_compaction_alloc+0x10/0x10
[102570.003253]  ? __pfx_compaction_free+0x10/0x10
[102570.003255]  ? split_large_buddy+0xe2/0x140
[102570.003258]  ? cgroup_rstat_updated+0x198/0x390
[102570.003261]  ? __pfx_compaction_free+0x10/0x10
[102570.003262]  migrate_pages+0xabb/0xd40
[102570.003264]  ? __pfx_compaction_free+0x10/0x10
[102570.003265]  ? __pfx_compaction_alloc+0x10/0x10
[102570.003268]  compact_zone+0xafa/0x1220
[102570.003270]  ? psi_group_change+0x222/0x510
[102570.003274]  compact_node+0xb0/0x140
[102570.003277]  kcompactd+0x2f1/0x4e0
[102570.003279]  ? __pfx_autoremove_wake_function+0x10/0x10
[102570.003281]  ? __pfx_kcompactd+0x10/0x10
[102570.003282]  kthread+0xe4/0x110
[102570.003286]  ? __pfx_kthread+0x10/0x10
[102570.003289]  ret_from_fork+0x44/0x70
[102570.003292]  ? __pfx_kthread+0x10/0x10
[102570.003294]  ret_from_fork_asm+0x1a/0x30
[102570.003299]  </TASK>
