=== dmesg keywords ===

=== crosvm keywords ===
9:[2026-03-16T09:38:25.330165233+00:00 DEBUG devices::pci::vfio_pci] parsed device PCI address 0000:01:00.0
12:[2026-03-16T09:38:25.391060917+00:00 DEBUG devices::pci::vfio_pci] set_gpe: gpe-nr 0 addr Some(PciAddress { bus: 1, dev: 0, func: 0 })
22:[2026-03-16T09:38:30.461970683+00:00 ERROR devices::pci::vfio_pci] vfio 0000:01:00.0 device: failed to enable ACPI notifications
23:[2026-03-16T09:38:30.589319937+00:00 ERROR devices::proxy] failed to read result of WriteConfig { reg_idx: 1, offset: 0, len: 2, data: [3, 5, 0, 0] } from child device process vfio 0000:01:00.0 device: tube was disconnected
24:[2026-03-16T09:38:30.595131415+00:00 ERROR devices::proxy] failed write to child device process vfio 0000:01:00.0 device: failed to send packet: Broken pipe (os error 32)
25:[2026-03-16T09:38:30.595190279+00:00 ERROR devices::proxy] failed to read result of ReadConfig(1) from child device process vfio 0000:01:00.0 device: tube was disconnected
26:[2026-03-16T09:38:30.598914252+00:00 ERROR devices::proxy] failed write to child device process vfio 0000:01:00.0 device: failed to send packet: Broken pipe (os error 32)
27:[2026-03-16T09:38:30.598949194+00:00 ERROR devices::proxy] failed to read result of WriteConfig { reg_idx: 1, offset: 0, len: 2, data: [3, 1, 0, 0] } from child device process vfio 0000:01:00.0 device: tube was disconnected
28:[2026-03-16T09:38:30.602506183+00:00 ERROR devices::proxy] failed write to child device process vfio 0000:01:00.0 device: failed to send packet: Broken pipe (os error 32)
29:[2026-03-16T09:38:30.602539755+00:00 ERROR devices::proxy] failed to read result of ReadConfig(15) from child device process vfio 0000:01:00.0 device: tube was disconnected
30:[2026-03-16T09:38:30.605710858+00:00 ERROR devices::proxy] failed write to child device process vfio 0000:01:00.0 device: failed to send packet: Broken pipe (os error 32)
31:[2026-03-16T09:38:30.605746443+00:00 ERROR devices::proxy] failed to read result of ReadConfig(1) from child device process vfio 0000:01:00.0 device: tube was disconnected
32:[2026-03-16T09:38:30.608920160+00:00 ERROR devices::proxy] failed write to child device process vfio 0000:01:00.0 device: failed to send packet: Broken pipe (os error 32)
33:[2026-03-16T09:38:30.608954746+00:00 ERROR devices::proxy] failed to read result of ReadConfig(4) from child device process vfio 0000:01:00.0 device: tube was disconnected
34:[2026-03-16T09:38:30.612151256+00:00 ERROR devices::proxy] failed write to child device process vfio 0000:01:00.0 device: failed to send packet: Broken pipe (os error 32)
35:[2026-03-16T09:38:30.612185283+00:00 ERROR devices::proxy] failed to read result of WriteConfig { reg_idx: 4, offset: 0, len: 4, data: [255, 255, 255, 255] } from child device process vfio 0000:01:00.0 device: tube was disconnected
36:[2026-03-16T09:38:30.615753357+00:00 ERROR devices::proxy] failed write to child device process vfio 0000:01:00.0 device: failed to send packet: Broken pipe (os error 32)
37:[2026-03-16T09:38:30.615787096+00:00 ERROR devices::proxy] failed to read result of ReadConfig(4) from child device process vfio 0000:01:00.0 device: tube was disconnected
38:[2026-03-16T09:38:30.618939715+00:00 ERROR devices::proxy] failed write to child device process vfio 0000:01:00.0 device: failed to send packet: Broken pipe (os error 32)
39:[2026-03-16T09:38:30.618974928+00:00 ERROR devices::proxy] failed to read result of WriteConfig { reg_idx: 4, offset: 0, len: 4, data: [0, 0, 0, 0] } from child device process vfio 0000:01:00.0 device: tube was disconnected
40:[2026-03-16T09:38:30.622496909+00:00 ERROR devices::proxy] failed write to child device process vfio 0000:01:00.0 device: failed to send packet: Broken pipe (os error 32)
41:[2026-03-16T09:38:30.622532395+00:00 ERROR devices::proxy] failed to read result of ReadConfig(1) from child device process vfio 0000:01:00.0 device: tube was disconnected
42:[2026-03-16T09:38:30.625725559+00:00 ERROR devices::proxy] failed write to child device process vfio 0000:01:00.0 device: failed to send packet: Broken pipe (os error 32)
43:[2026-03-16T09:38:30.625761399+00:00 ERROR devices::proxy] failed to read result of ReadConfig(5) from child device process vfio 0000:01:00.0 device: tube was disconnected
44:[2026-03-16T09:38:30.628913803+00:00 ERROR devices::proxy] failed write to child device process vfio 0000:01:00.0 device: failed to send packet: Broken pipe (os error 32)
45:[2026-03-16T09:38:30.628948803+00:00 ERROR devices::proxy] failed to read result of WriteConfig { reg_idx: 5, offset: 0, len: 4, data: [255, 255, 255, 255] } from child device process vfio 0000:01:00.0 device: tube was disconnected
46:[2026-03-16T09:38:30.632563294+00:00 ERROR devices::proxy] failed write to child device process vfio 0000:01:00.0 device: failed to send packet: Broken pipe (os error 32)
47:[2026-03-16T09:38:30.632598128+00:00 ERROR devices::proxy] failed to read result of ReadConfig(5) from child device process vfio 0000:01:00.0 device: tube was disconnected
48:[2026-03-16T09:38:30.635817513+00:00 ERROR devices::proxy] failed write to child device process vfio 0000:01:00.0 device: failed to send packet: Broken pipe (os error 32)
49:[2026-03-16T09:38:30.635851950+00:00 ERROR devices::proxy] failed to read result of WriteConfig { reg_idx: 5, offset: 0, len: 4, data: [0, 0, 0, 0] } from child device process vfio 0000:01:00.0 device: tube was disconnected
50:[2026-03-16T09:38:30.639397494+00:00 ERROR devices::proxy] failed write to child device process vfio 0000:01:00.0 device: failed to send packet: Broken pipe (os error 32)
51:[2026-03-16T09:38:30.639431799+00:00 ERROR devices::proxy] failed to read result of ReadConfig(1) from child device process vfio 0000:01:00.0 device: tube was disconnected
52:[2026-03-16T09:38:30.642718489+00:00 ERROR devices::proxy] failed write to child device process vfio 0000:01:00.0 device: failed to send packet: Broken pipe (os error 32)
53:[2026-03-16T09:38:30.642753642+00:00 ERROR devices::proxy] failed to read result of ReadConfig(6) from child device process vfio 0000:01:00.0 device: tube was disconnected
54:[2026-03-16T09:38:30.645827185+00:00 ERROR devices::proxy] failed write to child device process vfio 0000:01:00.0 device: failed to send packet: Broken pipe (os error 32)
55:[2026-03-16T09:38:30.645861400+00:00 ERROR devices::proxy] failed to read result of WriteConfig { reg_idx: 6, offset: 0, len: 4, data: [255, 255, 255, 255] } from child device process vfio 0000:01:00.0 device: tube was disconnected
56:[2026-03-16T09:38:30.649504941+00:00 ERROR devices::proxy] failed write to child device process vfio 0000:01:00.0 device: failed to send packet: Broken pipe (os error 32)
57:[2026-03-16T09:38:30.649539530+00:00 ERROR devices::proxy] failed to read result of ReadConfig(6) from child device process vfio 0000:01:00.0 device: tube was disconnected
58:[2026-03-16T09:38:30.652785475+00:00 ERROR devices::proxy] failed write to child device process vfio 0000:01:00.0 device: failed to send packet: Broken pipe (os error 32)
59:[2026-03-16T09:38:30.652820310+00:00 ERROR devices::proxy] failed to read result of WriteConfig { reg_idx: 6, offset: 0, len: 4, data: [0, 0, 0, 0] } from child device process vfio 0000:01:00.0 device: tube was disconnected
60:[2026-03-16T09:38:30.656415540+00:00 ERROR devices::proxy] failed write to child device process vfio 0000:01:00.0 device: failed to send packet: Broken pipe (os error 32)
61:[2026-03-16T09:38:30.656450470+00:00 ERROR devices::proxy] failed to read result of ReadConfig(1) from child device process vfio 0000:01:00.0 device: tube was disconnected
62:[2026-03-16T09:38:30.659658221+00:00 ERROR devices::proxy] failed write to child device process vfio 0000:01:00.0 device: failed to send packet: Broken pipe (os error 32)
63:[2026-03-16T09:38:30.659692101+00:00 ERROR devices::proxy] failed to read result of ReadConfig(7) from child device process vfio 0000:01:00.0 device: tube was disconnected
64:[2026-03-16T09:38:30.662902501+00:00 ERROR devices::proxy] failed write to child device process vfio 0000:01:00.0 device: failed to send packet: Broken pipe (os error 32)
65:[2026-03-16T09:38:30.662937894+00:00 ERROR devices::proxy] failed to read result of WriteConfig { reg_idx: 7, offset: 0, len: 4, data: [255, 255, 255, 255] } from child device process vfio 0000:01:00.0 device: tube was disconnected
66:[2026-03-16T09:38:30.666582813+00:00 ERROR devices::proxy] failed write to child device process vfio 0000:01:00.0 device: failed to send packet: Broken pipe (os error 32)
67:[2026-03-16T09:38:30.666616933+00:00 ERROR devices::proxy] failed to read result of ReadConfig(7) from child device process vfio 0000:01:00.0 device: tube was disconnected
68:[2026-03-16T09:38:30.669775212+00:00 ERROR devices::proxy] failed write to child device process vfio 0000:01:00.0 device: failed to send packet: Broken pipe (os error 32)
69:[2026-03-16T09:38:30.669809998+00:00 ERROR devices::proxy] failed to read result of WriteConfig { reg_idx: 7, offset: 0, len: 4, data: [0, 0, 0, 0] } from child device process vfio 0000:01:00.0 device: tube was disconnected
70:[2026-03-16T09:38:30.673368418+00:00 ERROR devices::proxy] failed write to child device process vfio 0000:01:00.0 device: failed to send packet: Broken pipe (os error 32)
71:[2026-03-16T09:38:30.673401880+00:00 ERROR devices::proxy] failed to read result of ReadConfig(1) from child device process vfio 0000:01:00.0 device: tube was disconnected
72:[2026-03-16T09:38:30.676563632+00:00 ERROR devices::proxy] failed write to child device process vfio 0000:01:00.0 device: failed to send packet: Broken pipe (os error 32)
73:[2026-03-16T09:38:30.676598777+00:00 ERROR devices::proxy] failed to read result of ReadConfig(8) from child device process vfio 0000:01:00.0 device: tube was disconnected
74:[2026-03-16T09:38:30.679793234+00:00 ERROR devices::proxy] failed write to child device process vfio 0000:01:00.0 device: failed to send packet: Broken pipe (os error 32)
75:[2026-03-16T09:38:30.679828384+00:00 ERROR devices::proxy] failed to read result of WriteConfig { reg_idx: 8, offset: 0, len: 4, data: [255, 255, 255, 255] } from child device process vfio 0000:01:00.0 device: tube was disconnected
76:[2026-03-16T09:38:30.683442215+00:00 ERROR devices::proxy] failed write to child device process vfio 0000:01:00.0 device: failed to send packet: Broken pipe (os error 32)
77:[2026-03-16T09:38:30.683478125+00:00 ERROR devices::proxy] failed to read result of ReadConfig(8) from child device process vfio 0000:01:00.0 device: tube was disconnected
78:[2026-03-16T09:38:30.686669968+00:00 ERROR devices::proxy] failed write to child device process vfio 0000:01:00.0 device: failed to send packet: Broken pipe (os error 32)
79:[2026-03-16T09:38:30.686705186+00:00 ERROR devices::proxy] failed to read result of WriteConfig { reg_idx: 8, offset: 0, len: 4, data: [0, 0, 0, 0] } from child device process vfio 0000:01:00.0 device: tube was disconnected
80:[2026-03-16T09:38:30.690244318+00:00 ERROR devices::proxy] failed write to child device process vfio 0000:01:00.0 device: failed to send packet: Broken pipe (os error 32)
81:[2026-03-16T09:38:30.690278533+00:00 ERROR devices::proxy] failed to read result of ReadConfig(1) from child device process vfio 0000:01:00.0 device: tube was disconnected
82:[2026-03-16T09:38:30.693536668+00:00 ERROR devices::proxy] failed write to child device process vfio 0000:01:00.0 device: failed to send packet: Broken pipe (os error 32)
83:[2026-03-16T09:38:30.693581736+00:00 ERROR devices::proxy] failed to read result of ReadConfig(9) from child device process vfio 0000:01:00.0 device: tube was disconnected
84:[2026-03-16T09:38:30.693832131+00:00 ERROR devices::proxy] failed write to child device process vfio 0000:01:00.0 device: failed to send packet: Broken pipe (os error 32)
85:[2026-03-16T09:38:30.693862292+00:00 ERROR devices::proxy] failed to read result of WriteConfig { reg_idx: 9, offset: 0, len: 4, data: [255, 255, 255, 255] } from child device process vfio 0000:01:00.0 device: tube was disconnected
86:[2026-03-16T09:38:30.694041801+00:00 ERROR devices::proxy] failed write to child device process vfio 0000:01:00.0 device: failed to send packet: Broken pipe (os error 32)
87:[2026-03-16T09:38:30.694070960+00:00 ERROR devices::proxy] failed to read result of ReadConfig(9) from child device process vfio 0000:01:00.0 device: tube was disconnected
88:[2026-03-16T09:38:30.694250004+00:00 ERROR devices::proxy] failed write to child device process vfio 0000:01:00.0 device: failed to send packet: Broken pipe (os error 32)
89:[2026-03-16T09:38:30.694278034+00:00 ERROR devices::proxy] failed to read result of WriteConfig { reg_idx: 9, offset: 0, len: 4, data: [0, 0, 0, 0] } from child device process vfio 0000:01:00.0 device: tube was disconnected
90:[2026-03-16T09:38:30.694459663+00:00 ERROR devices::proxy] failed write to child device process vfio 0000:01:00.0 device: failed to send packet: Broken pipe (os error 32)
91:[2026-03-16T09:38:30.694489264+00:00 ERROR devices::proxy] failed to read result of ReadConfig(1) from child device process vfio 0000:01:00.0 device: tube was disconnected
92:[2026-03-16T09:38:30.694684735+00:00 ERROR devices::proxy] failed write to child device process vfio 0000:01:00.0 device: failed to send packet: Broken pipe (os error 32)
93:[2026-03-16T09:38:30.694712878+00:00 ERROR devices::proxy] failed to read result of ReadConfig(12) from child device process vfio 0000:01:00.0 device: tube was disconnected
94:[2026-03-16T09:38:30.696264609+00:00 ERROR crosvm::crosvm::sys::linux] child vfio 0000:01:00.0 device (pid 2985) exited: signo 17, status 31, code 3
95:[2026-03-16T09:38:30.724732317+00:00 ERROR devices::proxy] failed write to child device process vfio 0000:01:00.0 device: failed to send packet: Broken pipe (os error 32)
96:[2026-03-16T09:38:30.724787486+00:00 ERROR devices::proxy] failed to read result of Shutdown from child device process vfio 0000:01:00.0 device: tube was disconnected
