mrgeek@ubuntu-vm:~/pkvm-x86$ sudo PROTECTED=1 SETUP_NET=0 VFIO_DEV=0000:01:00.0 ./scripts/run-crosvm.sh
run-crosvm: SETUP_NET=0: skipping tap/iptables/sysctl network setup; guest will have no network device
run-crosvm: enabling VFIO passthrough: 0000:01:00.0 (no virtual iommu, mapping all guest ram)
[2026-03-23T17:17:05.952503693+00:00 DEBUG crosvm::crosvm::sys::linux] creating hypervisor: Kvm { device: Some("/dev/kvm") }
[2026-03-23T17:17:05.953289772+00:00 DEBUG x86_64] 0x0000000000000000-0x000000000009ffff GuestMemoryRegion
[2026-03-23T17:17:05.953418298+00:00 DEBUG x86_64] 0x00000000000a0000-0x00000000000fffff ReservedMemory
[2026-03-23T17:17:05.953448697+00:00 DEBUG x86_64] 0x0000000000100000-0x00000000cfffffff GuestMemoryRegion
[2026-03-23T17:17:05.953475315+00:00 DEBUG x86_64] 0x0000000100000000-0x000000012fffffff GuestMemoryRegion
[2026-03-23T17:17:22.130177712+00:00 DEBUG devices::pci::vfio_pci] parsed device PCI address 0000:01:00.0
[2026-03-23T17:17:22.132814395+00:00 INFO  crosvm::crosvm::sys::linux::device_helpers] Trying to attach block device: /home/mrgeek/pkvm-x86/images/guest/ubuntuguest.qcow2
[2026-03-23T17:17:22.132930186+00:00 INFO  disk] disk size 8379367424
[2026-03-23T17:17:22.199991096+00:00 ERROR devices::pci::pci_root] Failed to map mmio page; failed to create vm mapping

Caused by:
    Invalid argument (os error 22)
[2026-03-23T17:17:22.202101776+00:00 DEBUG devices::pci::vfio_pci] set_gpe: gpe-nr 0 addr Some(PciAddress { bus: 1, dev: 0, func: 0 })
[2026-03-23T17:17:22.203274033+00:00 ERROR devices::pci::pci_root] Failed to map mmio page; failed to create vm mapping

Caused by:
    Invalid argument (os error 22)
[2026-03-23T17:17:22.203484339+00:00 ERROR devices::pci::pci_root] Failed to map mmio page; failed to create vm mapping

Caused by:
    Invalid argument (os error 22)
[2026-03-23T17:17:22.203631744+00:00 ERROR devices::pci::pci_root] Failed to map mmio page; failed to create vm mapping

Caused by:
    Invalid argument (os error 22)
[2026-03-23T17:17:22.203766194+00:00 ERROR devices::pci::pci_root] Failed to map mmio page; failed to create vm mapping

Caused by:
    Invalid argument (os error 22)
[2026-03-23T17:17:22.204325919+00:00 DEBUG x86_64] 0x0000000000000000-0x000000000009ffff GuestMemoryRegion
[2026-03-23T17:17:22.204554320+00:00 DEBUG x86_64] 0x00000000000a0000-0x00000000000fffff ReservedMemory
[2026-03-23T17:17:22.204621346+00:00 DEBUG x86_64] 0x0000000000100000-0x00000000cfffffff GuestMemoryRegion
[2026-03-23T17:17:22.204705119+00:00 DEBUG x86_64] 0x0000000100000000-0x000000012fffffff GuestMemoryRegion
[2026-03-23T17:17:22.205811341+00:00 INFO  devices::sys::linux::acpi] Listening on acpi_mc_group of acpi_event family
[2026-03-23T17:17:22.207551886+00:00 DEBUG x86_64::bzimage] setup_header file offset range: 0x01f1..0x026c
[2026-03-23T17:17:22.215543565+00:00 INFO  x86_64] Loaded bzImage kernel
[2026-03-23T17:17:22.215605209+00:00 DEBUG x86_64] kernel_max_cmdline_len=2047
[2026-03-23T17:17:40.987122107+00:00 ERROR crosvm::crosvm::sys::linux::vcpu] vcpu hit unknown error: Bad address (os error 14)
[2026-03-23T17:17:40.989008124+00:00 INFO  crosvm::crosvm::sys::linux] vcpu crashed
[2026-03-23T17:17:40.989096382+00:00 ERROR crosvm::crosvm::sys::linux::vcpu] failed to send VcpuControl: sending on a closed channel
[2026-03-23T17:17:41.335113596+00:00 INFO  crosvm] exiting with success
