Apr 27 07:28:39 ubuntu-vm kernel: nvme nvme0: pci function 0000:01:00.0
Apr 27 07:28:39 ubuntu-vm kernel: nvme nvme0: 32/0/0 default/read/poll queues
Apr 27 07:28:39 ubuntu-vm kernel: nvme nvme0: Ignoring bogus Namespace Identifiers
Apr 27 07:37:18 ubuntu-vm kernel: e1000 0000:00:03.0 enp0s2: Detected Tx Unit Hang
                                    Tx Queue             <0>
                                    TDH                  <7b>
                                    TDT                  <7b>
                                    next_to_use          <7c>
                                    next_to_clean        <7b>
                                  buffer_info[next_to_clean]
                                    time_stamp           <100086ec2>
                                    next_to_watch        <7b>
                                    jiffies              <100087343>
                                    next_to_watch.status <0>
Apr 27 07:37:22 ubuntu-vm kernel: e1000 0000:00:03.0 enp0s2: Detected Tx Unit Hang
                                    Tx Queue             <0>
                                    TDH                  <8a>
                                    TDT                  <8a>
                                    next_to_use          <8b>
                                    next_to_clean        <8a>
                                  buffer_info[next_to_clean]
                                    time_stamp           <100087b36>
                                    next_to_watch        <8a>
                                    jiffies              <100088345>
                                    next_to_watch.status <0>
Apr 27 07:37:24 ubuntu-vm kernel: e1000 0000:00:03.0 enp0s2: Detected Tx Unit Hang
                                    Tx Queue             <0>
                                    TDH                  <8a>
                                    TDT                  <8a>
                                    next_to_use          <8b>
                                    next_to_clean        <8a>
                                  buffer_info[next_to_clean]
                                    time_stamp           <100087b36>
                                    next_to_watch        <8a>
                                    jiffies              <100088b44>
                                    next_to_watch.status <0>
Apr 27 07:38:31 ubuntu-vm kernel: sched: DL replenish lagged too much
Apr 27 07:39:33 ubuntu-vm kernel: e1000 0000:00:03.0 enp0s2: Detected Tx Unit Hang
                                    Tx Queue             <0>
                                    TDH                  <94>
                                    TDT                  <94>
                                    next_to_use          <95>
                                    next_to_clean        <94>
                                  buffer_info[next_to_clean]
                                    time_stamp           <1000a7a0a>
                                    next_to_watch        <94>
                                    jiffies              <1000a8001>
                                    next_to_watch.status <0>
Apr 27 07:39:37 ubuntu-vm kernel: e1000 0000:00:03.0 enp0s2: Detected Tx Unit Hang
                                    Tx Queue             <0>
                                    TDH                  <ba>
                                    TDT                  <ba>
                                    next_to_use          <bb>
                                    next_to_clean        <ba>
                                  buffer_info[next_to_clean]
                                    time_stamp           <1000a8704>
                                    next_to_watch        <ba>
                                    jiffies              <1000a9002>
                                    next_to_watch.status <0>
Apr 27 07:39:39 ubuntu-vm kernel: e1000 0000:00:03.0 enp0s2: Detected Tx Unit Hang
                                    Tx Queue             <0>
                                    TDH                  <ba>
                                    TDT                  <ba>
                                    next_to_use          <bb>
                                    next_to_clean        <ba>
                                  buffer_info[next_to_clean]
                                    time_stamp           <1000a8704>
                                    next_to_watch        <ba>
                                    jiffies              <1000a9804>
                                    next_to_watch.status <0>
Apr 27 07:40:50 ubuntu-vm kernel: nvme nvme0: pci function 0000:01:00.0
Apr 27 07:40:50 ubuntu-vm kernel: nvme nvme0: 32/0/0 default/read/poll queues
Apr 27 07:40:50 ubuntu-vm kernel: nvme nvme0: Ignoring bogus Namespace Identifiers
