Mar 23 17:06:06.932482 ubuntu-vm boot005-crosvm[1538]: run-crosvm: SETUP_NET=0: skipping tap/iptables/sysctl network setup; guest will have no network device
Mar 23 17:06:06.932482 ubuntu-vm boot005-crosvm[1538]: run-crosvm: enabling VFIO passthrough: 0000:01:00.0 (iommu=viommu)
Mar 23 17:06:06.959066 ubuntu-vm boot005-crosvm[1538]: [2026-03-23T17:06:06.958393796+00:00 DEBUG crosvm::crosvm::sys::linux] creating hypervisor: Kvm { device: Some("/dev/kvm") }
Mar 23 17:06:06.959651 ubuntu-vm boot005-crosvm[1538]: [2026-03-23T17:06:06.959278977+00:00 DEBUG x86_64] 0x0000000000000000-0x000000000009ffff GuestMemoryRegion
Mar 23 17:06:06.959651 ubuntu-vm boot005-crosvm[1538]: [2026-03-23T17:06:06.959409962+00:00 DEBUG x86_64] 0x00000000000a0000-0x00000000000fffff ReservedMemory
Mar 23 17:06:06.959651 ubuntu-vm boot005-crosvm[1538]: [2026-03-23T17:06:06.959427978+00:00 DEBUG x86_64] 0x0000000000100000-0x00000000cfffffff GuestMemoryRegion
Mar 23 17:06:06.959651 ubuntu-vm boot005-crosvm[1538]: [2026-03-23T17:06:06.959441760+00:00 DEBUG x86_64] 0x0000000100000000-0x000000012fffffff GuestMemoryRegion
Mar 23 17:06:07.088261 ubuntu-vm boot005-crosvm[1538]: [2026-03-23T17:06:07.087898889+00:00 DEBUG devices::pci::vfio_pci] parsed device PCI address 0000:01:00.0
Mar 23 17:06:07.091223 ubuntu-vm boot005-crosvm[1538]: [2026-03-23T17:06:07.090897292+00:00 INFO  crosvm::crosvm::sys::linux::device_helpers] Trying to attach block device: /home/mrgeek/pkvm-x86/images/guest/ubuntuguest.qcow2
Mar 23 17:06:07.091223 ubuntu-vm boot005-crosvm[1538]: [2026-03-23T17:06:07.090987204+00:00 INFO  disk] disk size 8379367424
Mar 23 17:06:07.157274 ubuntu-vm boot005-crosvm[1538]: [2026-03-23T17:06:07.157026248+00:00 ERROR devices::pci::pci_root] Failed to map mmio page; failed to create vm mapping
Mar 23 17:06:07.157274 ubuntu-vm boot005-crosvm[1538]: Caused by:
Mar 23 17:06:07.157274 ubuntu-vm boot005-crosvm[1538]:     Invalid argument (os error 22)
Mar 23 17:06:07.159179 ubuntu-vm boot005-crosvm[1538]: [2026-03-23T17:06:07.158954117+00:00 DEBUG devices::pci::vfio_pci] set_gpe: gpe-nr 0 addr Some(PciAddress { bus: 1, dev: 0, func: 0 })
Mar 23 17:06:07.160058 ubuntu-vm boot005-crosvm[1538]: [2026-03-23T17:06:07.159876487+00:00 ERROR devices::pci::pci_root] Failed to map mmio page; failed to create vm mapping
Mar 23 17:06:07.160058 ubuntu-vm boot005-crosvm[1538]: Caused by:
Mar 23 17:06:07.160058 ubuntu-vm boot005-crosvm[1538]:     Invalid argument (os error 22)
Mar 23 17:06:07.160292 ubuntu-vm boot005-crosvm[1538]: [2026-03-23T17:06:07.160143125+00:00 ERROR devices::pci::pci_root] Failed to map mmio page; failed to create vm mapping
Mar 23 17:06:07.160292 ubuntu-vm boot005-crosvm[1538]: Caused by:
Mar 23 17:06:07.160292 ubuntu-vm boot005-crosvm[1538]:     Invalid argument (os error 22)
Mar 23 17:06:07.160422 ubuntu-vm boot005-crosvm[1538]: [2026-03-23T17:06:07.160292960+00:00 ERROR devices::pci::pci_root] Failed to map mmio page; failed to create vm mapping
Mar 23 17:06:07.160422 ubuntu-vm boot005-crosvm[1538]: Caused by:
Mar 23 17:06:07.160422 ubuntu-vm boot005-crosvm[1538]:     Invalid argument (os error 22)
Mar 23 17:06:07.160631 ubuntu-vm boot005-crosvm[1538]: [2026-03-23T17:06:07.160413198+00:00 ERROR devices::pci::pci_root] Failed to map mmio page; failed to create vm mapping
Mar 23 17:06:07.160631 ubuntu-vm boot005-crosvm[1538]: Caused by:
Mar 23 17:06:07.160631 ubuntu-vm boot005-crosvm[1538]:     Invalid argument (os error 22)
Mar 23 17:06:07.160813 ubuntu-vm boot005-crosvm[1538]: [2026-03-23T17:06:07.160603580+00:00 ERROR devices::pci::pci_root] Failed to map mmio page; failed to create vm mapping
Mar 23 17:06:07.160813 ubuntu-vm boot005-crosvm[1538]: Caused by:
Mar 23 17:06:07.160813 ubuntu-vm boot005-crosvm[1538]:     Invalid argument (os error 22)
Mar 23 17:06:07.161155 ubuntu-vm boot005-crosvm[1538]: [2026-03-23T17:06:07.160800202+00:00 ERROR devices::virtio::console::sys::linux] console input thread exited with error: failed creating WaitContext: Operation not permitted (os error 1)
Mar 23 17:06:07.161155 ubuntu-vm boot005-crosvm[1538]: [2026-03-23T17:06:07.160992872+00:00 DEBUG x86_64] 0x0000000000000000-0x000000000009ffff GuestMemoryRegion
Mar 23 17:06:07.161155 ubuntu-vm boot005-crosvm[1538]: [2026-03-23T17:06:07.161033320+00:00 DEBUG x86_64] 0x00000000000a0000-0x00000000000fffff ReservedMemory
Mar 23 17:06:07.161155 ubuntu-vm boot005-crosvm[1538]: [2026-03-23T17:06:07.161049280+00:00 DEBUG x86_64] 0x0000000000100000-0x00000000cfffffff GuestMemoryRegion
Mar 23 17:06:07.161155 ubuntu-vm boot005-crosvm[1538]: [2026-03-23T17:06:07.161062690+00:00 DEBUG x86_64] 0x0000000100000000-0x000000012fffffff GuestMemoryRegion
Mar 23 17:06:07.161838 ubuntu-vm boot005-crosvm[1538]: [2026-03-23T17:06:07.161610687+00:00 INFO  devices::sys::linux::acpi] Listening on acpi_mc_group of acpi_event family
Mar 23 17:06:07.162488 ubuntu-vm boot005-crosvm[1538]: [2026-03-23T17:06:07.162331311+00:00 DEBUG x86_64::bzimage] setup_header file offset range: 0x01f1..0x026c
Mar 23 17:06:07.173709 ubuntu-vm boot005-crosvm[1538]: [2026-03-23T17:06:07.173570430+00:00 INFO  x86_64] Loaded bzImage kernel
Mar 23 17:06:07.173709 ubuntu-vm boot005-crosvm[1538]: [2026-03-23T17:06:07.173632172+00:00 DEBUG x86_64] kernel_max_cmdline_len=2047
Mar 23 17:06:28.028675 ubuntu-vm boot005-crosvm[1538]: [2026-03-23T17:06:28.027503420+00:00 ERROR crosvm::crosvm::sys::linux::vcpu] vcpu hit unknown error: Bad address (os error 14)
Mar 23 17:06:28.030447 ubuntu-vm boot005-crosvm[1538]: [2026-03-23T17:06:28.030275933+00:00 INFO  crosvm::crosvm::sys::linux] vcpu crashed
Mar 23 17:06:28.030597 ubuntu-vm boot005-crosvm[1538]: [2026-03-23T17:06:28.030494199+00:00 ERROR crosvm::crosvm::sys::linux::vcpu] failed to send VcpuControl: sending on a closed channel
Mar 23 17:06:28.170359 ubuntu-vm boot005-crosvm[1538]: [2026-03-23T17:06:28.169985106+00:00 INFO  crosvm] exiting with success
