Mar 23 17:05:53.612199 ubuntu-vm kernel: Linux version 6.12.0-pkvm-ia (mrgeek@ubuntu-vm) (gcc (Ubuntu 13.3.0-6ubuntu2~24.04.1) 13.3.0, GNU ld (GNU Binutils for Ubuntu) 2.42) #45 SMP PREEMPT_DYNAMIC Mon Mar 23 16:46:26 UTC 2026
Mar 23 17:05:53.612221 ubuntu-vm kernel: Command line: BOOT_IMAGE=/vmlinuz-6.12.0-pkvm-ia root=UUID=0905329d-4022-4692-bb5d-b614c117dd8c ro console=tty1 console=ttyS0 kvm-intel.pkvm=1 intel_iommu=on,sm_off clearcpuid=amx_tile
Mar 23 17:05:53.612229 ubuntu-vm kernel: KERNEL supported cpus:
Mar 23 17:05:53.612235 ubuntu-vm kernel:   Intel GenuineIntel
Mar 23 17:05:53.612241 ubuntu-vm kernel:   AMD AuthenticAMD
Mar 23 17:05:53.612246 ubuntu-vm kernel:   Hygon HygonGenuine
Mar 23 17:05:53.612253 ubuntu-vm kernel:   Centaur CentaurHauls
Mar 23 17:05:53.612258 ubuntu-vm kernel:   zhaoxin   Shanghai  
Mar 23 17:05:53.612263 ubuntu-vm kernel: Clearing CPUID bits: amx_tile
Mar 23 17:05:53.612269 ubuntu-vm kernel: x86/split lock detection: #DB: warning on user-space bus_locks
Mar 23 17:05:53.612274 ubuntu-vm kernel: BIOS-provided physical RAM map:
Mar 23 17:05:53.612281 ubuntu-vm kernel: BIOS-e820: [mem 0x0000000000000000-0x000000000009fbff] usable
Mar 23 17:05:53.612287 ubuntu-vm kernel: BIOS-e820: [mem 0x000000000009fc00-0x000000000009ffff] reserved
Mar 23 17:05:53.612293 ubuntu-vm kernel: BIOS-e820: [mem 0x00000000000f0000-0x00000000000fffff] reserved
Mar 23 17:05:53.612299 ubuntu-vm kernel: BIOS-e820: [mem 0x0000000000100000-0x000000007ffd3fff] usable
Mar 23 17:05:53.612304 ubuntu-vm kernel: BIOS-e820: [mem 0x000000007ffd4000-0x000000007fffffff] reserved
Mar 23 17:05:53.612310 ubuntu-vm kernel: BIOS-e820: [mem 0x00000000b0000000-0x00000000bfffffff] reserved
Mar 23 17:05:53.612315 ubuntu-vm kernel: BIOS-e820: [mem 0x00000000fed1c000-0x00000000fed1ffff] reserved
Mar 23 17:05:53.612320 ubuntu-vm kernel: BIOS-e820: [mem 0x00000000feffc000-0x00000000feffffff] reserved
Mar 23 17:05:53.612325 ubuntu-vm kernel: BIOS-e820: [mem 0x00000000fffc0000-0x00000000ffffffff] reserved
Mar 23 17:05:53.612330 ubuntu-vm kernel: BIOS-e820: [mem 0x0000000100000000-0x000000057fffffff] usable
Mar 23 17:05:53.612335 ubuntu-vm kernel: NX (Execute Disable) protection: active
Mar 23 17:05:53.612341 ubuntu-vm kernel: APIC: Static calls initialized
Mar 23 17:05:53.612347 ubuntu-vm kernel: SMBIOS 3.0.0 present.
Mar 23 17:05:53.612353 ubuntu-vm kernel: DMI: QEMU Standard PC (Q35 + ICH9, 2009), BIOS 1.16.3-debian-1.16.3-2 04/01/2014
Mar 23 17:05:53.612358 ubuntu-vm kernel: DMI: Memory slots populated: 2/2
Mar 23 17:05:53.612363 ubuntu-vm kernel: Hypervisor detected: KVM
Mar 23 17:05:53.612369 ubuntu-vm kernel: kvm-clock: Using msrs 4b564d01 and 4b564d00
Mar 23 17:05:53.612374 ubuntu-vm kernel: kvm-clock: using sched offset of 3313755336 cycles
Mar 23 17:05:53.612380 ubuntu-vm kernel: clocksource: kvm-clock: mask: 0xffffffffffffffff max_cycles: 0x1cd42e4dffb, max_idle_ns: 881590591483 ns
Mar 23 17:05:53.612386 ubuntu-vm kernel: tsc: Detected 2800.000 MHz processor
Mar 23 17:05:53.612392 ubuntu-vm kernel: e820: update [mem 0x00000000-0x00000fff] usable ==> reserved
Mar 23 17:05:53.612398 ubuntu-vm kernel: e820: remove [mem 0x000a0000-0x000fffff] usable
Mar 23 17:05:53.612404 ubuntu-vm kernel: last_pfn = 0x580000 max_arch_pfn = 0x10000000000
Mar 23 17:05:53.612409 ubuntu-vm kernel: MTRR map: 4 entries (3 fixed + 1 variable; max 19), built from 8 variable MTRRs
Mar 23 17:05:53.612415 ubuntu-vm kernel: x86/PAT: Configuration [0-7]: WB  WC  UC- UC  WB  WP  UC- WT  
Mar 23 17:05:53.612423 ubuntu-vm kernel: last_pfn = 0x7ffd4 max_arch_pfn = 0x10000000000
Mar 23 17:05:53.612430 ubuntu-vm kernel: found SMP MP-table at [mem 0x000f5460-0x000f546f]
Mar 23 17:05:53.612436 ubuntu-vm kernel: Using GB pages for direct mapping
Mar 23 17:05:53.612441 ubuntu-vm kernel: RAMDISK: [mem 0x3213d000-0x35095fff]
Mar 23 17:05:53.612448 ubuntu-vm kernel: ACPI: Early table checksum verification disabled
Mar 23 17:05:53.612455 ubuntu-vm kernel: ACPI: RSDP 0x00000000000F5240 000014 (v00 BOCHS )
Mar 23 17:05:53.612460 ubuntu-vm kernel: ACPI: RSDT 0x000000007FFE3027 00003C (v01 BOCHS  BXPC     00000001 BXPC 00000001)
Mar 23 17:05:53.612466 ubuntu-vm kernel: ACPI: FACP 0x000000007FFE2C8F 0000F4 (v03 BOCHS  BXPC     00000001 BXPC 00000001)
Mar 23 17:05:53.612472 ubuntu-vm kernel: ACPI: DSDT 0x000000007FFE0040 002C4F (v01 BOCHS  BXPC     00000001 BXPC 00000001)
Mar 23 17:05:53.612477 ubuntu-vm kernel: ACPI: FACS 0x000000007FFE0000 000040
Mar 23 17:05:53.612482 ubuntu-vm kernel: ACPI: APIC 0x000000007FFE2D83 000170 (v03 BOCHS  BXPC     00000001 BXPC 00000001)
Mar 23 17:05:53.612488 ubuntu-vm kernel: ACPI: HPET 0x000000007FFE2EF3 000038 (v01 BOCHS  BXPC     00000001 BXPC 00000001)
Mar 23 17:05:53.612493 ubuntu-vm kernel: ACPI: MCFG 0x000000007FFE2F2B 00003C (v01 BOCHS  BXPC     00000001 BXPC 00000001)
Mar 23 17:05:53.612499 ubuntu-vm kernel: ACPI: DMAR 0x000000007FFE2F67 000098 (v01 BOCHS  BXPC     00000001 BXPC 00000001)
Mar 23 17:05:53.612504 ubuntu-vm kernel: ACPI: WAET 0x000000007FFE2FFF 000028 (v01 BOCHS  BXPC     00000001 BXPC 00000001)
Mar 23 17:05:53.612511 ubuntu-vm kernel: ACPI: Reserving FACP table memory at [mem 0x7ffe2c8f-0x7ffe2d82]
Mar 23 17:05:53.612517 ubuntu-vm kernel: ACPI: Reserving DSDT table memory at [mem 0x7ffe0040-0x7ffe2c8e]
Mar 23 17:05:53.612522 ubuntu-vm kernel: ACPI: Reserving FACS table memory at [mem 0x7ffe0000-0x7ffe003f]
Mar 23 17:05:53.612528 ubuntu-vm kernel: ACPI: Reserving APIC table memory at [mem 0x7ffe2d83-0x7ffe2ef2]
Mar 23 17:05:53.612533 ubuntu-vm kernel: ACPI: Reserving HPET table memory at [mem 0x7ffe2ef3-0x7ffe2f2a]
Mar 23 17:05:53.612539 ubuntu-vm kernel: ACPI: Reserving MCFG table memory at [mem 0x7ffe2f2b-0x7ffe2f66]
Mar 23 17:05:53.612544 ubuntu-vm kernel: ACPI: Reserving DMAR table memory at [mem 0x7ffe2f67-0x7ffe2ffe]
Mar 23 17:05:53.612549 ubuntu-vm kernel: ACPI: Reserving WAET table memory at [mem 0x7ffe2fff-0x7ffe3026]
Mar 23 17:05:53.612554 ubuntu-vm kernel: No NUMA configuration found
Mar 23 17:05:53.612560 ubuntu-vm kernel: Faking a node at [mem 0x0000000000000000-0x000000057fffffff]
Mar 23 17:05:53.612565 ubuntu-vm kernel: NODE_DATA(0) allocated [mem 0x57ffd5680-0x57fffffff]
Mar 23 17:05:53.612571 ubuntu-vm kernel: Zone ranges:
Mar 23 17:05:53.612578 ubuntu-vm kernel:   DMA      [mem 0x0000000000001000-0x0000000000ffffff]
Mar 23 17:05:53.612583 ubuntu-vm kernel:   DMA32    [mem 0x0000000001000000-0x00000000ffffffff]
Mar 23 17:05:53.612589 ubuntu-vm kernel:   Normal   [mem 0x0000000100000000-0x000000057fffffff]
Mar 23 17:05:53.612594 ubuntu-vm kernel:   Device   empty
Mar 23 17:05:53.612599 ubuntu-vm kernel: Movable zone start for each node
Mar 23 17:05:53.612605 ubuntu-vm kernel: Early memory node ranges
Mar 23 17:05:53.612610 ubuntu-vm kernel:   node   0: [mem 0x0000000000001000-0x000000000009efff]
Mar 23 17:05:53.612616 ubuntu-vm kernel:   node   0: [mem 0x0000000000100000-0x000000007ffd3fff]
Mar 23 17:05:53.612621 ubuntu-vm kernel:   node   0: [mem 0x0000000100000000-0x000000057fffffff]
Mar 23 17:05:53.612626 ubuntu-vm kernel: Initmem setup node 0 [mem 0x0000000000001000-0x000000057fffffff]
Mar 23 17:05:53.612632 ubuntu-vm kernel: On node 0, zone DMA: 1 pages in unavailable ranges
Mar 23 17:05:53.612637 ubuntu-vm kernel: On node 0, zone DMA: 97 pages in unavailable ranges
Mar 23 17:05:53.612643 ubuntu-vm kernel: On node 0, zone Normal: 44 pages in unavailable ranges
Mar 23 17:05:53.612650 ubuntu-vm kernel: ACPI: PM-Timer IO Port: 0x608
Mar 23 17:05:53.612655 ubuntu-vm kernel: ACPI: LAPIC_NMI (acpi_id[0xff] dfl dfl lint[0x1])
Mar 23 17:05:53.612662 ubuntu-vm kernel: IOAPIC[0]: apic_id 0, version 32, address 0xfec00000, GSI 0-23
Mar 23 17:05:53.612668 ubuntu-vm kernel: ACPI: INT_SRC_OVR (bus 0 bus_irq 0 global_irq 2 dfl dfl)
Mar 23 17:05:53.612673 ubuntu-vm kernel: ACPI: INT_SRC_OVR (bus 0 bus_irq 5 global_irq 5 high level)
Mar 23 17:05:53.612679 ubuntu-vm kernel: ACPI: INT_SRC_OVR (bus 0 bus_irq 9 global_irq 9 high level)
Mar 23 17:05:53.612684 ubuntu-vm kernel: ACPI: INT_SRC_OVR (bus 0 bus_irq 10 global_irq 10 high level)
Mar 23 17:05:53.612689 ubuntu-vm kernel: ACPI: INT_SRC_OVR (bus 0 bus_irq 11 global_irq 11 high level)
Mar 23 17:05:53.612695 ubuntu-vm kernel: ACPI: Using ACPI (MADT) for SMP configuration information
Mar 23 17:05:53.612700 ubuntu-vm kernel: ACPI: HPET id: 0x8086a201 base: 0xfed00000
Mar 23 17:05:53.612706 ubuntu-vm kernel: TSC deadline timer available
Mar 23 17:05:53.612712 ubuntu-vm kernel: CPU topo: Max. logical packages:   1
Mar 23 17:05:53.612718 ubuntu-vm kernel: CPU topo: Max. logical dies:       1
Mar 23 17:05:53.612723 ubuntu-vm kernel: CPU topo: Max. dies per package:   1
Mar 23 17:05:53.612728 ubuntu-vm kernel: CPU topo: Max. threads per core:   1
Mar 23 17:05:53.612734 ubuntu-vm kernel: CPU topo: Num. cores per package:    32
Mar 23 17:05:53.612739 ubuntu-vm kernel: CPU topo: Num. threads per package:  32
Mar 23 17:05:53.612744 ubuntu-vm kernel: CPU topo: Allowing 32 present CPUs plus 0 hotplug CPUs
Mar 23 17:05:53.612750 ubuntu-vm kernel: PM: hibernation: Registered nosave memory: [mem 0x00000000-0x00000fff]
Mar 23 17:05:53.612755 ubuntu-vm kernel: PM: hibernation: Registered nosave memory: [mem 0x0009f000-0x0009ffff]
Mar 23 17:05:53.612761 ubuntu-vm kernel: PM: hibernation: Registered nosave memory: [mem 0x000a0000-0x000effff]
Mar 23 17:05:53.612766 ubuntu-vm kernel: PM: hibernation: Registered nosave memory: [mem 0x000f0000-0x000fffff]
Mar 23 17:05:53.612771 ubuntu-vm kernel: PM: hibernation: Registered nosave memory: [mem 0x7ffd4000-0x7fffffff]
Mar 23 17:05:53.612777 ubuntu-vm kernel: PM: hibernation: Registered nosave memory: [mem 0x80000000-0xafffffff]
Mar 23 17:05:53.612784 ubuntu-vm kernel: PM: hibernation: Registered nosave memory: [mem 0xb0000000-0xbfffffff]
Mar 23 17:05:53.612789 ubuntu-vm kernel: PM: hibernation: Registered nosave memory: [mem 0xc0000000-0xfed1bfff]
Mar 23 17:05:53.612795 ubuntu-vm kernel: PM: hibernation: Registered nosave memory: [mem 0xfed1c000-0xfed1ffff]
Mar 23 17:05:53.612800 ubuntu-vm kernel: PM: hibernation: Registered nosave memory: [mem 0xfed20000-0xfeffbfff]
Mar 23 17:05:53.612805 ubuntu-vm kernel: PM: hibernation: Registered nosave memory: [mem 0xfeffc000-0xfeffffff]
Mar 23 17:05:53.612811 ubuntu-vm kernel: PM: hibernation: Registered nosave memory: [mem 0xff000000-0xfffbffff]
Mar 23 17:05:53.612816 ubuntu-vm kernel: PM: hibernation: Registered nosave memory: [mem 0xfffc0000-0xffffffff]
Mar 23 17:05:53.612821 ubuntu-vm kernel: [mem 0xc0000000-0xfed1bfff] available for PCI devices
Mar 23 17:05:53.612827 ubuntu-vm kernel: Booting paravirtualized kernel on KVM
Mar 23 17:05:53.612833 ubuntu-vm kernel: clocksource: refined-jiffies: mask: 0xffffffff max_cycles: 0xffffffff, max_idle_ns: 1910969940391419 ns
Mar 23 17:05:53.612838 ubuntu-vm kernel: kvm [0]: Reserved 266 MiB at 0x55b400000
Mar 23 17:05:53.612845 ubuntu-vm kernel: setup_percpu: NR_CPUS:8192 nr_cpumask_bits:32 nr_cpu_ids:32 nr_node_ids:1
Mar 23 17:05:53.612851 ubuntu-vm kernel: percpu: Embedded 96 pages/cpu s270336 r8192 d114688 u524288
Mar 23 17:05:53.612856 ubuntu-vm kernel: pcpu-alloc: s270336 r8192 d114688 u524288 alloc=1*2097152
Mar 23 17:05:53.612861 ubuntu-vm kernel: pcpu-alloc: [0] 00 01 02 03 [0] 04 05 06 07 
Mar 23 17:05:53.612867 ubuntu-vm kernel: pcpu-alloc: [0] 08 09 10 11 [0] 12 13 14 15 
Mar 23 17:05:53.612872 ubuntu-vm kernel: pcpu-alloc: [0] 16 17 18 19 [0] 20 21 22 23 
Mar 23 17:05:53.612878 ubuntu-vm kernel: pcpu-alloc: [0] 24 25 26 27 [0] 28 29 30 31 
Mar 23 17:05:53.612888 ubuntu-vm kernel: kvm-guest: PV spinlocks disabled, no host support
Mar 23 17:05:53.612893 ubuntu-vm kernel: Kernel command line: BOOT_IMAGE=/vmlinuz-6.12.0-pkvm-ia root=UUID=0905329d-4022-4692-bb5d-b614c117dd8c ro console=tty1 console=ttyS0 kvm-intel.pkvm=1 intel_iommu=on,sm_off clearcpuid=amx_tile
Mar 23 17:05:53.612903 ubuntu-vm kernel: DMAR: IOMMU enabled
Mar 23 17:05:53.612909 ubuntu-vm kernel: DMAR: Scalable mode is disallowed
Mar 23 17:05:53.612914 ubuntu-vm kernel: Unknown kernel command line parameters "BOOT_IMAGE=/vmlinuz-6.12.0-pkvm-ia", will be passed to user space.
Mar 23 17:05:53.612920 ubuntu-vm kernel: random: crng init done
Mar 23 17:05:53.612927 ubuntu-vm kernel: Dentry cache hash table entries: 4194304 (order: 13, 33554432 bytes, linear)
Mar 23 17:05:53.612932 ubuntu-vm kernel: Inode-cache hash table entries: 2097152 (order: 12, 16777216 bytes, linear)
Mar 23 17:05:53.612938 ubuntu-vm kernel: Fallback order for Node 0: 0 
Mar 23 17:05:53.612943 ubuntu-vm kernel: Built 1 zonelists, mobility grouping on.  Total pages: 5242738
Mar 23 17:05:53.612949 ubuntu-vm kernel: Policy zone: Normal
Mar 23 17:05:53.612954 ubuntu-vm kernel: mem auto-init: stack:all(zero), heap alloc:on, heap free:off
Mar 23 17:05:53.612960 ubuntu-vm kernel: software IO TLB: area num 32.
Mar 23 17:05:53.612966 ubuntu-vm kernel: SLUB: HWalign=64, Order=0-3, MinObjects=0, CPUs=32, Nodes=1
Mar 23 17:05:53.612980 ubuntu-vm kernel: ftrace: allocating 58082 entries in 227 pages
Mar 23 17:05:53.612992 ubuntu-vm kernel: ftrace: allocated 227 pages with 5 groups
Mar 23 17:05:53.612999 ubuntu-vm kernel: Dynamic Preempt: voluntary
Mar 23 17:05:53.613005 ubuntu-vm kernel: rcu: Preemptible hierarchical RCU implementation.
Mar 23 17:05:53.613011 ubuntu-vm kernel: rcu:         RCU restricting CPUs from NR_CPUS=8192 to nr_cpu_ids=32.
Mar 23 17:05:53.613017 ubuntu-vm kernel:         Trampoline variant of Tasks RCU enabled.
Mar 23 17:05:53.613025 ubuntu-vm kernel:         Rude variant of Tasks RCU enabled.
Mar 23 17:05:53.613034 ubuntu-vm kernel:         Tracing variant of Tasks RCU enabled.
Mar 23 17:05:53.613043 ubuntu-vm kernel: rcu: RCU calculated value of scheduler-enlistment delay is 100 jiffies.
Mar 23 17:05:53.613051 ubuntu-vm kernel: rcu: Adjusting geometry for rcu_fanout_leaf=16, nr_cpu_ids=32
Mar 23 17:05:53.613060 ubuntu-vm kernel: RCU Tasks: Setting shift to 5 and lim to 1 rcu_task_cb_adjust=1 rcu_task_cpu_ids=32.
Mar 23 17:05:53.613065 ubuntu-vm kernel: RCU Tasks Rude: Setting shift to 5 and lim to 1 rcu_task_cb_adjust=1 rcu_task_cpu_ids=32.
Mar 23 17:05:53.613072 ubuntu-vm kernel: RCU Tasks Trace: Setting shift to 5 and lim to 1 rcu_task_cb_adjust=1 rcu_task_cpu_ids=32.
Mar 23 17:05:53.613083 ubuntu-vm kernel: NR_IRQS: 524544, nr_irqs: 680, preallocated irqs: 16
Mar 23 17:05:53.613106 ubuntu-vm kernel: rcu: srcu_init: Setting srcu_struct sizes based on contention.
Mar 23 17:05:53.613114 ubuntu-vm kernel: Console: colour VGA+ 80x25
Mar 23 17:05:53.613122 ubuntu-vm kernel: printk: legacy console [tty1] enabled
Mar 23 17:05:53.613131 ubuntu-vm kernel: printk: legacy console [ttyS0] enabled
Mar 23 17:05:53.613140 ubuntu-vm kernel: ACPI: Core revision 20240827
Mar 23 17:05:53.613147 ubuntu-vm kernel: clocksource: hpet: mask: 0xffffffff max_cycles: 0xffffffff, max_idle_ns: 19112604467 ns
Mar 23 17:05:53.613153 ubuntu-vm kernel: APIC: Switch to symmetric I/O mode setup
Mar 23 17:05:53.613158 ubuntu-vm kernel: DMAR: Host address width 48
Mar 23 17:05:53.613167 ubuntu-vm kernel: DMAR: DRHD base: 0x000000fed90000 flags: 0x0
Mar 23 17:05:53.613176 ubuntu-vm kernel: DMAR: dmar0: reg_base_addr fed90000 ver 1:0 cap d2008c222f0686 ecap f00f5e
Mar 23 17:05:53.613185 ubuntu-vm kernel: DMAR: ATSR flags: 0x1
Mar 23 17:05:53.613195 ubuntu-vm kernel: DMAR-IR: IOAPIC id 0 under DRHD base  0xfed90000 IOMMU 0
Mar 23 17:05:53.613204 ubuntu-vm kernel: DMAR-IR: Queued invalidation will be enabled to support x2apic and Intr-remapping.
Mar 23 17:05:53.613212 ubuntu-vm kernel: DMAR-IR: Enabled IRQ remapping in x2apic mode
Mar 23 17:05:53.613218 ubuntu-vm kernel: x2apic enabled
Mar 23 17:05:53.613223 ubuntu-vm kernel: APIC: Switched APIC routing to: cluster x2apic
Mar 23 17:05:53.613234 ubuntu-vm kernel: ..TIMER: vector=0x30 apic1=0 pin1=2 apic2=-1 pin2=-1
Mar 23 17:05:53.613243 ubuntu-vm kernel: clocksource: tsc-early: mask: 0xffffffffffffffff max_cycles: 0x285c40e2248, max_idle_ns: 440795340634 ns
Mar 23 17:05:53.613251 ubuntu-vm kernel: Calibrating delay loop (skipped) preset value.. 5600.00 BogoMIPS (lpj=2800000)
Mar 23 17:05:53.613260 ubuntu-vm kernel: x86/cpu: User Mode Instruction Prevention (UMIP) activated
Mar 23 17:05:53.613267 ubuntu-vm kernel: Last level iTLB entries: 4KB 0, 2MB 0, 4MB 0
Mar 23 17:05:53.613276 ubuntu-vm kernel: Last level dTLB entries: 4KB 0, 2MB 0, 4MB 0, 1GB 0
Mar 23 17:05:53.613286 ubuntu-vm kernel: Spectre V1 : Mitigation: usercopy/swapgs barriers and __user pointer sanitization
Mar 23 17:05:53.613291 ubuntu-vm kernel: Spectre V2 : Spectre BHI mitigation: SW BHB clearing on syscall and VM exit
Mar 23 17:05:53.613298 ubuntu-vm kernel: Spectre V2 : Mitigation: Enhanced / Automatic IBRS
Mar 23 17:05:53.613307 ubuntu-vm kernel: Spectre V2 : Spectre v2 / SpectreRSB mitigation: Filling RSB on context switch
Mar 23 17:05:53.613315 ubuntu-vm kernel: Spectre V2 : Spectre v2 / PBRSB-eIBRS: Retire a single CALL on VMEXIT
Mar 23 17:05:53.613325 ubuntu-vm kernel: Spectre V2 : mitigation: Enabling conditional Indirect Branch Prediction Barrier
Mar 23 17:05:53.613334 ubuntu-vm kernel: Speculative Store Bypass: Mitigation: Speculative Store Bypass disabled via prctl
Mar 23 17:05:53.613339 ubuntu-vm kernel: TAA: Mitigation: TSX disabled
Mar 23 17:05:53.613345 ubuntu-vm kernel: ITS: Mitigation: Aligned branch/return thunks
Mar 23 17:05:53.613350 ubuntu-vm kernel: x86/fpu: Supporting XSAVE feature 0x001: 'x87 floating point registers'
Mar 23 17:05:53.613359 ubuntu-vm kernel: x86/fpu: Supporting XSAVE feature 0x002: 'SSE registers'
Mar 23 17:05:53.613370 ubuntu-vm kernel: x86/fpu: Supporting XSAVE feature 0x004: 'AVX registers'
Mar 23 17:05:53.613379 ubuntu-vm kernel: x86/fpu: Supporting XSAVE feature 0x020: 'AVX-512 opmask'
Mar 23 17:05:53.613388 ubuntu-vm kernel: x86/fpu: Supporting XSAVE feature 0x040: 'AVX-512 Hi256'
Mar 23 17:05:53.613394 ubuntu-vm kernel: x86/fpu: Supporting XSAVE feature 0x080: 'AVX-512 ZMM_Hi256'
Mar 23 17:05:53.613401 ubuntu-vm kernel: x86/fpu: Supporting XSAVE feature 0x200: 'Protection Keys User registers'
Mar 23 17:05:53.613409 ubuntu-vm kernel: x86/fpu: xstate_offset[2]:  576, xstate_sizes[2]:  256
Mar 23 17:05:53.613419 ubuntu-vm kernel: x86/fpu: xstate_offset[5]:  832, xstate_sizes[5]:   64
Mar 23 17:05:53.613428 ubuntu-vm kernel: x86/fpu: xstate_offset[6]:  896, xstate_sizes[6]:  512
Mar 23 17:05:53.613436 ubuntu-vm kernel: x86/fpu: xstate_offset[7]: 1408, xstate_sizes[7]: 1024
Mar 23 17:05:53.613445 ubuntu-vm kernel: x86/fpu: xstate_offset[9]: 2432, xstate_sizes[9]:    8
Mar 23 17:05:53.613453 ubuntu-vm kernel: x86/fpu: Enabled xstate features 0x2e7, context size is 2440 bytes, using 'compacted' format.
Mar 23 17:05:53.613461 ubuntu-vm kernel: Freeing SMP alternatives memory: 48K
Mar 23 17:05:53.613472 ubuntu-vm kernel: pid_max: default: 32768 minimum: 301
Mar 23 17:05:53.613480 ubuntu-vm kernel: LSM: initializing lsm=lockdown,capability,landlock,yama,apparmor,ima,evm
Mar 23 17:05:53.613486 ubuntu-vm kernel: landlock: Up and running.
Mar 23 17:05:53.613494 ubuntu-vm kernel: Yama: becoming mindful.
Mar 23 17:05:53.613502 ubuntu-vm kernel: AppArmor: AppArmor initialized
Mar 23 17:05:53.613510 ubuntu-vm kernel: Mount-cache hash table entries: 65536 (order: 7, 524288 bytes, linear)
Mar 23 17:05:53.613520 ubuntu-vm kernel: Mountpoint-cache hash table entries: 65536 (order: 7, 524288 bytes, linear)
Mar 23 17:05:53.613527 ubuntu-vm kernel: smpboot: CPU0: Intel INTEL(R) XEON(R) PLATINUM 8575C (family: 0x6, model: 0xcf, stepping: 0x2)
Mar 23 17:05:53.613533 ubuntu-vm kernel: Performance Events: PEBS fmt0-, Sapphire Rapids events, full-width counters, Intel PMU driver.
Mar 23 17:05:53.613541 ubuntu-vm kernel: ... version:                2
Mar 23 17:05:53.613549 ubuntu-vm kernel: ... bit width:              48
Mar 23 17:05:53.613559 ubuntu-vm kernel: ... generic registers:      8
Mar 23 17:05:53.613568 ubuntu-vm kernel: ... value mask:             0000ffffffffffff
Mar 23 17:05:53.613579 ubuntu-vm kernel: ... max period:             00007fffffffffff
Mar 23 17:05:53.613585 ubuntu-vm kernel: ... fixed-purpose events:   3
Mar 23 17:05:53.613591 ubuntu-vm kernel: ... event mask:             00000007000000ff
Mar 23 17:05:53.613596 ubuntu-vm kernel: signal: max sigframe size: 3632
Mar 23 17:05:53.613603 ubuntu-vm kernel: rcu: Hierarchical SRCU implementation.
Mar 23 17:05:53.613612 ubuntu-vm kernel: rcu:         Max phase no-delay instances is 400.
Mar 23 17:05:53.613621 ubuntu-vm kernel: Timer migration: 2 hierarchy levels; 8 children per group; 2 crossnode level
Mar 23 17:05:53.613631 ubuntu-vm kernel: smp: Bringing up secondary CPUs ...
Mar 23 17:05:53.613639 ubuntu-vm kernel: smpboot: x86: Booting SMP configuration:
Mar 23 17:05:53.613647 ubuntu-vm kernel: .... node  #0, CPUs:        #1  #2  #3  #4  #5  #6  #7  #8  #9 #10 #11 #12 #13 #14 #15 #16 #17 #18 #19 #20 #21 #22 #23 #24 #25 #26 #27 #28 #29 #30 #31
Mar 23 17:05:53.613658 ubuntu-vm kernel: smp: Brought up 1 node, 32 CPUs
Mar 23 17:05:53.613667 ubuntu-vm kernel: smpboot: Total of 32 processors activated (179200.00 BogoMIPS)
Mar 23 17:05:53.613676 ubuntu-vm kernel: Memory: 20110960K/20970952K available (22716K kernel code, 4749K rwdata, 8764K rodata, 5212K init, 7064K bss, 830508K reserved, 0K cma-reserved)
Mar 23 17:05:53.613686 ubuntu-vm kernel: devtmpfs: initialized
Mar 23 17:05:53.613692 ubuntu-vm kernel: x86/mm: Memory block size: 128MB
Mar 23 17:05:53.613699 ubuntu-vm kernel: clocksource: jiffies: mask: 0xffffffff max_cycles: 0xffffffff, max_idle_ns: 1911260446275000 ns
Mar 23 17:05:53.613708 ubuntu-vm kernel: futex hash table entries: 8192 (order: 7, 524288 bytes, linear)
Mar 23 17:05:53.613716 ubuntu-vm kernel: pinctrl core: initialized pinctrl subsystem
Mar 23 17:05:53.613721 ubuntu-vm kernel: PM: RTC time: 17:05:49, date: 2026-03-23
Mar 23 17:05:53.613727 ubuntu-vm kernel: NET: Registered PF_NETLINK/PF_ROUTE protocol family
Mar 23 17:05:53.613732 ubuntu-vm kernel: DMA: preallocated 4096 KiB GFP_KERNEL pool for atomic allocations
Mar 23 17:05:53.613738 ubuntu-vm kernel: DMA: preallocated 4096 KiB GFP_KERNEL|GFP_DMA pool for atomic allocations
Mar 23 17:05:53.613745 ubuntu-vm kernel: DMA: preallocated 4096 KiB GFP_KERNEL|GFP_DMA32 pool for atomic allocations
Mar 23 17:05:53.613750 ubuntu-vm kernel: audit: initializing netlink subsys (disabled)
Mar 23 17:05:53.613755 ubuntu-vm kernel: audit: type=2000 audit(1774285550.381:1): state=initialized audit_enabled=0 res=1
Mar 23 17:05:53.613761 ubuntu-vm kernel: thermal_sys: Registered thermal governor 'fair_share'
Mar 23 17:05:53.613766 ubuntu-vm kernel: thermal_sys: Registered thermal governor 'bang_bang'
Mar 23 17:05:53.613772 ubuntu-vm kernel: thermal_sys: Registered thermal governor 'step_wise'
Mar 23 17:05:53.613777 ubuntu-vm kernel: thermal_sys: Registered thermal governor 'user_space'
Mar 23 17:05:53.613783 ubuntu-vm kernel: thermal_sys: Registered thermal governor 'power_allocator'
Mar 23 17:05:53.613788 ubuntu-vm kernel: cpuidle: using governor ladder
Mar 23 17:05:53.613793 ubuntu-vm kernel: cpuidle: using governor menu
Mar 23 17:05:53.613799 ubuntu-vm kernel: acpiphp: ACPI Hot Plug PCI Controller Driver version: 0.5
Mar 23 17:05:53.613806 ubuntu-vm kernel: PCI: ECAM [mem 0xb0000000-0xbfffffff] (base 0xb0000000) for domain 0000 [bus 00-ff]
Mar 23 17:05:53.613811 ubuntu-vm kernel: PCI: ECAM [mem 0xb0000000-0xbfffffff] reserved as E820 entry
Mar 23 17:05:53.613817 ubuntu-vm kernel: PCI: Using configuration type 1 for base access
Mar 23 17:05:53.613822 ubuntu-vm kernel: kprobes: kprobe jump-optimization is enabled. All kprobes are optimized if possible.
Mar 23 17:05:53.613827 ubuntu-vm kernel: HugeTLB: registered 1.00 GiB page size, pre-allocated 0 pages
Mar 23 17:05:53.613833 ubuntu-vm kernel: HugeTLB: 16380 KiB vmemmap can be freed for a 1.00 GiB page
Mar 23 17:05:53.613838 ubuntu-vm kernel: HugeTLB: registered 2.00 MiB page size, pre-allocated 0 pages
Mar 23 17:05:53.613844 ubuntu-vm kernel: HugeTLB: 28 KiB vmemmap can be freed for a 2.00 MiB page
Mar 23 17:05:53.613849 ubuntu-vm kernel: ACPI: Added _OSI(Module Device)
Mar 23 17:05:53.613856 ubuntu-vm kernel: ACPI: Added _OSI(Processor Device)
Mar 23 17:05:53.613861 ubuntu-vm kernel: ACPI: Added _OSI(3.0 _SCP Extensions)
Mar 23 17:05:53.613867 ubuntu-vm kernel: ACPI: Added _OSI(Processor Aggregator Device)
Mar 23 17:05:53.613874 ubuntu-vm kernel: ACPI: 1 ACPI AML tables successfully acquired and loaded
Mar 23 17:05:53.613879 ubuntu-vm kernel: ACPI: Interpreter enabled
Mar 23 17:05:53.613885 ubuntu-vm kernel: ACPI: PM: (supports S0 S3 S4 S5)
Mar 23 17:05:53.613890 ubuntu-vm kernel: ACPI: Using IOAPIC for interrupt routing
Mar 23 17:05:53.613895 ubuntu-vm kernel: PCI: Using host bridge windows from ACPI; if necessary, use "pci=nocrs" and report a bug
Mar 23 17:05:53.613901 ubuntu-vm kernel: PCI: Using E820 reservations for host bridge windows
Mar 23 17:05:53.613906 ubuntu-vm kernel: ACPI: Enabled 2 GPEs in block 00 to 3F
Mar 23 17:05:53.613912 ubuntu-vm kernel: ACPI: PCI Root Bridge [PCI0] (domain 0000 [bus 00-ff])
Mar 23 17:05:53.614026 ubuntu-vm kernel: acpi PNP0A08:00: _OSC: OS supports [ExtendedConfig ASPM ClockPM Segments MSI EDR HPX-Type3]
Mar 23 17:05:53.614107 ubuntu-vm kernel: acpi PNP0A08:00: _OSC: platform does not support [PCIeHotplug LTR DPC]
Mar 23 17:05:53.614170 ubuntu-vm kernel: acpi PNP0A08:00: _OSC: OS now controls [SHPCHotplug PME AER PCIeCapability]
Mar 23 17:05:53.614177 ubuntu-vm kernel: PCI host bridge to bus 0000:00
Mar 23 17:05:53.614231 ubuntu-vm kernel: pci_bus 0000:00: root bus resource [io  0x0000-0x0cf7 window]
Mar 23 17:05:53.614279 ubuntu-vm kernel: pci_bus 0000:00: root bus resource [io  0x0d00-0xffff window]
Mar 23 17:05:53.614326 ubuntu-vm kernel: pci_bus 0000:00: root bus resource [mem 0x000a0000-0x000bffff window]
Mar 23 17:05:53.614371 ubuntu-vm kernel: pci_bus 0000:00: root bus resource [mem 0x80000000-0xafffffff window]
Mar 23 17:05:53.614432 ubuntu-vm kernel: pci_bus 0000:00: root bus resource [mem 0xc0000000-0xfebfffff window]
Mar 23 17:05:53.614485 ubuntu-vm kernel: pci_bus 0000:00: root bus resource [mem 0x380000000000-0x380800007fff window]
Mar 23 17:05:53.614546 ubuntu-vm kernel: pci_bus 0000:00: root bus resource [bus 00-ff]
Mar 23 17:05:53.614641 ubuntu-vm kernel: pci 0000:00:00.0: [8086:29c0] type 00 class 0x060000 conventional PCI endpoint
Mar 23 17:05:53.614719 ubuntu-vm kernel: pci 0000:00:01.0: [1234:1111] type 00 class 0x030000 conventional PCI endpoint
Mar 23 17:05:53.614805 ubuntu-vm kernel: pci 0000:00:01.0: BAR 0 [mem 0xfd000000-0xfdffffff pref]
Mar 23 17:05:53.614894 ubuntu-vm kernel: pci 0000:00:01.0: BAR 2 [mem 0xfeab0000-0xfeab0fff]
Mar 23 17:05:53.614963 ubuntu-vm kernel: pci 0000:00:01.0: ROM [mem 0xfeaa0000-0xfeaaffff pref]
Mar 23 17:05:53.615054 ubuntu-vm kernel: pci 0000:00:01.0: Video device with shadowed ROM at [mem 0x000c0000-0x000dffff]
Mar 23 17:05:53.615172 ubuntu-vm kernel: pci 0000:00:02.0: [1b36:000c] type 01 class 0x060400 PCIe Root Port
Mar 23 17:05:53.615269 ubuntu-vm kernel: pci 0000:00:02.0: BAR 0 [mem 0xfeab1000-0xfeab1fff]
Mar 23 17:05:53.615357 ubuntu-vm kernel: pci 0000:00:02.0: PCI bridge to [bus 01]
Mar 23 17:05:53.615432 ubuntu-vm kernel: pci 0000:00:02.0:   bridge window [mem 0xfe800000-0xfe9fffff]
Mar 23 17:05:53.615514 ubuntu-vm kernel: pci 0000:00:02.0:   bridge window [mem 0x380000000000-0x3807ffffffff 64bit pref]
Mar 23 17:05:53.615641 ubuntu-vm kernel: pci 0000:00:03.0: [8086:100e] type 00 class 0x020000 conventional PCI endpoint
Mar 23 17:05:53.615711 ubuntu-vm kernel: pci 0000:00:03.0: BAR 0 [mem 0xfea80000-0xfea9ffff]
Mar 23 17:05:53.615776 ubuntu-vm kernel: pci 0000:00:03.0: BAR 1 [io  0xc080-0xc0bf]
Mar 23 17:05:53.615839 ubuntu-vm kernel: pci 0000:00:03.0: ROM [mem 0xfea00000-0xfea7ffff pref]
Mar 23 17:05:53.615903 ubuntu-vm kernel: pci 0000:00:04.0: [1af4:1005] type 00 class 0x00ff00 conventional PCI endpoint
Mar 23 17:05:53.615967 ubuntu-vm kernel: pci 0000:00:04.0: BAR 0 [io  0xc100-0xc11f]
Mar 23 17:05:53.616039 ubuntu-vm kernel: pci 0000:00:04.0: BAR 1 [mem 0xfeab2000-0xfeab2fff]
Mar 23 17:05:53.616128 ubuntu-vm kernel: pci 0000:00:04.0: BAR 4 [mem 0x380800000000-0x380800003fff 64bit pref]
Mar 23 17:05:53.616194 ubuntu-vm kernel: pci 0000:00:05.0: [1af4:1001] type 00 class 0x010000 conventional PCI endpoint
Mar 23 17:05:53.616257 ubuntu-vm kernel: pci 0000:00:05.0: BAR 0 [io  0xc000-0xc07f]
Mar 23 17:05:53.616321 ubuntu-vm kernel: pci 0000:00:05.0: BAR 1 [mem 0xfeab3000-0xfeab3fff]
Mar 23 17:05:53.616401 ubuntu-vm kernel: pci 0000:00:05.0: BAR 4 [mem 0x380800004000-0x380800007fff 64bit pref]
Mar 23 17:05:53.616489 ubuntu-vm kernel: pci 0000:00:1f.0: [8086:2918] type 00 class 0x060100 conventional PCI endpoint
Mar 23 17:05:53.616576 ubuntu-vm kernel: pci 0000:00:1f.0: quirk: [io  0x0600-0x067f] claimed by ICH6 ACPI/GPIO/TCO
Mar 23 17:05:53.616671 ubuntu-vm kernel: pci 0000:00:1f.2: [8086:2922] type 00 class 0x010601 conventional PCI endpoint
Mar 23 17:05:53.616764 ubuntu-vm kernel: pci 0000:00:1f.2: BAR 4 [io  0xc120-0xc13f]
Mar 23 17:05:53.616847 ubuntu-vm kernel: pci 0000:00:1f.2: BAR 5 [mem 0xfeab4000-0xfeab4fff]
Mar 23 17:05:53.616930 ubuntu-vm kernel: pci 0000:00:1f.3: [8086:2930] type 00 class 0x0c0500 conventional PCI endpoint
Mar 23 17:05:53.617014 ubuntu-vm kernel: pci 0000:00:1f.3: BAR 4 [io  0x0700-0x073f]
Mar 23 17:05:53.617022 ubuntu-vm kernel: acpiphp: Slot [0] registered
Mar 23 17:05:53.617112 ubuntu-vm kernel: pci 0000:01:00.0: [1b36:0010] type 00 class 0x010802 PCIe Endpoint
Mar 23 17:05:53.617183 ubuntu-vm kernel: pci 0000:01:00.0: BAR 0 [mem 0xfe800000-0xfe803fff 64bit]
Mar 23 17:05:53.617247 ubuntu-vm kernel: pci 0000:00:02.0: PCI bridge to [bus 01]
Mar 23 17:05:53.617254 ubuntu-vm kernel: ACPI: PCI: Interrupt link LNKA configured for IRQ 10
Mar 23 17:05:53.617259 ubuntu-vm kernel: ACPI: PCI: Interrupt link LNKB configured for IRQ 10
Mar 23 17:05:53.617267 ubuntu-vm kernel: ACPI: PCI: Interrupt link LNKC configured for IRQ 11
Mar 23 17:05:53.617273 ubuntu-vm kernel: ACPI: PCI: Interrupt link LNKD configured for IRQ 11
Mar 23 17:05:53.617278 ubuntu-vm kernel: ACPI: PCI: Interrupt link LNKE configured for IRQ 10
Mar 23 17:05:53.617284 ubuntu-vm kernel: ACPI: PCI: Interrupt link LNKF configured for IRQ 10
Mar 23 17:05:53.617289 ubuntu-vm kernel: ACPI: PCI: Interrupt link LNKG configured for IRQ 11
Mar 23 17:05:53.617295 ubuntu-vm kernel: ACPI: PCI: Interrupt link LNKH configured for IRQ 11
Mar 23 17:05:53.617300 ubuntu-vm kernel: ACPI: PCI: Interrupt link GSIA configured for IRQ 16
Mar 23 17:05:53.617306 ubuntu-vm kernel: ACPI: PCI: Interrupt link GSIB configured for IRQ 17
Mar 23 17:05:53.617311 ubuntu-vm kernel: ACPI: PCI: Interrupt link GSIC configured for IRQ 18
Mar 23 17:05:53.617317 ubuntu-vm kernel: ACPI: PCI: Interrupt link GSID configured for IRQ 19
Mar 23 17:05:53.617322 ubuntu-vm kernel: ACPI: PCI: Interrupt link GSIE configured for IRQ 20
Mar 23 17:05:53.617329 ubuntu-vm kernel: ACPI: PCI: Interrupt link GSIF configured for IRQ 21
Mar 23 17:05:53.617335 ubuntu-vm kernel: ACPI: PCI: Interrupt link GSIG configured for IRQ 22
Mar 23 17:05:53.617340 ubuntu-vm kernel: ACPI: PCI: Interrupt link GSIH configured for IRQ 23
Mar 23 17:05:53.617345 ubuntu-vm kernel: iommu: Default domain type: Translated
Mar 23 17:05:53.617351 ubuntu-vm kernel: iommu: DMA domain TLB invalidation policy: lazy mode
Mar 23 17:05:53.617359 ubuntu-vm kernel: SCSI subsystem initialized
Mar 23 17:05:53.617364 ubuntu-vm kernel: libata version 3.00 loaded.
Mar 23 17:05:53.617370 ubuntu-vm kernel: ACPI: bus type USB registered
Mar 23 17:05:53.617375 ubuntu-vm kernel: usbcore: registered new interface driver usbfs
Mar 23 17:05:53.617381 ubuntu-vm kernel: usbcore: registered new interface driver hub
Mar 23 17:05:53.617386 ubuntu-vm kernel: usbcore: registered new device driver usb
Mar 23 17:05:53.617392 ubuntu-vm kernel: pps_core: LinuxPPS API ver. 1 registered
Mar 23 17:05:53.617399 ubuntu-vm kernel: pps_core: Software ver. 5.3.6 - Copyright 2005-2007 Rodolfo Giometti <giometti@linux.it>
Mar 23 17:05:53.617404 ubuntu-vm kernel: PTP clock support registered
Mar 23 17:05:53.617410 ubuntu-vm kernel: EDAC MC: Ver: 3.0.0
Mar 23 17:05:53.617416 ubuntu-vm kernel: NetLabel: Initializing
Mar 23 17:05:53.617421 ubuntu-vm kernel: NetLabel:  domain hash size = 128
Mar 23 17:05:53.617427 ubuntu-vm kernel: NetLabel:  protocols = UNLABELED CIPSOv4 CALIPSO
Mar 23 17:05:53.617432 ubuntu-vm kernel: NetLabel:  unlabeled traffic allowed by default
Mar 23 17:05:53.617438 ubuntu-vm kernel: mctp: management component transport protocol core
Mar 23 17:05:53.617443 ubuntu-vm kernel: NET: Registered PF_MCTP protocol family
Mar 23 17:05:53.617449 ubuntu-vm kernel: PCI: Using ACPI for IRQ routing
Mar 23 17:05:53.617454 ubuntu-vm kernel: PCI: pci_cache_line_size set to 64 bytes
Mar 23 17:05:53.617459 ubuntu-vm kernel: e820: reserve RAM buffer [mem 0x0009fc00-0x0009ffff]
Mar 23 17:05:53.617466 ubuntu-vm kernel: e820: reserve RAM buffer [mem 0x7ffd4000-0x7fffffff]
Mar 23 17:05:53.617528 ubuntu-vm kernel: pci 0000:00:01.0: vgaarb: setting as boot VGA device
Mar 23 17:05:53.617589 ubuntu-vm kernel: pci 0000:00:01.0: vgaarb: bridge control possible
Mar 23 17:05:53.617651 ubuntu-vm kernel: pci 0000:00:01.0: vgaarb: VGA device added: decodes=io+mem,owns=io+mem,locks=none
Mar 23 17:05:53.617657 ubuntu-vm kernel: vgaarb: loaded
Mar 23 17:05:53.617663 ubuntu-vm kernel: hpet0: at MMIO 0xfed00000, IRQs 2, 8, 0
Mar 23 17:05:53.617668 ubuntu-vm kernel: hpet0: 3 comparators, 64-bit 100.000000 MHz counter
Mar 23 17:05:53.617674 ubuntu-vm kernel: clocksource: Switched to clocksource kvm-clock
Mar 23 17:05:53.617679 ubuntu-vm kernel: VFS: Disk quotas dquot_6.6.0
Mar 23 17:05:53.617685 ubuntu-vm kernel: VFS: Dquot-cache hash table entries: 512 (order 0, 4096 bytes)
Mar 23 17:05:53.617690 ubuntu-vm kernel: AppArmor: AppArmor Filesystem Enabled
Mar 23 17:05:53.617697 ubuntu-vm kernel: pnp: PnP ACPI init
Mar 23 17:05:53.617759 ubuntu-vm kernel: system 00:05: [mem 0xb0000000-0xbfffffff window] has been reserved
Mar 23 17:05:53.617775 ubuntu-vm kernel: pnp: PnP ACPI: found 6 devices
Mar 23 17:05:53.617780 ubuntu-vm kernel: clocksource: acpi_pm: mask: 0xffffff max_cycles: 0xffffff, max_idle_ns: 2085701024 ns
Mar 23 17:05:53.617786 ubuntu-vm kernel: NET: Registered PF_INET protocol family
Mar 23 17:05:53.617797 ubuntu-vm kernel: IP idents hash table entries: 262144 (order: 9, 2097152 bytes, linear)
Mar 23 17:05:53.617805 ubuntu-vm kernel: tcp_listen_portaddr_hash hash table entries: 16384 (order: 6, 262144 bytes, linear)
Mar 23 17:05:53.617814 ubuntu-vm kernel: Table-perturb hash table entries: 65536 (order: 6, 262144 bytes, linear)
Mar 23 17:05:53.617824 ubuntu-vm kernel: TCP established hash table entries: 262144 (order: 9, 2097152 bytes, linear)
Mar 23 17:05:53.617831 ubuntu-vm kernel: TCP bind hash table entries: 65536 (order: 9, 2097152 bytes, linear)
Mar 23 17:05:53.617836 ubuntu-vm kernel: TCP: Hash tables configured (established 262144 bind 65536)
Mar 23 17:05:53.617844 ubuntu-vm kernel: MPTCP token hash table entries: 32768 (order: 7, 786432 bytes, linear)
Mar 23 17:05:53.617849 ubuntu-vm kernel: UDP hash table entries: 16384 (order: 7, 524288 bytes, linear)
Mar 23 17:05:53.617858 ubuntu-vm kernel: UDP-Lite hash table entries: 16384 (order: 7, 524288 bytes, linear)
Mar 23 17:05:53.617866 ubuntu-vm kernel: NET: Registered PF_UNIX/PF_LOCAL protocol family
Mar 23 17:05:53.617873 ubuntu-vm kernel: NET: Registered PF_XDP protocol family
Mar 23 17:05:53.617960 ubuntu-vm kernel: pci 0000:00:02.0: bridge window [io  0x1000-0x0fff] to [bus 01] add_size 1000
Mar 23 17:05:53.618041 ubuntu-vm kernel: pci 0000:00:02.0: bridge window [io  0x1000-0x1fff]: assigned
Mar 23 17:05:53.618143 ubuntu-vm kernel: pci 0000:00:02.0: PCI bridge to [bus 01]
Mar 23 17:05:53.618221 ubuntu-vm kernel: pci 0000:00:02.0:   bridge window [io  0x1000-0x1fff]
Mar 23 17:05:53.618304 ubuntu-vm kernel: pci 0000:00:02.0:   bridge window [mem 0xfe800000-0xfe9fffff]
Mar 23 17:05:53.618384 ubuntu-vm kernel: pci 0000:00:02.0:   bridge window [mem 0x380000000000-0x3807ffffffff 64bit pref]
Mar 23 17:05:53.618442 ubuntu-vm kernel: pci_bus 0000:00: resource 4 [io  0x0000-0x0cf7 window]
Mar 23 17:05:53.618507 ubuntu-vm kernel: pci_bus 0000:00: resource 5 [io  0x0d00-0xffff window]
Mar 23 17:05:53.618566 ubuntu-vm kernel: pci_bus 0000:00: resource 6 [mem 0x000a0000-0x000bffff window]
Mar 23 17:05:53.618619 ubuntu-vm kernel: pci_bus 0000:00: resource 7 [mem 0x80000000-0xafffffff window]
Mar 23 17:05:53.618672 ubuntu-vm kernel: pci_bus 0000:00: resource 8 [mem 0xc0000000-0xfebfffff window]
Mar 23 17:05:53.618716 ubuntu-vm kernel: pci_bus 0000:00: resource 9 [mem 0x380000000000-0x380800007fff window]
Mar 23 17:05:53.618789 ubuntu-vm kernel: pci_bus 0000:01: resource 0 [io  0x1000-0x1fff]
Mar 23 17:05:53.618852 ubuntu-vm kernel: pci_bus 0000:01: resource 1 [mem 0xfe800000-0xfe9fffff]
Mar 23 17:05:53.618916 ubuntu-vm kernel: pci_bus 0000:01: resource 2 [mem 0x380000000000-0x3807ffffffff 64bit pref]
Mar 23 17:05:53.618923 ubuntu-vm kernel: PCI: CLS 0 bytes, default 64
Mar 23 17:05:53.618929 ubuntu-vm kernel: PCI-DMA: Using software bounce buffering for IO (SWIOTLB)
Mar 23 17:05:53.618938 ubuntu-vm kernel: Trying to unpack rootfs image as initramfs...
Mar 23 17:05:53.618947 ubuntu-vm kernel: software IO TLB: mapped [mem 0x000000007bfd4000-0x000000007ffd4000] (64MB)
Mar 23 17:05:53.618955 ubuntu-vm kernel: pin_based_exec_ctrl unsupported with eVMCS: 0x40
Mar 23 17:05:53.618964 ubuntu-vm kernel: cpu_based_2nd_exec_ctrl unsupported with eVMCS: 0x4000
Mar 23 17:05:53.618973 ubuntu-vm kernel: pin_based_exec_ctrl 0x16
Mar 23 17:05:53.618988 ubuntu-vm kernel: cpu_based_exec_ctrl 0x9401e176
Mar 23 17:05:53.618997 ubuntu-vm kernel: cpu_based_2nd_exec_ctrl 0x410102a
Mar 23 17:05:53.619006 ubuntu-vm kernel: vmexit_ctrl 0x3f7fff
Mar 23 17:05:53.619013 ubuntu-vm kernel: vmentry_ctrl 0xf3ff
Mar 23 17:05:53.619019 ubuntu-vm kernel: pkvm: mitigated CPU bug spectre_v1
Mar 23 17:05:53.619025 ubuntu-vm kernel: pkvm: cannot mitigate CPU bug spectre_v2
Mar 23 17:05:53.619032 ubuntu-vm kernel: pkvm: mitigated CPU bug spec_store_bypass
Mar 23 17:05:53.619038 ubuntu-vm kernel: pkvm: mitigated CPU bug swapgs
Mar 23 17:05:53.619046 ubuntu-vm kernel: pkvm: cannot mitigate CPU bug bhi
Mar 23 17:05:53.619055 ubuntu-vm kernel: pkvm: unmitigated cpu bug spectre_v2
Mar 23 17:05:53.619064 ubuntu-vm kernel: pkvm: unmitigated cpu bug taa
Mar 23 17:05:53.619072 ubuntu-vm kernel: pkvm: unmitigated cpu bug eibrs_pbrsb
Mar 23 17:05:53.619082 ubuntu-vm kernel: pkvm: unmitigated cpu bug bhi
Mar 23 17:05:53.619102 ubuntu-vm kernel: pkvm: unmitigated cpu bug ibpb_no_ret
Mar 23 17:05:53.619111 ubuntu-vm kernel: pkvm: unmitigated cpu bug its
Mar 23 17:05:53.619119 ubuntu-vm kernel: pkvm: in total has 6 unmitigated cpu bugs
Mar 23 17:05:53.619127 ubuntu-vm kernel: pkvm: allow pkvm to run with unmitigated CPU bugs
Mar 23 17:05:53.619136 ubuntu-vm kernel: pkvm: to prevent pkvm running on such CPU, reboot with kvm-intel.pkvm_relax_cpu_bugs=false
Mar 23 17:05:53.619144 ubuntu-vm kernel: pkvm_host_deprivilege_cpu: CPU3 in guest mode
Mar 23 17:05:53.619153 ubuntu-vm kernel: pkvm_host_deprivilege_cpu: CPU0 in guest mode
Mar 23 17:05:53.619160 ubuntu-vm kernel: pkvm_host_deprivilege_cpu: CPU30 in guest mode
Mar 23 17:05:53.619166 ubuntu-vm kernel: pkvm_host_deprivilege_cpu: CPU2 in guest mode
Mar 23 17:05:53.619172 ubuntu-vm kernel: pkvm_host_deprivilege_cpu: CPU9 in guest mode
Mar 23 17:05:53.619177 ubuntu-vm kernel: pkvm_host_deprivilege_cpu: CPU1 in guest mode
Mar 23 17:05:53.619182 ubuntu-vm kernel: pkvm_host_deprivilege_cpu: CPU11 in guest mode
Mar 23 17:05:53.619188 ubuntu-vm kernel: pkvm_host_deprivilege_cpu: CPU6 in guest mode
Mar 23 17:05:53.619195 ubuntu-vm kernel: pkvm_host_deprivilege_cpu: CPU4 in guest mode
Mar 23 17:05:53.619206 ubuntu-vm kernel: pkvm_host_deprivilege_cpu: CPU10 in guest mode
Mar 23 17:05:53.619215 ubuntu-vm kernel: pkvm_host_deprivilege_cpu: CPU8 in guest mode
Mar 23 17:05:53.619223 ubuntu-vm kernel: pkvm_host_deprivilege_cpu: CPU7 in guest mode
Mar 23 17:05:53.619228 ubuntu-vm kernel: pkvm_host_deprivilege_cpu: CPU5 in guest mode
Mar 23 17:05:53.619234 ubuntu-vm kernel: pkvm_host_deprivilege_cpu: CPU14 in guest mode
Mar 23 17:05:53.619239 ubuntu-vm kernel: pkvm_host_deprivilege_cpu: CPU21 in guest mode
Mar 23 17:05:53.619245 ubuntu-vm kernel: pkvm_host_deprivilege_cpu: CPU13 in guest mode
Mar 23 17:05:53.619254 ubuntu-vm kernel: pkvm_host_deprivilege_cpu: CPU12 in guest mode
Mar 23 17:05:53.619262 ubuntu-vm kernel: pkvm_host_deprivilege_cpu: CPU23 in guest mode
Mar 23 17:05:53.619270 ubuntu-vm kernel: pkvm_host_deprivilege_cpu: CPU22 in guest mode
Mar 23 17:05:53.619279 ubuntu-vm kernel: pkvm_host_deprivilege_cpu: CPU18 in guest mode
Mar 23 17:05:53.619284 ubuntu-vm kernel: pkvm_host_deprivilege_cpu: CPU31 in guest mode
Mar 23 17:05:53.619290 ubuntu-vm kernel: pkvm_host_deprivilege_cpu: CPU19 in guest mode
Mar 23 17:05:53.619296 ubuntu-vm kernel: pkvm_host_deprivilege_cpu: CPU24 in guest mode
Mar 23 17:05:53.619302 ubuntu-vm kernel: pkvm_host_deprivilege_cpu: CPU20 in guest mode
Mar 23 17:05:53.619307 ubuntu-vm kernel: pkvm_host_deprivilege_cpu: CPU15 in guest mode
Mar 23 17:05:53.619313 ubuntu-vm kernel: pkvm_host_deprivilege_cpu: CPU25 in guest mode
Mar 23 17:05:53.619318 ubuntu-vm kernel: pkvm_host_deprivilege_cpu: CPU27 in guest mode
Mar 23 17:05:53.619326 ubuntu-vm kernel: pkvm_host_deprivilege_cpu: CPU26 in guest mode
Mar 23 17:05:53.619334 ubuntu-vm kernel: pkvm_host_deprivilege_cpu: CPU16 in guest mode
Mar 23 17:05:53.619342 ubuntu-vm kernel: pkvm_host_deprivilege_cpu: CPU17 in guest mode
Mar 23 17:05:53.619353 ubuntu-vm kernel: pkvm_host_deprivilege_cpu: CPU29 in guest mode
Mar 23 17:05:53.619361 ubuntu-vm kernel: pkvm_host_deprivilege_cpu: CPU28 in guest mode
Mar 23 17:05:53.619370 ubuntu-vm kernel: pkvm_host_deprivilege_cpus: all cpus are in guest mode!
Mar 23 17:05:53.619381 ubuntu-vm kernel: pkvm: pkvm_init_iommu: iommu_pool init mem_base=0x561d14000 nr_pages=18144
Mar 23 17:05:53.619391 ubuntu-vm kernel: Freeing initrd memory: 48484K
Mar 23 17:05:53.619397 ubuntu-vm kernel: pkvm: about to init IOMMU: enable_pkvm=1 pkvm_enabled=1 ret=0
Mar 23 17:05:53.619402 ubuntu-vm kernel: DMAR: No RMRR found
Mar 23 17:05:53.619408 ubuntu-vm kernel: DMAR: No SATC found
Mar 23 17:05:53.619413 ubuntu-vm kernel: DMAR: dmar0: Using Queued invalidation
Mar 23 17:05:53.619419 ubuntu-vm kernel: DMAR: pkvm-debug: iommu0 set_root_entry: pkvm_enabled=1 enable_pkvm=1 tsc_khz=2800000 timeout_cycles=28000000000
Mar 23 17:05:53.619425 ubuntu-vm kernel: pkvm: iommu0: RTADDR write 0x102c98000
Mar 23 17:05:53.619430 ubuntu-vm kernel: pkvm: iommu0: GCMD write 0x46000000 (gsts=0x7000000 rta=0x102c98000)
Mar 23 17:05:53.619436 ubuntu-vm kernel: pkvm: iommu0: SRTP request (gsts=0x7000000 rta=0x102c98000)
Mar 23 17:05:53.619442 ubuntu-vm kernel: pkvm: activate_iommu: iommu0 enter (reg_phys=0xfed90000 reg_size=0x1000 cap=0xd2008c222f0606 ecap=0xf00f5e sm=0 coherent=0 activated=0)
Mar 23 17:05:53.619448 ubuntu-vm kernel: pkvm: initialize_qi: iommu0 enter (qi_desc=0000000000000000 qies=1 iqa(v)=0x0 iqa(hw)=0x10035a000 head=0xa0 tail=0xa0)
Mar 23 17:05:53.619453 ubuntu-vm kernel: pkvm: initialize_qi: iommu0 done (qi_desc=00000000dbe19959 qi_desc_status=00000000e2ccf43f)
Mar 23 17:05:53.619458 ubuntu-vm kernel: pkvm: activate_iommu: iommu0 initialize_qi ret=0
Mar 23 17:05:53.619468 ubuntu-vm kernel: pkvm: activate_iommu: iommu0 initialize_iommu_pgt ret=0 (root_pa=0x561d17000)
Mar 23 17:05:53.619477 ubuntu-vm kernel: pkvm: activate_iommu: iommu0 sync_shadow_id ret=0
Mar 23 17:05:53.619485 ubuntu-vm kernel: pkvm: activate_iommu: iommu0 set_root_table done
Mar 23 17:05:53.619494 ubuntu-vm kernel: pkvm: activate_iommu: iommu0 host_ept_unmap reg_phys=[0xfed90000-0xfed90fff] size=0x1000
Mar 23 17:05:53.619503 ubuntu-vm kernel: pkvm: activate_iommu: iommu0 host_ept_unmap ret=0
Mar 23 17:05:53.619512 ubuntu-vm kernel: pkvm: activate_iommu: iommu0 activated
Mar 23 17:05:53.619517 ubuntu-vm kernel: pkvm: iommu0: SRTP done, set RTPS (gsts=0x47000000)
Mar 23 17:05:53.619522 ubuntu-vm kernel: DMAR: IOMMU batching disallowed due to virtualization
Mar 23 17:05:53.619608 ubuntu-vm kernel: pci 0000:00:00.0: Adding to iommu group 0
Mar 23 17:05:53.619698 ubuntu-vm kernel: pci 0000:00:01.0: Adding to iommu group 1
Mar 23 17:05:53.619780 ubuntu-vm kernel: pci 0000:00:02.0: Adding to iommu group 2
Mar 23 17:05:53.619866 ubuntu-vm kernel: pci 0000:00:03.0: Adding to iommu group 3
Mar 23 17:05:53.619936 ubuntu-vm kernel: pci 0000:00:04.0: Adding to iommu group 4
Mar 23 17:05:53.620032 ubuntu-vm kernel: pci 0000:00:05.0: Adding to iommu group 5
Mar 23 17:05:53.620134 ubuntu-vm kernel: pci 0000:00:1f.0: Adding to iommu group 6
Mar 23 17:05:53.620217 ubuntu-vm kernel: pci 0000:00:1f.2: Adding to iommu group 6
Mar 23 17:05:53.620288 ubuntu-vm kernel: pci 0000:00:1f.3: Adding to iommu group 6
Mar 23 17:05:53.620379 ubuntu-vm kernel: pci 0000:01:00.0: Adding to iommu group 7
Mar 23 17:05:53.620390 ubuntu-vm kernel: pkvm: iommu0: GCMD write 0x86000000 (gsts=0x47000000 rta=0x102c98000)
Mar 23 17:05:53.620398 ubuntu-vm kernel: DMAR: Intel(R) Virtualization Technology for Directed I/O
Mar 23 17:05:53.620405 ubuntu-vm kernel: clocksource: tsc: mask: 0xffffffffffffffff max_cycles: 0x285c40e2248, max_idle_ns: 440795340634 ns
Mar 23 17:05:53.620413 ubuntu-vm kernel: Initialise system trusted keyrings
Mar 23 17:05:53.620422 ubuntu-vm kernel: Key type blacklist registered
Mar 23 17:05:53.620430 ubuntu-vm kernel: workingset: timestamp_bits=36 max_order=23 bucket_order=0
Mar 23 17:05:53.620438 ubuntu-vm kernel: zbud: loaded
Mar 23 17:05:53.620450 ubuntu-vm kernel: squashfs: version 4.0 (2009/01/31) Phillip Lougher
Mar 23 17:05:53.620459 ubuntu-vm kernel: fuse: init (API version 7.41)
Mar 23 17:05:53.620467 ubuntu-vm kernel: integrity: Platform Keyring initialized
Mar 23 17:05:53.620474 ubuntu-vm kernel: integrity: Machine keyring initialized
Mar 23 17:05:53.620482 ubuntu-vm kernel: Key type asymmetric registered
Mar 23 17:05:53.620488 ubuntu-vm kernel: Asymmetric key parser 'x509' registered
Mar 23 17:05:53.620494 ubuntu-vm kernel: Block layer SCSI generic (bsg) driver version 0.4 loaded (major 243)
Mar 23 17:05:53.620499 ubuntu-vm kernel: io scheduler mq-deadline registered
Mar 23 17:05:53.620504 ubuntu-vm kernel: ledtrig-cpu: registered to indicate activity on CPUs
Mar 23 17:05:53.620510 ubuntu-vm kernel: ACPI: \_SB_.GSIG: Enabled at IRQ 22
Mar 23 17:05:53.620575 ubuntu-vm kernel: pcieport 0000:00:02.0: PME: Signaling with IRQ 25
Mar 23 17:05:53.620641 ubuntu-vm kernel: pcieport 0000:00:02.0: AER: enabled with IRQ 25
Mar 23 17:05:53.620648 ubuntu-vm kernel: shpchp: Standard Hot Plug PCI Controller Driver version: 0.4
Mar 23 17:05:53.620653 ubuntu-vm kernel: input: Power Button as /devices/LNXSYSTM:00/LNXPWRBN:00/input/input0
Mar 23 17:05:53.620659 ubuntu-vm kernel: ACPI: button: Power Button [PWRF]
Mar 23 17:05:53.620665 ubuntu-vm kernel: ACPI: \_SB_.GSIE: Enabled at IRQ 20
Mar 23 17:05:53.620670 ubuntu-vm kernel: ACPI: \_SB_.GSIF: Enabled at IRQ 21
Mar 23 17:05:53.620676 ubuntu-vm kernel: Serial: 8250/16550 driver, 32 ports, IRQ sharing enabled
Mar 23 17:05:53.620681 ubuntu-vm kernel: 00:03: ttyS0 at I/O 0x3f8 (irq = 4, base_baud = 115200) is a 16550A
Mar 23 17:05:53.620687 ubuntu-vm kernel: Linux agpgart interface v0.103
Mar 23 17:05:53.620692 ubuntu-vm kernel: ACPI: bus type drm_connector registered
Mar 23 17:05:53.620697 ubuntu-vm kernel: loop: module loaded
Mar 23 17:05:53.620751 ubuntu-vm kernel: virtio_blk virtio1: 32/0/0 default/read/poll queues
Mar 23 17:05:53.620806 ubuntu-vm kernel: virtio_blk virtio1: [vda] 671088640 512-byte logical blocks (344 GB/320 GiB)
Mar 23 17:05:53.620813 ubuntu-vm kernel:  vda: vda1 vda14 vda15 vda16
Mar 23 17:05:53.620818 ubuntu-vm kernel: tun: Universal TUN/TAP device driver, 1.6
Mar 23 17:05:53.620824 ubuntu-vm kernel: PPP generic driver version 2.4.2
Mar 23 17:05:53.620830 ubuntu-vm kernel: i8042: PNP: PS/2 Controller [PNP0303:KBD,PNP0f13:MOU] at 0x60,0x64 irq 1,12
Mar 23 17:05:53.620835 ubuntu-vm kernel: serio: i8042 KBD port at 0x60,0x64 irq 1
Mar 23 17:05:53.620840 ubuntu-vm kernel: serio: i8042 AUX port at 0x60,0x64 irq 12
Mar 23 17:05:53.620846 ubuntu-vm kernel: mousedev: PS/2 mouse device common for all mice
Mar 23 17:05:53.620894 ubuntu-vm kernel: rtc_cmos 00:04: RTC can wake from S4
Mar 23 17:05:53.620903 ubuntu-vm kernel: input: AT Translated Set 2 keyboard as /devices/platform/i8042/serio0/input/input1
Mar 23 17:05:53.620950 ubuntu-vm kernel: rtc_cmos 00:04: registered as rtc0
Mar 23 17:05:53.621006 ubuntu-vm kernel: rtc_cmos 00:04: setting system clock to 2026-03-23T17:05:51 UTC (1774285551)
Mar 23 17:05:53.621054 ubuntu-vm kernel: rtc_cmos 00:04: alarms up to one day, y3k, 242 bytes nvram, hpet irqs
Mar 23 17:05:53.621062 ubuntu-vm kernel: i2c_dev: i2c /dev entries driver
Mar 23 17:05:53.621067 ubuntu-vm kernel: device-mapper: core: CONFIG_IMA_DISABLE_HTABLE is disabled. Duplicate IMA measurements will not be recorded in the IMA log.
Mar 23 17:05:53.621073 ubuntu-vm kernel: device-mapper: uevent: version 1.0.3
Mar 23 17:05:53.621079 ubuntu-vm kernel: device-mapper: ioctl: 4.48.0-ioctl (2023-03-01) initialised: dm-devel@lists.linux.dev
Mar 23 17:05:53.621084 ubuntu-vm kernel: intel_pstate: CPU model not supported
Mar 23 17:05:53.621100 ubuntu-vm kernel: drop_monitor: Initializing network drop monitor service
Mar 23 17:05:53.621105 ubuntu-vm kernel: NET: Registered PF_INET6 protocol family
Mar 23 17:05:53.621113 ubuntu-vm kernel: Segment Routing with IPv6
Mar 23 17:05:53.621118 ubuntu-vm kernel: In-situ OAM (IOAM) with IPv6
Mar 23 17:05:53.621124 ubuntu-vm kernel: NET: Registered PF_PACKET protocol family
Mar 23 17:05:53.621129 ubuntu-vm kernel: Key type dns_resolver registered
Mar 23 17:05:53.621134 ubuntu-vm kernel: IPI shorthand broadcast: enabled
Mar 23 17:05:53.621140 ubuntu-vm kernel: sched_clock: Marking stable (1578000988, 150341140)->(1809299188, -80957060)
Mar 23 17:05:53.621146 ubuntu-vm kernel: registered taskstats version 1
Mar 23 17:05:53.621151 ubuntu-vm kernel: Loading compiled-in X.509 certificates
Mar 23 17:05:53.621157 ubuntu-vm kernel: Loaded X.509 cert 'Build time autogenerated kernel key: 5780c177e0cc65f6f2128f153c255f2b1c3781d7'
Mar 23 17:05:53.621162 ubuntu-vm kernel: Demotion targets for Node 0: null
Mar 23 17:05:53.621168 ubuntu-vm kernel: Key type .fscrypt registered
Mar 23 17:05:53.621173 ubuntu-vm kernel: Key type fscrypt-provisioning registered
Mar 23 17:05:53.621180 ubuntu-vm kernel: cryptd: max_cpu_qlen set to 1000
Mar 23 17:05:53.621186 ubuntu-vm kernel: AES CTR mode by8 optimization enabled
Mar 23 17:05:53.621191 ubuntu-vm kernel: Key type encrypted registered
Mar 23 17:05:53.621196 ubuntu-vm kernel: AppArmor: AppArmor sha256 policy hashing enabled
Mar 23 17:05:53.621202 ubuntu-vm kernel: ima: No TPM chip found, activating TPM-bypass!
Mar 23 17:05:53.621207 ubuntu-vm kernel: Loading compiled-in module X.509 certificates
Mar 23 17:05:53.621213 ubuntu-vm kernel: Loaded X.509 cert 'Build time autogenerated kernel key: 5780c177e0cc65f6f2128f153c255f2b1c3781d7'
Mar 23 17:05:53.621219 ubuntu-vm kernel: ima: Allocated hash algorithm: sha256
Mar 23 17:05:53.621224 ubuntu-vm kernel: ima: No architecture policies found
Mar 23 17:05:53.621230 ubuntu-vm kernel: evm: Initialising EVM extended attributes:
Mar 23 17:05:53.621235 ubuntu-vm kernel: evm: security.selinux
Mar 23 17:05:53.621241 ubuntu-vm kernel: evm: security.SMACK64
Mar 23 17:05:53.621246 ubuntu-vm kernel: evm: security.SMACK64EXEC
Mar 23 17:05:53.621253 ubuntu-vm kernel: evm: security.SMACK64TRANSMUTE
Mar 23 17:05:53.621259 ubuntu-vm kernel: evm: security.SMACK64MMAP
Mar 23 17:05:53.621264 ubuntu-vm kernel: evm: security.apparmor
Mar 23 17:05:53.621269 ubuntu-vm kernel: evm: security.ima
Mar 23 17:05:53.621275 ubuntu-vm kernel: evm: security.capability
Mar 23 17:05:53.621280 ubuntu-vm kernel: evm: HMAC attrs: 0x1
Mar 23 17:05:53.621286 ubuntu-vm kernel: PM:   Magic number: 2:28:88
Mar 23 17:05:53.621291 ubuntu-vm kernel: RAS: Correctable Errors collector initialized.
Mar 23 17:05:53.621297 ubuntu-vm kernel: clk: Disabling unused clocks
Mar 23 17:05:53.621303 ubuntu-vm kernel: PM: genpd: Disabling unused power domains
Mar 23 17:05:53.621310 ubuntu-vm kernel: Freeing unused decrypted memory: 2028K
Mar 23 17:05:53.621315 ubuntu-vm kernel: Freeing unused kernel image (initmem) memory: 5212K
Mar 23 17:05:53.621322 ubuntu-vm kernel: Write protecting the kernel read-only data: 34816k
Mar 23 17:05:53.621328 ubuntu-vm kernel: Freeing unused kernel image (text/rodata gap) memory: 1860K
Mar 23 17:05:53.621334 ubuntu-vm kernel: Freeing unused kernel image (rodata/data gap) memory: 1476K
Mar 23 17:05:53.621339 ubuntu-vm kernel: x86/mm: Checked W+X mappings: passed, no W+X pages found.
Mar 23 17:05:53.621345 ubuntu-vm kernel: Run /init as init process
Mar 23 17:05:53.621350 ubuntu-vm kernel:   with arguments:
Mar 23 17:05:53.621356 ubuntu-vm kernel:     /init
Mar 23 17:05:53.621361 ubuntu-vm kernel:   with environment:
Mar 23 17:05:53.621367 ubuntu-vm kernel:     HOME=/
Mar 23 17:05:53.621372 ubuntu-vm kernel:     TERM=linux
Mar 23 17:05:53.621378 ubuntu-vm kernel:     BOOT_IMAGE=/vmlinuz-6.12.0-pkvm-ia
Mar 23 17:05:53.621387 ubuntu-vm kernel: e1000: Intel(R) PRO/1000 Network Driver
Mar 23 17:05:53.621397 ubuntu-vm kernel: e1000: Copyright (c) 1999-2006 Intel Corporation.
Mar 23 17:05:53.621407 ubuntu-vm kernel: input: VirtualPS/2 VMware VMMouse as /devices/platform/i8042/serio1/input/input4
Mar 23 17:05:53.621416 ubuntu-vm kernel: ACPI: \_SB_.GSIH: Enabled at IRQ 23
Mar 23 17:05:53.621425 ubuntu-vm kernel: input: VirtualPS/2 VMware VMMouse as /devices/platform/i8042/serio1/input/input3
Mar 23 17:05:53.621519 ubuntu-vm kernel: ahci 0000:00:1f.2: version 3.0
Mar 23 17:05:53.621530 ubuntu-vm kernel: ACPI: \_SB_.GSIA: Enabled at IRQ 16
Mar 23 17:05:53.621609 ubuntu-vm kernel: ahci 0000:00:1f.2: AHCI vers 0001.0000, 32 command slots, 1.5 Gbps, SATA mode
Mar 23 17:05:53.621689 ubuntu-vm kernel: ahci 0000:00:1f.2: 6/6 ports implemented (port mask 0x3f)
Mar 23 17:05:53.621769 ubuntu-vm kernel: ahci 0000:00:1f.2: flags: 64bit ncq only 
Mar 23 17:05:53.621847 ubuntu-vm kernel: bochs-drm 0000:00:01.0: vgaarb: deactivate vga console
Mar 23 17:05:53.621929 ubuntu-vm kernel: scsi host0: ahci
Mar 23 17:05:53.622022 ubuntu-vm kernel: scsi host1: ahci
Mar 23 17:05:53.622111 ubuntu-vm kernel: scsi host2: ahci
Mar 23 17:05:53.622189 ubuntu-vm kernel: scsi host3: ahci
Mar 23 17:05:53.622266 ubuntu-vm kernel: scsi host4: ahci
Mar 23 17:05:53.622338 ubuntu-vm kernel: scsi host5: ahci
Mar 23 17:05:53.622345 ubuntu-vm kernel: ata1: SATA max UDMA/133 abar m4096@0xfeab4000 port 0xfeab4100 irq 61 lpm-pol 0
Mar 23 17:05:53.622351 ubuntu-vm kernel: ata2: SATA max UDMA/133 abar m4096@0xfeab4000 port 0xfeab4180 irq 61 lpm-pol 0
Mar 23 17:05:53.622357 ubuntu-vm kernel: ata3: SATA max UDMA/133 abar m4096@0xfeab4000 port 0xfeab4200 irq 61 lpm-pol 0
Mar 23 17:05:53.622365 ubuntu-vm kernel: ata4: SATA max UDMA/133 abar m4096@0xfeab4000 port 0xfeab4280 irq 61 lpm-pol 0
Mar 23 17:05:53.622370 ubuntu-vm kernel: ata5: SATA max UDMA/133 abar m4096@0xfeab4000 port 0xfeab4300 irq 61 lpm-pol 0
Mar 23 17:05:53.622378 ubuntu-vm kernel: ata6: SATA max UDMA/133 abar m4096@0xfeab4000 port 0xfeab4380 irq 61 lpm-pol 0
Mar 23 17:05:53.622387 ubuntu-vm kernel: Console: switching to colour dummy device 80x25
Mar 23 17:05:53.622469 ubuntu-vm kernel: nvme nvme0: pci function 0000:01:00.0
Mar 23 17:05:53.622481 ubuntu-vm kernel: [drm] Found bochs VGA, ID 0xb0c5.
Mar 23 17:05:53.622487 ubuntu-vm kernel: [drm] Framebuffer size 16384 kB @ 0xfd000000, mmio @ 0xfeab0000.
Mar 23 17:05:53.622496 ubuntu-vm kernel: [drm] Found EDID data blob.
Mar 23 17:05:53.622504 ubuntu-vm kernel: [drm] Initialized bochs-drm 1.0.0 for 0000:00:01.0 on minor 0
Mar 23 17:05:53.622511 ubuntu-vm kernel: fbcon: bochs-drmdrmfb (fb0) is primary device
Mar 23 17:05:53.622523 ubuntu-vm kernel: Console: switching to colour frame buffer device 160x50
Mar 23 17:05:53.622611 ubuntu-vm kernel: bochs-drm 0000:00:01.0: [drm] fb0: bochs-drmdrmfb frame buffer device
Mar 23 17:05:53.622681 ubuntu-vm kernel: nvme nvme0: 32/0/0 default/read/poll queues
Mar 23 17:05:53.622739 ubuntu-vm kernel: nvme nvme0: Ignoring bogus Namespace Identifiers
Mar 23 17:05:53.622749 ubuntu-vm kernel: ata1: SATA link down (SStatus 0 SControl 300)
Mar 23 17:05:53.622758 ubuntu-vm kernel: ata5: SATA link down (SStatus 0 SControl 300)
Mar 23 17:05:53.622765 ubuntu-vm kernel: ata6: SATA link down (SStatus 0 SControl 300)
Mar 23 17:05:53.622770 ubuntu-vm kernel: ata3: SATA link up 1.5 Gbps (SStatus 113 SControl 300)
Mar 23 17:05:53.622779 ubuntu-vm kernel: ata4: SATA link down (SStatus 0 SControl 300)
Mar 23 17:05:53.622789 ubuntu-vm kernel: ata2: SATA link down (SStatus 0 SControl 300)
Mar 23 17:05:53.622794 ubuntu-vm kernel: ata3.00: ATAPI: QEMU DVD-ROM, 2.5+, max UDMA/100
Mar 23 17:05:53.622800 ubuntu-vm kernel: ata3.00: applying bridge limits
Mar 23 17:05:53.622807 ubuntu-vm kernel: ata3.00: configured for UDMA/100
Mar 23 17:05:53.622892 ubuntu-vm kernel: scsi 2:0:0:0: CD-ROM            QEMU     QEMU DVD-ROM     2.5+ PQ: 0 ANSI: 5
Mar 23 17:05:53.622988 ubuntu-vm kernel: e1000 0000:00:03.0 eth0: (PCI:33MHz:32-bit) 52:54:00:12:34:56
Mar 23 17:05:53.623058 ubuntu-vm kernel: e1000 0000:00:03.0 eth0: Intel(R) PRO/1000 Network Connection
Mar 23 17:05:53.623183 ubuntu-vm kernel: sr 2:0:0:0: [sr0] scsi3-mmc drive: 4x/4x cd/rw xa/form2 tray
Mar 23 17:05:53.623191 ubuntu-vm kernel: cdrom: Uniform CD-ROM driver Revision: 3.20
Mar 23 17:05:53.623251 ubuntu-vm kernel: sr 2:0:0:0: Attached scsi CD-ROM sr0
Mar 23 17:05:53.623311 ubuntu-vm kernel: sr 2:0:0:0: Attached scsi generic sg0 type 5
Mar 23 17:05:53.623377 ubuntu-vm kernel: e1000 0000:00:03.0 enp0s3: renamed from eth0
Mar 23 17:05:53.623384 ubuntu-vm kernel: raid6: avx512x4 gen() 30117 MB/s
Mar 23 17:05:53.623391 ubuntu-vm kernel: raid6: avx512x2 gen() 31334 MB/s
Mar 23 17:05:53.623397 ubuntu-vm kernel: raid6: avx512x1 gen() 23850 MB/s
Mar 23 17:05:53.623402 ubuntu-vm kernel: raid6: avx2x4   gen() 32588 MB/s
Mar 23 17:05:53.623407 ubuntu-vm kernel: raid6: avx2x2   gen() 34426 MB/s
Mar 23 17:05:53.623413 ubuntu-vm kernel: raid6: avx2x1   gen() 27471 MB/s
Mar 23 17:05:53.623418 ubuntu-vm kernel: raid6: using algorithm avx2x2 gen() 34426 MB/s
Mar 23 17:05:53.623424 ubuntu-vm kernel: raid6: .... xor() 24733 MB/s, rmw enabled
Mar 23 17:05:53.623429 ubuntu-vm kernel: raid6: using avx512x2 recovery algorithm
Mar 23 17:05:53.623435 ubuntu-vm kernel: xor: automatically using best checksumming function   avx       
Mar 23 17:05:53.623441 ubuntu-vm kernel: async_tx: api initialized (async)
Mar 23 17:05:53.623446 ubuntu-vm kernel: Btrfs loaded, zoned=yes, fsverity=yes
Mar 23 17:05:53.623452 ubuntu-vm kernel: EXT4-fs (vda1): mounted filesystem 0905329d-4022-4692-bb5d-b614c117dd8c ro with ordered data mode. Quota mode: none.
Mar 23 17:05:53.623460 ubuntu-vm systemd[1]: Inserted module 'autofs4'
Mar 23 17:05:53.623469 ubuntu-vm systemd[1]: systemd 255.4-1ubuntu8.11 running in system mode (+PAM +AUDIT +SELINUX +APPARMOR +IMA +SMACK +SECCOMP +GCRYPT -GNUTLS +OPENSSL +ACL +BLKID +CURL +ELFUTILS +FIDO2 +IDN2 -IDN +IPTC +KMOD +LIBCRYPTSETUP +LIBFDISK +PCRE2 -PWQUALITY +P11KIT +QRENCODE +TPM2 +BZIP2 +LZ4 +XZ +ZLIB +ZSTD -BPF_FRAMEWORK -XKBCOMMON +UTMP +SYSVINIT default-hierarchy=unified)
Mar 23 17:05:53.623476 ubuntu-vm systemd[1]: Detected virtualization kvm.
Mar 23 17:05:53.623483 ubuntu-vm systemd[1]: Detected architecture x86-64.
Mar 23 17:05:53.623489 ubuntu-vm systemd[1]: Hostname set to <ubuntu-vm>.
Mar 23 17:05:53.623495 ubuntu-vm systemd[1]: Queued start job for default target graphical.target.
Mar 23 17:05:53.623501 ubuntu-vm systemd[1]: Created slice system-modprobe.slice - Slice /system/modprobe.
Mar 23 17:05:53.623508 ubuntu-vm systemd[1]: Created slice system-serial\x2dgetty.slice - Slice /system/serial-getty.
Mar 23 17:05:53.623514 ubuntu-vm systemd[1]: Created slice system-systemd\x2dfsck.slice - Slice /system/systemd-fsck.
Mar 23 17:05:53.623522 ubuntu-vm systemd[1]: Created slice user.slice - User and Session Slice.
Mar 23 17:05:53.623528 ubuntu-vm systemd[1]: Started systemd-ask-password-wall.path - Forward Password Requests to Wall Directory Watch.
Mar 23 17:05:53.623534 ubuntu-vm systemd[1]: Set up automount proc-sys-fs-binfmt_misc.automount - Arbitrary Executable File Formats File System Automount Point.
Mar 23 17:05:53.623541 ubuntu-vm systemd[1]: Expecting device dev-disk-by\x2dlabel-BOOT.device - /dev/disk/by-label/BOOT...
Mar 23 17:05:53.623547 ubuntu-vm systemd[1]: Expecting device dev-disk-by\x2dlabel-UEFI.device - /dev/disk/by-label/UEFI...
Mar 23 17:05:53.623553 ubuntu-vm systemd[1]: Expecting device dev-ttyS0.device - /dev/ttyS0...
Mar 23 17:05:53.623559 ubuntu-vm systemd[1]: Reached target integritysetup.target - Local Integrity Protected Volumes.
Mar 23 17:05:53.623565 ubuntu-vm systemd[1]: Reached target slices.target - Slice Units.
Mar 23 17:05:53.623571 ubuntu-vm systemd[1]: Reached target snapd.mounts-pre.target - Mounting snaps.
Mar 23 17:05:53.623577 ubuntu-vm systemd[1]: Reached target snapd.mounts.target - Mounted snaps.
Mar 23 17:05:53.623585 ubuntu-vm systemd[1]: Reached target swap.target - Swaps.
Mar 23 17:05:53.623591 ubuntu-vm systemd[1]: Reached target veritysetup.target - Local Verity Protected Volumes.
Mar 23 17:05:53.623597 ubuntu-vm systemd[1]: Listening on dm-event.socket - Device-mapper event daemon FIFOs.
Mar 23 17:05:53.623603 ubuntu-vm systemd[1]: Listening on lvm2-lvmpolld.socket - LVM2 poll daemon socket.
Mar 23 17:05:53.623609 ubuntu-vm systemd[1]: Listening on multipathd.socket - multipathd control socket.
Mar 23 17:05:53.623615 ubuntu-vm systemd[1]: Listening on syslog.socket - Syslog Socket.
Mar 23 17:05:53.623621 ubuntu-vm systemd[1]: Listening on systemd-fsckd.socket - fsck to fsckd communication Socket.
Mar 23 17:05:53.623627 ubuntu-vm systemd[1]: Listening on systemd-initctl.socket - initctl Compatibility Named Pipe.
Mar 23 17:05:53.623633 ubuntu-vm systemd[1]: Listening on systemd-journald-dev-log.socket - Journal Socket (/dev/log).
Mar 23 17:05:53.623639 ubuntu-vm systemd[1]: Listening on systemd-journald.socket - Journal Socket.
Mar 23 17:05:53.623647 ubuntu-vm systemd[1]: Listening on systemd-networkd.socket - Network Service Netlink Socket.
Mar 23 17:05:53.623654 ubuntu-vm systemd[1]: systemd-pcrextend.socket - TPM2 PCR Extension (Varlink) was skipped because of an unmet condition check (ConditionSecurity=measured-uki).
Mar 23 17:05:53.623660 ubuntu-vm systemd[1]: Listening on systemd-udevd-control.socket - udev Control Socket.
Mar 23 17:05:53.623666 ubuntu-vm systemd[1]: Listening on systemd-udevd-kernel.socket - udev Kernel Socket.
Mar 23 17:05:53.623672 ubuntu-vm systemd[1]: Mounting dev-hugepages.mount - Huge Pages File System...
Mar 23 17:05:53.623678 ubuntu-vm systemd[1]: Mounting dev-mqueue.mount - POSIX Message Queue File System...
Mar 23 17:05:53.623684 ubuntu-vm systemd[1]: Mounting sys-kernel-debug.mount - Kernel Debug File System...
Mar 23 17:05:53.623690 ubuntu-vm systemd[1]: Mounting sys-kernel-tracing.mount - Kernel Trace File System...
Mar 23 17:05:53.623696 ubuntu-vm systemd[1]: Starting systemd-journald.service - Journal Service...
Mar 23 17:05:53.623702 ubuntu-vm systemd[1]: Starting keyboard-setup.service - Set the console keyboard layout...
Mar 23 17:05:53.623708 ubuntu-vm systemd[1]: Starting kmod-static-nodes.service - Create List of Static Device Nodes...
Mar 23 17:05:53.623716 ubuntu-vm systemd[1]: Starting lvm2-monitor.service - Monitoring of LVM2 mirrors, snapshots etc. using dmeventd or progress polling...
Mar 23 17:05:53.623722 ubuntu-vm systemd[1]: Starting modprobe@configfs.service - Load Kernel Module configfs...
Mar 23 17:05:53.623728 ubuntu-vm systemd[1]: Starting modprobe@dm_mod.service - Load Kernel Module dm_mod...
Mar 23 17:05:53.623734 ubuntu-vm systemd[1]: Starting modprobe@drm.service - Load Kernel Module drm...
Mar 23 17:05:53.623756 ubuntu-vm systemd-journald[609]: Collecting audit messages is disabled.
Mar 23 17:05:53.623773 ubuntu-vm systemd[1]: Starting modprobe@efi_pstore.service - Load Kernel Module efi_pstore...
Mar 23 17:05:53.623779 ubuntu-vm systemd[1]: Starting modprobe@fuse.service - Load Kernel Module fuse...
Mar 23 17:05:53.623785 ubuntu-vm systemd[1]: Starting modprobe@loop.service - Load Kernel Module loop...
Mar 23 17:05:53.623792 ubuntu-vm systemd[1]: netplan-ovs-cleanup.service - OpenVSwitch configuration for cleanup was skipped because of an unmet condition check (ConditionFileIsExecutable=/usr/bin/ovs-vsctl).
Mar 23 17:05:53.623798 ubuntu-vm systemd[1]: systemd-fsck-root.service - File System Check on Root Device was skipped because of an unmet condition check (ConditionPathExists=!/run/initramfs/fsck-root).
Mar 23 17:05:53.627109 ubuntu-vm systemd[1]: Starting systemd-modules-load.service - Load Kernel Modules...
Mar 23 17:05:53.630109 ubuntu-vm systemd[1]: systemd-pcrmachine.service - TPM2 PCR Machine ID Measurement was skipped because of an unmet condition check (ConditionSecurity=measured-uki).
Mar 23 17:05:53.633111 ubuntu-vm systemd[1]: Starting systemd-remount-fs.service - Remount Root and Kernel File Systems...
Mar 23 17:05:53.636105 ubuntu-vm systemd[1]: systemd-tpm2-setup-early.service - TPM2 SRK Setup (Early) was skipped because of an unmet condition check (ConditionSecurity=measured-uki).
Mar 23 17:05:53.640115 ubuntu-vm systemd[1]: Starting systemd-udev-trigger.service - Coldplug All udev Devices...
Mar 23 17:05:53.645113 ubuntu-vm systemd[1]: Started systemd-journald.service - Journal Service.
Mar 23 17:05:53.671112 ubuntu-vm kernel: EXT4-fs (vda1): re-mounted 0905329d-4022-4692-bb5d-b614c117dd8c r/w. Quota mode: none.
Mar 23 17:05:53.737575 ubuntu-vm systemd-journald[609]: Received client request to flush runtime journal.
Mar 23 17:05:53.737609 ubuntu-vm systemd-journald[609]: /var/log/journal/9dce3dfe526f4a8cb553b21502da7d2a/system.journal: Journal file uses a different sequence number ID, rotating.
Mar 23 17:05:53.737625 ubuntu-vm systemd-journald[609]: Rotating system journal.
Mar 23 17:05:53.847145 ubuntu-vm kernel: e1000 0000:00:03.0 enp0s2: renamed from enp0s3
Mar 23 17:05:53.853115 ubuntu-vm kernel: lpc_ich 0000:00:1f.0: I/O space for GPIO uninitialized
Mar 23 17:05:53.876103 ubuntu-vm kernel: i801_smbus 0000:00:1f.3: SMBus using PCI interrupt
Mar 23 17:05:53.877576 ubuntu-vm kernel: i2c i2c-0: Memory type 0x07 not supported yet, not instantiating SPD
Mar 23 17:05:53.877753 ubuntu-vm kernel: parport_pc 00:02: reported by Plug and Play ACPI
Mar 23 17:05:53.972341 ubuntu-vm kernel: parport0: PC-style at 0x378, irq 7 [PCSPP,TRISTATE]
Mar 23 17:05:53.972361 ubuntu-vm kernel: RAPL PMU: API unit is 2^-32 Joules, 1 fixed counters, 10737418240 ms ovfl timer
Mar 23 17:05:53.972372 ubuntu-vm kernel: RAPL PMU: hw unit of domain psys 2^-0 Joules
Mar 23 17:05:53.972382 ubuntu-vm kernel: EXT4-fs (vda16): mounted filesystem 2bab0d29-6c12-4665-83d4-f986119f946f r/w with ordered data mode. Quota mode: none.
Mar 23 17:05:53.977135 ubuntu-vm kernel: ppdev: user-space parallel port driver
Mar 23 17:05:54.046108 ubuntu-vm kernel: audit: type=1400 audit(1774285554.045:2): apparmor="STATUS" operation="profile_load" profile="unconfined" name="keybase" pid=892 comm="apparmor_parser"
Mar 23 17:05:54.046136 ubuntu-vm kernel: audit: type=1400 audit(1774285554.045:3): apparmor="STATUS" operation="profile_load" profile="unconfined" name="1password" pid=863 comm="apparmor_parser"
Mar 23 17:05:54.046147 ubuntu-vm kernel: audit: type=1400 audit(1774285554.045:4): apparmor="STATUS" operation="profile_load" profile="unconfined" name="goldendict" pid=889 comm="apparmor_parser"
Mar 23 17:05:54.046156 ubuntu-vm kernel: audit: type=1400 audit(1774285554.045:5): apparmor="STATUS" operation="profile_load" profile="unconfined" name="kchmviewer" pid=891 comm="apparmor_parser"
Mar 23 17:05:54.046164 ubuntu-vm kernel: audit: type=1400 audit(1774285554.045:6): apparmor="STATUS" operation="profile_load" profile="unconfined" name="loupe" pid=896 comm="apparmor_parser"
Mar 23 17:05:54.046180 ubuntu-vm kernel: audit: type=1400 audit(1774285554.045:7): apparmor="STATUS" operation="profile_load" profile="unconfined" name="devhelp" pid=879 comm="apparmor_parser"
Mar 23 17:05:54.046188 ubuntu-vm kernel: audit: type=1400 audit(1774285554.045:8): apparmor="STATUS" operation="profile_load" profile="unconfined" name="epiphany" pid=881 comm="apparmor_parser"
Mar 23 17:05:54.046198 ubuntu-vm kernel: audit: type=1400 audit(1774285554.045:9): apparmor="STATUS" operation="profile_load" profile="unconfined" name="foliate" pid=885 comm="apparmor_parser"
Mar 23 17:05:54.046214 ubuntu-vm kernel: audit: type=1400 audit(1774285554.045:10): apparmor="STATUS" operation="profile_load" profile="unconfined" name="evolution" pid=882 comm="apparmor_parser"
Mar 23 17:05:54.178190 ubuntu-vm kernel: cfg80211: Loading compiled-in X.509 certificates for regulatory database
Mar 23 17:05:54.178210 ubuntu-vm kernel: Loaded X.509 cert 'sforshee: 00b28ddf47aef9cea7'
Mar 23 17:05:54.179967 ubuntu-vm kernel: Loaded X.509 cert 'wens: 61c038651aabdcf94bd0ac7ff06c7248db18c600'
Mar 23 17:05:54.179981 ubuntu-vm kernel: platform regulatory.0: Direct firmware load for regulatory.db failed with error -2
Mar 23 17:05:54.180112 ubuntu-vm kernel: cfg80211: failed to load regulatory.db
Mar 23 17:05:54.410533 ubuntu-vm kernel: e1000: enp0s2 NIC Link is Up 1000 Mbps Full Duplex, Flow Control: RX
Mar 23 17:05:54.530140 ubuntu-vm kernel: loop0: detected capacity change from 0 to 8
Mar 23 17:05:54.544158 ubuntu-vm kernel: NET: Registered PF_QIPCRTR protocol family
Mar 23 17:05:56.655167 ubuntu-vm kernel: kauditd_printk_skb: 113 callbacks suppressed
Mar 23 17:05:56.655220 ubuntu-vm kernel: audit: type=1400 audit(1774285556.654:124): apparmor="STATUS" operation="profile_load" profile="unconfined" name="docker-default" pid=1206 comm="apparmor_parser"
Mar 23 17:05:57.114159 ubuntu-vm kernel: Initializing XFRM netlink socket
Mar 23 17:05:57.130119 ubuntu-vm kernel: bridge: filtering via arp/ip/ip6tables is no longer available by default. Update your scripts to load br_netfilter if you need this.
Mar 23 17:06:06.785121 ubuntu-vm kernel: VFIO - User Level meta-driver version: 0.3
