Apr 27 07:23:09 ubuntu-vm kernel: cfg80211: failed to load regulatory.db
Apr 27 07:23:09 ubuntu-vm kernel: e1000: enp0s2 NIC Link is Up 1000 Mbps Full Duplex, Flow Control: RX
Apr 27 07:23:09 ubuntu-vm kernel: loop0: detected capacity change from 0 to 8
Apr 27 07:23:09 ubuntu-vm kernel: NET: Registered PF_QIPCRTR protocol family
Apr 27 07:23:10 ubuntu-vm systemd-journald[616]: /var/log/journal/9dce3dfe526f4a8cb553b21502da7d2a/user-1000.journal: Journal file uses a different sequence number ID, rotating.
Apr 27 07:23:10 ubuntu-vm kernel: kauditd_printk_skb: 114 callbacks suppressed
Apr 27 07:23:10 ubuntu-vm kernel: audit: type=1400 audit(1777274590.796:125): apparmor="STATUS" operation="profile_load" profile="unconfined" name="docker-default" pid=1247 comm="apparmor_parser"
Apr 27 07:23:11 ubuntu-vm kernel: Initializing XFRM netlink socket
Apr 27 07:23:11 ubuntu-vm kernel: bridge: filtering via arp/ip/ip6tables is no longer available by default. Update your scripts to load br_netfilter if you need this.
Apr 27 07:25:15 ubuntu-vm kernel: VFIO - User Level meta-driver version: 0.3
Apr 27 07:25:34 ubuntu-vm kernel: pkvm-debug: first-owner table full; suppressing further overflow logs
Apr 27 07:25:51 ubuntu-vm kernel: clocksource: Long readout interval, skipping watchdog check: cs_nsec: 2546686590 wd_nsec: 2546686615
Apr 27 07:26:32 ubuntu-vm kernel: clocksource: Long readout interval, skipping watchdog check: cs_nsec: 7943133859 wd_nsec: 7943133760
Apr 27 07:28:39 ubuntu-vm kernel: nvme nvme0: pci function 0000:01:00.0
Apr 27 07:28:39 ubuntu-vm kernel: nvme nvme0: 32/0/0 default/read/poll queues
Apr 27 07:28:39 ubuntu-vm kernel: nvme nvme0: Ignoring bogus Namespace Identifiers
Apr 27 07:37:18 ubuntu-vm kernel: e1000 0000:00:03.0 enp0s2: Detected Tx Unit Hang
                                    Tx Queue             <0>
                                    TDH                  <7b>
                                    TDT                  <7b>
                                    next_to_use          <7c>
                                    next_to_clean        <7b>
                                  buffer_info[next_to_clean]
                                    time_stamp           <100086ec2>
                                    next_to_watch        <7b>
                                    jiffies              <100087343>
                                    next_to_watch.status <0>
Apr 27 07:37:22 ubuntu-vm kernel: e1000 0000:00:03.0 enp0s2: Detected Tx Unit Hang
                                    Tx Queue             <0>
                                    TDH                  <8a>
                                    TDT                  <8a>
                                    next_to_use          <8b>
                                    next_to_clean        <8a>
                                  buffer_info[next_to_clean]
                                    time_stamp           <100087b36>
                                    next_to_watch        <8a>
                                    jiffies              <100088345>
                                    next_to_watch.status <0>
Apr 27 07:37:24 ubuntu-vm kernel: e1000 0000:00:03.0 enp0s2: Detected Tx Unit Hang
                                    Tx Queue             <0>
                                    TDH                  <8a>
                                    TDT                  <8a>
                                    next_to_use          <8b>
                                    next_to_clean        <8a>
                                  buffer_info[next_to_clean]
                                    time_stamp           <100087b36>
                                    next_to_watch        <8a>
                                    jiffies              <100088b44>
                                    next_to_watch.status <0>
Apr 27 07:38:31 ubuntu-vm kernel: sched: DL replenish lagged too much
Apr 27 07:39:33 ubuntu-vm kernel: e1000 0000:00:03.0 enp0s2: Detected Tx Unit Hang
                                    Tx Queue             <0>
                                    TDH                  <94>
                                    TDT                  <94>
                                    next_to_use          <95>
                                    next_to_clean        <94>
                                  buffer_info[next_to_clean]
                                    time_stamp           <1000a7a0a>
                                    next_to_watch        <94>
                                    jiffies              <1000a8001>
                                    next_to_watch.status <0>
Apr 27 07:39:37 ubuntu-vm kernel: e1000 0000:00:03.0 enp0s2: Detected Tx Unit Hang
                                    Tx Queue             <0>
                                    TDH                  <ba>
                                    TDT                  <ba>
                                    next_to_use          <bb>
                                    next_to_clean        <ba>
                                  buffer_info[next_to_clean]
                                    time_stamp           <1000a8704>
                                    next_to_watch        <ba>
                                    jiffies              <1000a9002>
                                    next_to_watch.status <0>
Apr 27 07:39:39 ubuntu-vm kernel: e1000 0000:00:03.0 enp0s2: Detected Tx Unit Hang
                                    Tx Queue             <0>
                                    TDH                  <ba>
                                    TDT                  <ba>
                                    next_to_use          <bb>
                                    next_to_clean        <ba>
                                  buffer_info[next_to_clean]
                                    time_stamp           <1000a8704>
                                    next_to_watch        <ba>
                                    jiffies              <1000a9804>
                                    next_to_watch.status <0>
Apr 27 07:40:50 ubuntu-vm kernel: nvme nvme0: pci function 0000:01:00.0
Apr 27 07:40:50 ubuntu-vm kernel: nvme nvme0: 32/0/0 default/read/poll queues
Apr 27 07:40:50 ubuntu-vm kernel: nvme nvme0: Ignoring bogus Namespace Identifiers
